<html>
<body>
<pre>
<h1>µVision Build Log</h1>
<h2>Tool Versions:</h2>
IDE-Version: µVision V5.40.0.0
Copyright (C) 2024 ARM Ltd and ARM Germany GmbH. All rights reserved.
License Information: Fedor Zhuk, Digitalgate, LIC=----
 
Tool Versions:
Toolchain:       MDK-Lite  Version: 5.40.0.3
Toolchain Path:  C:\Users\Fedor\AppData\Local\Keil_v5\ARM\ARMCLANG\Bin
C Compiler:      ArmClang.exe V6.22
Assembler:       Armasm.exe V6.22
Linker/Locator:  ArmLink.exe V6.22
Library Manager: ArmAr.exe V6.22
Hex Converter:   FromElf.exe V6.22
CPU DLL:         SARMCM3.DLL V5.40.0.3
Dialog DLL:      DARMCM1.DLL V1.19.6.0
Target DLL:      STLink\ST-LINKIII-KEIL_SWO.dll V3.3.0.0
Dialog DLL:      TARMCM1.DLL V1.14.6.0
 
<h2>Project:</h2>
C:\Users\Fedor\Documents\GitHub\Tacho\Soft\PY32_Tacho\PY32_Tacho.uvprojx
Project File Date:  08/18/2024

<h2>Output:</h2>
*** Using Compiler 'V6.22', folder: 'C:\Users\Fedor\AppData\Local\Keil_v5\ARM\ARMCLANG\Bin'
Build target 'Target 1'
Objects/main.c(185): warning: unused parameter 'htim' [-Wunused-parameter]
  185 | void HAL_TIM_TriggerCallback(TIM_HandleTypeDef *htim)
      |                                                 ^
Objects/main.c(197): warning: unused parameter 'htim' [-Wunused-parameter]
  197 | void HAL_TIM_PeriodElapsedCallback(TIM_HandleTypeDef *htim)
      |                                                       ^
2 warnings generated.
compiling main.c...
linking...
Program Size: Code=7224 RO-data=884 RW-data=204 ZI-data=1192  
".\Objects\PY32_Tacho.axf" - 0 Error(s), 2 Warning(s).

<h2>Software Packages used:</h2>

Package Vendor: ARM
                https://www.keil.com/pack/ARM.CMSIS.6.1.0.pack
                ARM::CMSIS@6.1.0
                CMSIS (Common Microcontroller Software Interface Standard)
   * Component: CORE Version: 6.1.0

Package Vendor: Puya
                https://www.puyasemi.com/uploadfiles/Puya.PY32F0xx_DFP.1.2.1.pack
                Puya::PY32F0xx_DFP@1.2.1
                Puya PY32F0 Series Device Support
   * Component: Startup Version: 1.0.0

<h2>Collection of Component include folders:</h2>
  ./RTE/_Target_1
  C:/Users/Fedor/AppData/Local/Arm/Packs/ARM/CMSIS/6.1.0/CMSIS/Core/Include
  C:/Users/Fedor/AppData/Local/Arm/Packs/Puya/PY32F0xx_DFP/1.2.1/Drivers/CMSIS/Device/PY32F0xx/Include

<h2>Collection of Component Files used:</h2>

   * Component: ARM::CMSIS:CORE@6.1.0

   * Component: Puya::Device:Startup@1.0.0
      Source file:   Drivers/CMSIS/Device/PY32F0xx/Source/system_py32f0xx.c
      Source file:   Drivers/CMSIS/Device/PY32F0xx/Source/arm/startup_py32f002ax5.s
      Include file:  Drivers/CMSIS/Device/PY32F0xx/Include/py32f0xx.h
Build Time Elapsed:  00:00:01
</pre>
</body>
</html>
