Component: Arm Compiler for Embedded 6.22 Tool: armlink [5ee90200]

==============================================================================

Section Cross References

    main.o(.text.display_revolutions) refers to aeabi_sdiv.o(.text) for __aeabi_uidivmod
    main.o(.text.display_revolutions) refers to main.o(.bss.buffer) for buffer
    main.o(.ARM.exidx.text.display_revolutions) refers to main.o(.text.display_revolutions) for [Anonymous Symbol]
    main.o(.text.main) refers to py32f0xx_hal.o(.text.HAL_Init) for HAL_Init
    main.o(.text.main) refers to main.o(.text.APP_SystemClockConfig) for APP_SystemClockConfig
    main.o(.text.main) refers to main.o(.text.gpioInit) for gpioInit
    main.o(.text.main) refers to main.o(.text.timerDisplayInit) for timerDisplayInit
    main.o(.text.main) refers to main.o(.text.timerMeasureInit) for timerMeasureInit
    main.o(.ARM.exidx.text.main) refers to main.o(.text.main) for [Anonymous Symbol]
    main.o(.text.APP_SystemClockConfig) refers to py32f0xx_hal_rcc.o(.text.HAL_RCC_OscConfig) for HAL_RCC_OscConfig
    main.o(.text.APP_SystemClockConfig) refers to main.o(.text.APP_ErrorHandler) for APP_ErrorHandler
    main.o(.text.APP_SystemClockConfig) refers to py32f0xx_hal_rcc.o(.text.HAL_RCC_ClockConfig) for HAL_RCC_ClockConfig
    main.o(.ARM.exidx.text.APP_SystemClockConfig) refers to main.o(.text.APP_SystemClockConfig) for [Anonymous Symbol]
    main.o(.text.gpioInit) refers to py32f0xx_hal_gpio.o(.text.HAL_GPIO_Init) for HAL_GPIO_Init
    main.o(.text.gpioInit) refers to py32f0xx_hal_gpio.o(.text.HAL_GPIO_WritePin) for HAL_GPIO_WritePin
    main.o(.ARM.exidx.text.gpioInit) refers to main.o(.text.gpioInit) for [Anonymous Symbol]
    main.o(.text.timerDisplayInit) refers to py32f0xx_hal_tim.o(.text.HAL_TIM_Base_Init) for HAL_TIM_Base_Init
    main.o(.text.timerDisplayInit) refers to main.o(.text.APP_ErrorHandler) for APP_ErrorHandler
    main.o(.text.timerDisplayInit) refers to main.o(.bss.tim16DisplayHandle) for tim16DisplayHandle
    main.o(.ARM.exidx.text.timerDisplayInit) refers to main.o(.text.timerDisplayInit) for [Anonymous Symbol]
    main.o(.text.timerMeasureInit) refers to py32f0xx_hal_tim.o(.text.HAL_TIM_IC_Init) for HAL_TIM_IC_Init
    main.o(.text.timerMeasureInit) refers to main.o(.text.APP_ErrorHandler) for APP_ErrorHandler
    main.o(.text.timerMeasureInit) refers to py32f0xx_hal_tim.o(.text.HAL_TIM_SlaveConfigSynchro_IT) for HAL_TIM_SlaveConfigSynchro_IT
    main.o(.text.timerMeasureInit) refers to py32f0xx_hal_tim.o(.text.HAL_TIM_IC_ConfigChannel) for HAL_TIM_IC_ConfigChannel
    main.o(.text.timerMeasureInit) refers to py32f0xx_hal_tim.o(.text.TIM_CCxChannelCmd) for TIM_CCxChannelCmd
    main.o(.text.timerMeasureInit) refers to py32f0xx_hal_tim.o(.text.HAL_TIM_IC_Start_IT) for HAL_TIM_IC_Start_IT
    main.o(.text.timerMeasureInit) refers to main.o(.bss.tim1MeasureHandle) for tim1MeasureHandle
    main.o(.ARM.exidx.text.timerMeasureInit) refers to main.o(.text.timerMeasureInit) for [Anonymous Symbol]
    main.o(.ARM.exidx.text.APP_ErrorHandler) refers to main.o(.text.APP_ErrorHandler) for [Anonymous Symbol]
    main.o(.text.HAL_TIM_TriggerCallback) refers to py32f0xx_hal_tim.o(.text.HAL_TIM_ReadCapturedValue) for HAL_TIM_ReadCapturedValue
    main.o(.text.HAL_TIM_TriggerCallback) refers to aeabi_sdiv.o(.text) for __aeabi_uidiv
    main.o(.text.HAL_TIM_TriggerCallback) refers to main.o(.text.display_revolutions) for display_revolutions
    main.o(.text.HAL_TIM_TriggerCallback) refers to py32f0xx_hal_tim.o(.text.HAL_TIM_Base_Start_IT) for HAL_TIM_Base_Start_IT
    main.o(.text.HAL_TIM_TriggerCallback) refers to main.o(.text.APP_ErrorHandler) for APP_ErrorHandler
    main.o(.text.HAL_TIM_TriggerCallback) refers to main.o(.bss.tim1MeasureHandle) for tim1MeasureHandle
    main.o(.text.HAL_TIM_TriggerCallback) refers to main.o(.bss.tim16DisplayHandle) for tim16DisplayHandle
    main.o(.ARM.exidx.text.HAL_TIM_TriggerCallback) refers to main.o(.text.HAL_TIM_TriggerCallback) for [Anonymous Symbol]
    main.o(.text.HAL_TIM_PeriodElapsedCallback) refers to py32f0xx_hal_tim.o(.text.HAL_TIM_Base_Start_IT) for HAL_TIM_Base_Start_IT
    main.o(.text.HAL_TIM_PeriodElapsedCallback) refers to main.o(.text.APP_ErrorHandler) for APP_ErrorHandler
    main.o(.text.HAL_TIM_PeriodElapsedCallback) refers to main.o(.bss.HAL_TIM_PeriodElapsedCallback.sym) for [Anonymous Symbol]
    main.o(.text.HAL_TIM_PeriodElapsedCallback) refers to main.o(.bss.buffer) for buffer
    main.o(.text.HAL_TIM_PeriodElapsedCallback) refers to main.o(.bss.HAL_TIM_PeriodElapsedCallback.col) for [Anonymous Symbol]
    main.o(.text.HAL_TIM_PeriodElapsedCallback) refers to tachofont.o(.rodata.TachoFont) for TachoFont
    main.o(.text.HAL_TIM_PeriodElapsedCallback) refers to main.o(.bss.tim16DisplayHandle) for tim16DisplayHandle
    main.o(.ARM.exidx.text.HAL_TIM_PeriodElapsedCallback) refers to main.o(.text.HAL_TIM_PeriodElapsedCallback) for [Anonymous Symbol]
[...]
    Removing py32f0xx_hal_pwr.o(.ARM.exidx.text.HAL_PWR_EnterSLEEPMode), (8 bytes).
    Removing py32f0xx_hal_pwr.o(.text.HAL_PWR_EnterSTOPMode), (100 bytes).
    Removing py32f0xx_hal_pwr.o(.ARM.exidx.text.HAL_PWR_EnterSTOPMode), (8 bytes).
    Removing py32f0xx_hal_pwr.o(.text.HAL_PWR_EnableSleepOnExit), (16 bytes).
    Removing py32f0xx_hal_pwr.o(.ARM.exidx.text.HAL_PWR_EnableSleepOnExit), (8 bytes).
    Removing py32f0xx_hal_pwr.o(.text.HAL_PWR_DisableSleepOnExit), (16 bytes).
    Removing py32f0xx_hal_pwr.o(.ARM.exidx.text.HAL_PWR_DisableSleepOnExit), (8 bytes).
    Removing py32f0xx_hal_pwr.o(.text.HAL_PWR_EnableSEVOnPend), (16 bytes).
    Removing py32f0xx_hal_pwr.o(.ARM.exidx.text.HAL_PWR_EnableSEVOnPend), (8 bytes).
    Removing py32f0xx_hal_pwr.o(.text.HAL_PWR_DisableSEVOnPend), (16 bytes).
    Removing py32f0xx_hal_pwr.o(.ARM.exidx.text.HAL_PWR_DisableSEVOnPend), (8 bytes).
    Removing py32f0xx_hal_rcc.o(.text), (0 bytes).
    Removing py32f0xx_hal_rcc.o(.text.HAL_RCC_DeInit), (228 bytes).
    Removing py32f0xx_hal_rcc.o(.ARM.exidx.text.HAL_RCC_DeInit), (8 bytes).
    Removing py32f0xx_hal_rcc.o(.ARM.exidx.text.HAL_RCC_OscConfig), (8 bytes).
    Removing py32f0xx_hal_rcc.o(.ARM.exidx.text.HAL_RCC_GetSysClockFreq), (8 bytes).
    Removing py32f0xx_hal_rcc.o(.ARM.exidx.text.HAL_RCC_ClockConfig), (8 bytes).
    Removing py32f0xx_hal_rcc.o(.text.HAL_RCC_MCOConfig), (408 bytes).
    Removing py32f0xx_hal_rcc.o(.ARM.exidx.text.HAL_RCC_MCOConfig), (8 bytes).
    Removing py32f0xx_hal_rcc.o(.text.HAL_RCC_GetHCLKFreq), (12 bytes).
    Removing py32f0xx_hal_rcc.o(.ARM.exidx.text.HAL_RCC_GetHCLKFreq), (8 bytes).
    Removing py32f0xx_hal_rcc.o(.text.HAL_RCC_GetPCLK1Freq), (40 bytes).
    Removing py32f0xx_hal_rcc.o(.ARM.exidx.text.HAL_RCC_GetPCLK1Freq), (8 bytes).
    Removing py32f0xx_hal_rcc.o(.text.HAL_RCC_GetOscConfig), (180 bytes).
    Removing py32f0xx_hal_rcc.o(.ARM.exidx.text.HAL_RCC_GetOscConfig), (8 bytes).
    Removing py32f0xx_hal_rcc.o(.text.HAL_RCC_GetClockConfig), (68 bytes).
    Removing py32f0xx_hal_rcc.o(.ARM.exidx.text.HAL_RCC_GetClockConfig), (8 bytes).
    Removing py32f0xx_hal_rcc.o(.text.HAL_RCC_EnableCSS), (20 bytes).
    Removing py32f0xx_hal_rcc.o(.ARM.exidx.text.HAL_RCC_EnableCSS), (8 bytes).
    Removing py32f0xx_hal_rcc.o(.text.HAL_RCC_NMI_IRQHandler), (52 bytes).
    Removing py32f0xx_hal_rcc.o(.ARM.exidx.text.HAL_RCC_NMI_IRQHandler), (8 bytes).
    Removing py32f0xx_hal_rcc.o(.text.HAL_RCC_CSSCallback), (2 bytes).
    Removing py32f0xx_hal_rcc.o(.ARM.exidx.text.HAL_RCC_CSSCallback), (8 bytes).
    Removing py32f0xx_hal_rcc_ex.o(.text), (0 bytes).
    Removing py32f0xx_hal_rcc_ex.o(.text.HAL_RCCEx_PeriphCLKConfig), (112 bytes).
    Removing py32f0xx_hal_rcc_ex.o(.ARM.exidx.text.HAL_RCCEx_PeriphCLKConfig), (8 bytes).
    Removing py32f0xx_hal_rcc_ex.o(.text.HAL_RCCEx_GetPeriphCLKConfig), (52 bytes).
    Removing py32f0xx_hal_rcc_ex.o(.ARM.exidx.text.HAL_RCCEx_GetPeriphCLKConfig), (8 bytes).
    Removing py32f0xx_hal_rcc_ex.o(.text.HAL_RCCEx_GetPeriphCLKFreq), (200 bytes).
    Removing py32f0xx_hal_rcc_ex.o(.ARM.exidx.text.HAL_RCCEx_GetPeriphCLKFreq), (8 bytes).
    Removing py32f0xx_hal_rcc_ex.o(.text.HAL_RCCEx_EnableLSCO), (136 bytes).
    Removing py32f0xx_hal_rcc_ex.o(.ARM.exidx.text.HAL_RCCEx_EnableLSCO), (8 bytes).
    Removing py32f0xx_hal_rtc.o(.text), (0 bytes).
    Removing py32f0xx_hal_rtc_ex.o(.text), (0 bytes).
    Removing py32f0xx_hal_spi.o(.text), (0 bytes).
    Removing py32f0xx_hal_tim.o(.text), (0 bytes).
    Removing py32f0xx_hal_tim.o(.ARM.exidx.text.HAL_TIM_Base_Init), (8 bytes).
    Removing py32f0xx_hal_tim.o(.text.HAL_TIM_Base_MspInit), (8 bytes).
    Removing py32f0xx_hal_tim.o(.ARM.exidx.text.HAL_TIM_Base_MspInit), (8 bytes).
    Removing py32f0xx_hal_tim.o(.ARM.exidx.text.TIM_Base_SetConfig), (8 bytes).
    Removing py32f0xx_hal_tim.o(.text.HAL_TIM_Base_DeInit), (96 bytes).
    Removing py32f0xx_hal_tim.o(.ARM.exidx.text.HAL_TIM_Base_DeInit), (8 bytes).
    Removing py32f0xx_hal_tim.o(.text.HAL_TIM_Base_MspDeInit), (8 bytes).
    Removing py32f0xx_hal_tim.o(.ARM.exidx.text.HAL_TIM_Base_MspDeInit), (8 bytes).
    Removing py32f0xx_hal_tim.o(.text.HAL_TIM_Base_Start), (56 bytes).
    Removing py32f0xx_hal_tim.o(.ARM.exidx.text.HAL_TIM_Base_Start), (8 bytes).
    Removing py32f0xx_hal_tim.o(.text.HAL_TIM_Base_Stop), (80 bytes).
    Removing py32f0xx_hal_tim.o(.ARM.exidx.text.HAL_TIM_Base_Stop), (8 bytes).
    Removing py32f0xx_hal_tim.o(.ARM.exidx.text.HAL_TIM_Base_Start_IT), (8 bytes).
    Removing py32f0xx_hal_tim.o(.text.HAL_TIM_Base_Stop_IT), (80 bytes).
    Removing py32f0xx_hal_tim.o(.ARM.exidx.text.HAL_TIM_Base_Stop_IT), (8 bytes).
    Removing py32f0xx_hal_tim.o(.text.HAL_TIM_OC_Init), (82 bytes).
    Removing py32f0xx_hal_tim.o(.ARM.exidx.text.HAL_TIM_OC_Init), (8 bytes).
    Removing py32f0xx_hal_tim.o(.text.HAL_TIM_OC_MspInit), (8 bytes).
    Removing py32f0xx_hal_tim.o(.ARM.exidx.text.HAL_TIM_OC_MspInit), (8 bytes).
    Removing py32f0xx_hal_tim.o(.text.HAL_TIM_OC_DeInit), (96 bytes).
    Removing py32f0xx_hal_tim.o(.ARM.exidx.text.HAL_TIM_OC_DeInit), (8 bytes).
    Removing py32f0xx_hal_tim.o(.text.HAL_TIM_OC_MspDeInit), (8 bytes).
    Removing py32f0xx_hal_tim.o(.ARM.exidx.text.HAL_TIM_OC_MspDeInit), (8 bytes).
    Removing py32f0xx_hal_tim.o(.text.HAL_TIM_OC_Start), (128 bytes).
    Removing py32f0xx_hal_tim.o(.ARM.exidx.text.HAL_TIM_OC_Start), (8 bytes).
    Removing py32f0xx_hal_tim.o(.ARM.exidx.text.TIM_CCxChannelCmd), (8 bytes).
    Removing py32f0xx_hal_tim.o(.text.HAL_TIM_OC_Stop), (184 bytes).
    Removing py32f0xx_hal_tim.o(.ARM.exidx.text.HAL_TIM_OC_Stop), (8 bytes).
    Removing py32f0xx_hal_tim.o(.text.HAL_TIM_OC_Start_IT), (260 bytes).
    Removing py32f0xx_hal_tim.o(.ARM.exidx.text.HAL_TIM_OC_Start_IT), (8 bytes).
    Removing py32f0xx_hal_tim.o(.text.HAL_TIM_OC_Stop_IT), (316 bytes).
    Removing py32f0xx_hal_tim.o(.ARM.exidx.text.HAL_TIM_OC_Stop_IT), (8 bytes).
    Removing py32f0xx_hal_tim.o(.text.HAL_TIM_PWM_Init), (82 bytes).
    Removing py32f0xx_hal_tim.o(.ARM.exidx.text.HAL_TIM_PWM_Init), (8 bytes).
    Removing py32f0xx_hal_tim.o(.text.HAL_TIM_PWM_MspInit), (8 bytes).
    Removing py32f0xx_hal_tim.o(.ARM.exidx.text.HAL_TIM_PWM_MspInit), (8 bytes).
    Removing py32f0xx_hal_tim.o(.text.HAL_TIM_PWM_DeInit), (96 bytes).
    Removing py32f0xx_hal_tim.o(.ARM.exidx.text.HAL_TIM_PWM_DeInit), (8 bytes).
    Removing py32f0xx_hal_tim.o(.text.HAL_TIM_PWM_MspDeInit), (8 bytes).
    Removing py32f0xx_hal_tim.o(.ARM.exidx.text.HAL_TIM_PWM_MspDeInit), (8 bytes).
    Removing py32f0xx_hal_tim.o(.text.HAL_TIM_PWM_Start), (128 bytes).
    Removing py32f0xx_hal_tim.o(.ARM.exidx.text.HAL_TIM_PWM_Start), (8 bytes).
    Removing py32f0xx_hal_tim.o(.text.HAL_TIM_PWM_Stop), (192 bytes).
    Removing py32f0xx_hal_tim.o(.ARM.exidx.text.HAL_TIM_PWM_Stop), (8 bytes).
    Removing py32f0xx_hal_tim.o(.text.HAL_TIM_PWM_Start_IT), (260 bytes).
    Removing py32f0xx_hal_tim.o(.ARM.exidx.text.HAL_TIM_PWM_Start_IT), (8 bytes).
    Removing py32f0xx_hal_tim.o(.text.HAL_TIM_PWM_Stop_IT), (316 bytes).
    Removing py32f0xx_hal_tim.o(.ARM.exidx.text.HAL_TIM_PWM_Stop_IT), (8 bytes).
    Removing py32f0xx_hal_tim.o(.ARM.exidx.text.HAL_TIM_IC_Init), (8 bytes).
    Removing py32f0xx_hal_tim.o(.ARM.exidx.text.HAL_TIM_IC_MspInit), (8 bytes).
    Removing py32f0xx_hal_tim.o(.text.HAL_TIM_IC_DeInit), (96 bytes).
    Removing py32f0xx_hal_tim.o(.ARM.exidx.text.HAL_TIM_IC_DeInit), (8 bytes).
    Removing py32f0xx_hal_tim.o(.text.HAL_TIM_IC_MspDeInit), (8 bytes).
    Removing py32f0xx_hal_tim.o(.ARM.exidx.text.HAL_TIM_IC_MspDeInit), (8 bytes).
    Removing py32f0xx_hal_tim.o(.text.HAL_TIM_IC_Start), (60 bytes).
    Removing py32f0xx_hal_tim.o(.ARM.exidx.text.HAL_TIM_IC_Start), (8 bytes).
    Removing py32f0xx_hal_tim.o(.text.HAL_TIM_IC_Stop), (84 bytes).
    Removing py32f0xx_hal_tim.o(.ARM.exidx.text.HAL_TIM_IC_Stop), (8 bytes).
    Removing py32f0xx_hal_tim.o(.ARM.exidx.text.HAL_TIM_IC_Start_IT), (8 bytes).
    Removing py32f0xx_hal_tim.o(.text.HAL_TIM_IC_Stop_IT), (212 bytes).
    Removing py32f0xx_hal_tim.o(.ARM.exidx.text.HAL_TIM_IC_Stop_IT), (8 bytes).
    Removing py32f0xx_hal_tim.o(.text.HAL_TIM_OnePulse_Init), (108 bytes).
    Removing py32f0xx_hal_tim.o(.ARM.exidx.text.HAL_TIM_OnePulse_Init), (8 bytes).
    Removing py32f0xx_hal_tim.o(.text.HAL_TIM_OnePulse_MspInit), (8 bytes).
    Removing py32f0xx_hal_tim.o(.ARM.exidx.text.HAL_TIM_OnePulse_MspInit), (8 bytes).
    Removing py32f0xx_hal_tim.o(.text.HAL_TIM_OnePulse_DeInit), (96 bytes).
    Removing py32f0xx_hal_tim.o(.ARM.exidx.text.HAL_TIM_OnePulse_DeInit), (8 bytes).
    Removing py32f0xx_hal_tim.o(.text.HAL_TIM_OnePulse_MspDeInit), (8 bytes).
    Removing py32f0xx_hal_tim.o(.ARM.exidx.text.HAL_TIM_OnePulse_MspDeInit), (8 bytes).
    Removing py32f0xx_hal_tim.o(.text.HAL_TIM_OnePulse_Start), (108 bytes).
    Removing py32f0xx_hal_tim.o(.ARM.exidx.text.HAL_TIM_OnePulse_Start), (8 bytes).
    Removing py32f0xx_hal_tim.o(.text.HAL_TIM_OnePulse_Stop), (200 bytes).
    Removing py32f0xx_hal_tim.o(.ARM.exidx.text.HAL_TIM_OnePulse_Stop), (8 bytes).
    Removing py32f0xx_hal_tim.o(.text.HAL_TIM_OnePulse_Start_IT), (132 bytes).
    Removing py32f0xx_hal_tim.o(.ARM.exidx.text.HAL_TIM_OnePulse_Start_IT), (8 bytes).
    Removing py32f0xx_hal_tim.o(.text.HAL_TIM_OnePulse_Stop_IT), (224 bytes).
    Removing py32f0xx_hal_tim.o(.ARM.exidx.text.HAL_TIM_OnePulse_Stop_IT), (8 bytes).
    Removing py32f0xx_hal_tim.o(.text.HAL_TIM_Encoder_Init), (276 bytes).
    Removing py32f0xx_hal_tim.o(.ARM.exidx.text.HAL_TIM_Encoder_Init), (8 bytes).
    Removing py32f0xx_hal_tim.o(.text.HAL_TIM_Encoder_MspInit), (8 bytes).
    Removing py32f0xx_hal_tim.o(.ARM.exidx.text.HAL_TIM_Encoder_MspInit), (8 bytes).
    Removing py32f0xx_hal_tim.o(.text.HAL_TIM_Encoder_DeInit), (96 bytes).
    Removing py32f0xx_hal_tim.o(.ARM.exidx.text.HAL_TIM_Encoder_DeInit), (8 bytes).
    Removing py32f0xx_hal_tim.o(.text.HAL_TIM_Encoder_MspDeInit), (8 bytes).
    Removing py32f0xx_hal_tim.o(.ARM.exidx.text.HAL_TIM_Encoder_MspDeInit), (8 bytes).
    Removing py32f0xx_hal_tim.o(.text.HAL_TIM_Encoder_Start), (100 bytes).
    Removing py32f0xx_hal_tim.o(.ARM.exidx.text.HAL_TIM_Encoder_Start), (8 bytes).
    Removing py32f0xx_hal_tim.o(.text.HAL_TIM_Encoder_Stop), (144 bytes).
    Removing py32f0xx_hal_tim.o(.ARM.exidx.text.HAL_TIM_Encoder_Stop), (8 bytes).
    Removing py32f0xx_hal_tim.o(.text.HAL_TIM_Encoder_Start_IT), (152 bytes).
    Removing py32f0xx_hal_tim.o(.ARM.exidx.text.HAL_TIM_Encoder_Start_IT), (8 bytes).
    Removing py32f0xx_hal_tim.o(.text.HAL_TIM_Encoder_Stop_IT), (204 bytes).
    Removing py32f0xx_hal_tim.o(.ARM.exidx.text.HAL_TIM_Encoder_Stop_IT), (8 bytes).
    Removing py32f0xx_hal_tim.o(.ARM.exidx.text.HAL_TIM_IRQHandler), (8 bytes).
    Removing py32f0xx_hal_tim.o(.ARM.exidx.text.HAL_TIM_IC_CaptureCallback), (8 bytes).
    Removing py32f0xx_hal_tim.o(.ARM.exidx.text.HAL_TIM_OC_DelayElapsedCallback), (8 bytes).
    Removing py32f0xx_hal_tim.o(.ARM.exidx.text.HAL_TIM_PWM_PulseFinishedCallback), (8 bytes).
    Removing py32f0xx_hal_tim.o(.text.HAL_TIM_PeriodElapsedCallback), (8 bytes).
    Removing py32f0xx_hal_tim.o(.ARM.exidx.text.HAL_TIM_PeriodElapsedCallback), (8 bytes).
    Removing py32f0xx_hal_tim.o(.text.HAL_TIM_TriggerCallback), (8 bytes).
    Removing py32f0xx_hal_tim.o(.ARM.exidx.text.HAL_TIM_TriggerCallback), (8 bytes).
    Removing py32f0xx_hal_tim.o(.text.HAL_TIM_OC_ConfigChannel), (198 bytes).
    Removing py32f0xx_hal_tim.o(.ARM.exidx.text.HAL_TIM_OC_ConfigChannel), (8 bytes).
    Removing py32f0xx_hal_tim.o(.text.TIM_OC1_SetConfig), (224 bytes).
    Removing py32f0xx_hal_tim.o(.ARM.exidx.text.TIM_OC1_SetConfig), (8 bytes).
    Removing py32f0xx_hal_tim.o(.text.TIM_OC2_SetConfig), (248 bytes).
    Removing py32f0xx_hal_tim.o(.ARM.exidx.text.TIM_OC2_SetConfig), (8 bytes).
    Removing py32f0xx_hal_tim.o(.text.TIM_OC3_SetConfig), (244 bytes).
    Removing py32f0xx_hal_tim.o(.ARM.exidx.text.TIM_OC3_SetConfig), (8 bytes).
    Removing py32f0xx_hal_tim.o(.text.TIM_OC4_SetConfig), (172 bytes).
    Removing py32f0xx_hal_tim.o(.ARM.exidx.text.TIM_OC4_SetConfig), (8 bytes).
    Removing py32f0xx_hal_tim.o(.ARM.exidx.text.HAL_TIM_IC_ConfigChannel), (8 bytes).
    Removing py32f0xx_hal_tim.o(.ARM.exidx.text.TIM_TI1_SetConfig), (8 bytes).
    Removing py32f0xx_hal_tim.o(.ARM.exidx.text.TIM_TI2_SetConfig), (8 bytes).
    Removing py32f0xx_hal_tim.o(.ARM.exidx.text.TIM_TI3_SetConfig), (8 bytes).
    Removing py32f0xx_hal_tim.o(.ARM.exidx.text.TIM_TI4_SetConfig), (8 bytes).
    Removing py32f0xx_hal_tim.o(.text.HAL_TIM_PWM_ConfigChannel), (362 bytes).
    Removing py32f0xx_hal_tim.o(.ARM.exidx.text.HAL_TIM_PWM_ConfigChannel), (8 bytes).
    Removing py32f0xx_hal_tim.o(.text.HAL_TIM_OnePulse_ConfigChannel), (356 bytes).
    Removing py32f0xx_hal_tim.o(.ARM.exidx.text.HAL_TIM_OnePulse_ConfigChannel), (8 bytes).
    Removing py32f0xx_hal_tim.o(.text.HAL_TIM_GenerateEvent), (82 bytes).
    Removing py32f0xx_hal_tim.o(.ARM.exidx.text.HAL_TIM_GenerateEvent), (8 bytes).
    Removing py32f0xx_hal_tim.o(.text.HAL_TIM_ConfigOCrefClear), (448 bytes).
    Removing py32f0xx_hal_tim.o(.ARM.exidx.text.HAL_TIM_ConfigOCrefClear), (8 bytes).
    Removing py32f0xx_hal_tim.o(.ARM.exidx.text.TIM_ETR_SetConfig), (8 bytes).
    Removing py32f0xx_hal_tim.o(.text.HAL_TIM_ConfigClockSource), (372 bytes).
    Removing py32f0xx_hal_tim.o(.ARM.exidx.text.HAL_TIM_ConfigClockSource), (8 bytes).
    Removing py32f0xx_hal_tim.o(.ARM.exidx.text.TIM_TI1_ConfigInputStage), (8 bytes).
    Removing py32f0xx_hal_tim.o(.text.TIM_ITRx_SetConfig), (42 bytes).
    Removing py32f0xx_hal_tim.o(.ARM.exidx.text.TIM_ITRx_SetConfig), (8 bytes).
    Removing py32f0xx_hal_tim.o(.ARM.exidx.text.TIM_TI2_ConfigInputStage), (8 bytes).
    Removing py32f0xx_hal_tim.o(.text.HAL_TIM_ConfigTI1Input), (44 bytes).
    Removing py32f0xx_hal_tim.o(.ARM.exidx.text.HAL_TIM_ConfigTI1Input), (8 bytes).
    Removing py32f0xx_hal_tim.o(.text.HAL_TIM_SlaveConfigSynchro), (126 bytes).
    Removing py32f0xx_hal_tim.o(.ARM.exidx.text.HAL_TIM_SlaveConfigSynchro), (8 bytes).
    Removing py32f0xx_hal_tim.o(.ARM.exidx.text.TIM_SlaveTimer_SetConfig), (8 bytes).
    Removing py32f0xx_hal_tim.o(.ARM.exidx.text.HAL_TIM_SlaveConfigSynchro_IT), (8 bytes).
    Removing py32f0xx_hal_tim.o(.ARM.exidx.text.HAL_TIM_ReadCapturedValue), (8 bytes).
    Removing py32f0xx_hal_tim.o(.text.HAL_TIM_PeriodElapsedHalfCpltCallback), (8 bytes).
    Removing py32f0xx_hal_tim.o(.ARM.exidx.text.HAL_TIM_PeriodElapsedHalfCpltCallback), (8 bytes).
    Removing py32f0xx_hal_tim.o(.text.HAL_TIM_IC_CaptureHalfCpltCallback), (8 bytes).
    Removing py32f0xx_hal_tim.o(.ARM.exidx.text.HAL_TIM_IC_CaptureHalfCpltCallback), (8 bytes).
    Removing py32f0xx_hal_tim.o(.text.HAL_TIM_PWM_PulseFinishedHalfCpltCallback), (8 bytes).
    Removing py32f0xx_hal_tim.o(.ARM.exidx.text.HAL_TIM_PWM_PulseFinishedHalfCpltCallback), (8 bytes).
    Removing py32f0xx_hal_tim.o(.text.HAL_TIM_TriggerHalfCpltCallback), (8 bytes).
    Removing py32f0xx_hal_tim.o(.ARM.exidx.text.HAL_TIM_TriggerHalfCpltCallback), (8 bytes).
    Removing py32f0xx_hal_tim.o(.text.HAL_TIM_ErrorCallback), (8 bytes).
    Removing py32f0xx_hal_tim.o(.ARM.exidx.text.HAL_TIM_ErrorCallback), (8 bytes).
    Removing py32f0xx_hal_tim.o(.text.HAL_TIM_Base_GetState), (12 bytes).
    Removing py32f0xx_hal_tim.o(.ARM.exidx.text.HAL_TIM_Base_GetState), (8 bytes).
    Removing py32f0xx_hal_tim.o(.text.HAL_TIM_OC_GetState), (12 bytes).
    Removing py32f0xx_hal_tim.o(.ARM.exidx.text.HAL_TIM_OC_GetState), (8 bytes).
    Removing py32f0xx_hal_tim.o(.text.HAL_TIM_PWM_GetState), (12 bytes).
    Removing py32f0xx_hal_tim.o(.ARM.exidx.text.HAL_TIM_PWM_GetState), (8 bytes).
    Removing py32f0xx_hal_tim.o(.text.HAL_TIM_IC_GetState), (12 bytes).
    Removing py32f0xx_hal_tim.o(.ARM.exidx.text.HAL_TIM_IC_GetState), (8 bytes).
    Removing py32f0xx_hal_tim.o(.text.HAL_TIM_OnePulse_GetState), (12 bytes).
    Removing py32f0xx_hal_tim.o(.ARM.exidx.text.HAL_TIM_OnePulse_GetState), (8 bytes).
    Removing py32f0xx_hal_tim.o(.text.HAL_TIM_Encoder_GetState), (12 bytes).
    Removing py32f0xx_hal_tim.o(.ARM.exidx.text.HAL_TIM_Encoder_GetState), (8 bytes).
    Removing py32f0xx_hal_tim_ex.o(.text), (0 bytes).
    Removing py32f0xx_hal_tim_ex.o(.text.HAL_TIMEx_HallSensor_Init), (246 bytes).
    Removing py32f0xx_hal_tim_ex.o(.ARM.exidx.text.HAL_TIMEx_HallSensor_Init), (8 bytes).
    Removing py32f0xx_hal_tim_ex.o(.text.HAL_TIMEx_HallSensor_MspInit), (8 bytes).
    Removing py32f0xx_hal_tim_ex.o(.ARM.exidx.text.HAL_TIMEx_HallSensor_MspInit), (8 bytes).
    Removing py32f0xx_hal_tim_ex.o(.text.HAL_TIMEx_HallSensor_DeInit), (96 bytes).
    Removing py32f0xx_hal_tim_ex.o(.ARM.exidx.text.HAL_TIMEx_HallSensor_DeInit), (8 bytes).
    Removing py32f0xx_hal_tim_ex.o(.text.HAL_TIMEx_HallSensor_MspDeInit), (8 bytes).
    Removing py32f0xx_hal_tim_ex.o(.ARM.exidx.text.HAL_TIMEx_HallSensor_MspDeInit), (8 bytes).
    Removing py32f0xx_hal_tim_ex.o(.text.HAL_TIMEx_HallSensor_Start), (58 bytes).
    Removing py32f0xx_hal_tim_ex.o(.ARM.exidx.text.HAL_TIMEx_HallSensor_Start), (8 bytes).
    Removing py32f0xx_hal_tim_ex.o(.text.HAL_TIMEx_HallSensor_Stop), (80 bytes).
    Removing py32f0xx_hal_tim_ex.o(.ARM.exidx.text.HAL_TIMEx_HallSensor_Stop), (8 bytes).
    Removing py32f0xx_hal_tim_ex.o(.text.HAL_TIMEx_HallSensor_Start_IT), (70 bytes).
    Removing py32f0xx_hal_tim_ex.o(.ARM.exidx.text.HAL_TIMEx_HallSensor_Start_IT), (8 bytes).
    Removing py32f0xx_hal_tim_ex.o(.text.HAL_TIMEx_HallSensor_Stop_IT), (92 bytes).
    Removing py32f0xx_hal_tim_ex.o(.ARM.exidx.text.HAL_TIMEx_HallSensor_Stop_IT), (8 bytes).
    Removing py32f0xx_hal_tim_ex.o(.text.HAL_TIMEx_OCN_Start), (74 bytes).
    Removing py32f0xx_hal_tim_ex.o(.ARM.exidx.text.HAL_TIMEx_OCN_Start), (8 bytes).
    Removing py32f0xx_hal_tim_ex.o(.text.TIM_CCxNChannelCmd), (50 bytes).
    Removing py32f0xx_hal_tim_ex.o(.ARM.exidx.text.TIM_CCxNChannelCmd), (8 bytes).
    Removing py32f0xx_hal_tim_ex.o(.text.HAL_TIMEx_OCN_Stop), (132 bytes).
    Removing py32f0xx_hal_tim_ex.o(.ARM.exidx.text.HAL_TIMEx_OCN_Stop), (8 bytes).
    Removing py32f0xx_hal_tim_ex.o(.text.HAL_TIMEx_OCN_Start_IT), (156 bytes).
    Removing py32f0xx_hal_tim_ex.o(.ARM.exidx.text.HAL_TIMEx_OCN_Start_IT), (8 bytes).
    Removing py32f0xx_hal_tim_ex.o(.text.HAL_TIMEx_OCN_Stop_IT), (236 bytes).
    Removing py32f0xx_hal_tim_ex.o(.ARM.exidx.text.HAL_TIMEx_OCN_Stop_IT), (8 bytes).
    Removing py32f0xx_hal_tim_ex.o(.text.HAL_TIMEx_PWMN_Start), (74 bytes).
    Removing py32f0xx_hal_tim_ex.o(.ARM.exidx.text.HAL_TIMEx_PWMN_Start), (8 bytes).
    Removing py32f0xx_hal_tim_ex.o(.text.HAL_TIMEx_PWMN_Stop), (132 bytes).
    Removing py32f0xx_hal_tim_ex.o(.ARM.exidx.text.HAL_TIMEx_PWMN_Stop), (8 bytes).
    Removing py32f0xx_hal_tim_ex.o(.text.HAL_TIMEx_PWMN_Start_IT), (156 bytes).
    Removing py32f0xx_hal_tim_ex.o(.ARM.exidx.text.HAL_TIMEx_PWMN_Start_IT), (8 bytes).
    Removing py32f0xx_hal_tim_ex.o(.text.HAL_TIMEx_PWMN_Stop_IT), (236 bytes).
    Removing py32f0xx_hal_tim_ex.o(.ARM.exidx.text.HAL_TIMEx_PWMN_Stop_IT), (8 bytes).
    Removing py32f0xx_hal_tim_ex.o(.text.HAL_TIMEx_OnePulseN_Start), (40 bytes).
    Removing py32f0xx_hal_tim_ex.o(.ARM.exidx.text.HAL_TIMEx_OnePulseN_Start), (8 bytes).
    Removing py32f0xx_hal_tim_ex.o(.text.HAL_TIMEx_OnePulseN_Stop), (132 bytes).
    Removing py32f0xx_hal_tim_ex.o(.ARM.exidx.text.HAL_TIMEx_OnePulseN_Stop), (8 bytes).
    Removing py32f0xx_hal_tim_ex.o(.text.HAL_TIMEx_OnePulseN_Start_IT), (62 bytes).
    Removing py32f0xx_hal_tim_ex.o(.ARM.exidx.text.HAL_TIMEx_OnePulseN_Start_IT), (8 bytes).
    Removing py32f0xx_hal_tim_ex.o(.text.HAL_TIMEx_OnePulseN_Stop_IT), (156 bytes).
    Removing py32f0xx_hal_tim_ex.o(.ARM.exidx.text.HAL_TIMEx_OnePulseN_Stop_IT), (8 bytes).
    Removing py32f0xx_hal_tim_ex.o(.text.HAL_TIMEx_ConfigCommutEvent), (170 bytes).
    Removing py32f0xx_hal_tim_ex.o(.ARM.exidx.text.HAL_TIMEx_ConfigCommutEvent), (8 bytes).
    Removing py32f0xx_hal_tim_ex.o(.text.HAL_TIMEx_ConfigCommutEvent_IT), (170 bytes).
    Removing py32f0xx_hal_tim_ex.o(.ARM.exidx.text.HAL_TIMEx_ConfigCommutEvent_IT), (8 bytes).
    Removing py32f0xx_hal_tim_ex.o(.text.HAL_TIMEx_MasterConfigSynchronization), (160 bytes).
    Removing py32f0xx_hal_tim_ex.o(.ARM.exidx.text.HAL_TIMEx_MasterConfigSynchronization), (8 bytes).
    Removing py32f0xx_hal_tim_ex.o(.text.HAL_TIMEx_ConfigBreakDeadTime), (176 bytes).
    Removing py32f0xx_hal_tim_ex.o(.ARM.exidx.text.HAL_TIMEx_ConfigBreakDeadTime), (8 bytes).
    Removing py32f0xx_hal_tim_ex.o(.ARM.exidx.text.HAL_TIMEx_CommutCallback), (8 bytes).
    Removing py32f0xx_hal_tim_ex.o(.text.HAL_TIMEx_CommutHalfCpltCallback), (8 bytes).
    Removing py32f0xx_hal_tim_ex.o(.ARM.exidx.text.HAL_TIMEx_CommutHalfCpltCallback), (8 bytes).
    Removing py32f0xx_hal_tim_ex.o(.ARM.exidx.text.HAL_TIMEx_BreakCallback), (8 bytes).
    Removing py32f0xx_hal_tim_ex.o(.text.HAL_TIMEx_HallSensor_GetState), (12 bytes).
    Removing py32f0xx_hal_tim_ex.o(.ARM.exidx.text.HAL_TIMEx_HallSensor_GetState), (8 bytes).
    Removing py32f0xx_hal_uart.o(.text), (0 bytes).
    Removing py32f0xx_hal_usart.o(.text), (0 bytes).
    Removing py32f0xx_hal_wwdg.o(.text), (0 bytes).
    Removing system_py32f0xx.o(.text), (0 bytes).
    Removing system_py32f0xx.o(.text.SystemCoreClockUpdate), (164 bytes).
    Removing system_py32f0xx.o(.ARM.exidx.text.SystemCoreClockUpdate), (8 bytes).
    Removing system_py32f0xx.o(.ARM.exidx.text.SystemInit), (8 bytes).
    Removing system_py32f0xx.o(.ARM.exidx.text.$Sub$$main), (8 bytes).
    Removing system_py32f0xx.o(.rodata.APBPrescTable), (32 bytes).
    Removing system_py32f0xx.o(.rodata.HSIFreqTable), (32 bytes).

464 unused section(s) (total 21052 bytes) removed from the image.

==============================================================================

Image Symbol Table

    Local Symbols

    Symbol Name                              Value     Ov Type        Size  Object(Section)

    ../clib/angel/boardlib.s                 0x00000000   Number         0  boardinit1.o ABSOLUTE
    ../clib/angel/boardlib.s                 0x00000000   Number         0  boardinit2.o ABSOLUTE
    ../clib/angel/boardlib.s                 0x00000000   Number         0  boardinit3.o ABSOLUTE
    ../clib/angel/boardlib.s                 0x00000000   Number         0  boardshut.o ABSOLUTE
    ../clib/angel/handlers.s                 0x00000000   Number         0  __scatter_copy.o ABSOLUTE
    ../clib/angel/handlers.s                 0x00000000   Number         0  __scatter_zi.o ABSOLUTE
    ../clib/angel/kernel.s                   0x00000000   Number         0  __rtentry.o ABSOLUTE
    ../clib/angel/kernel.s                   0x00000000   Number         0  __rtentry2.o ABSOLUTE
    ../clib/angel/kernel.s                   0x00000000   Number         0  __rtentry4.o ABSOLUTE
    ../clib/angel/kernel.s                   0x00000000   Number         0  rtexit.o ABSOLUTE
    ../clib/angel/kernel.s                   0x00000000   Number         0  rtexit2.o ABSOLUTE
    ../clib/angel/rt.s                       0x00000000   Number         0  aeabi_idiv0.o ABSOLUTE
    ../clib/angel/rt.s                       0x00000000   Number         0  aeabi_idiv0_sigfpe.o ABSOLUTE
    ../clib/angel/rt.s                       0x00000000   Number         0  rt_div0.o ABSOLUTE
    ../clib/angel/rt.s                       0x00000000   Number         0  rt_raise.o ABSOLUTE
    ../clib/angel/scatterp.s                 0x00000000   Number         0  __scatter.o ABSOLUTE
    ../clib/angel/startup.s                  0x00000000   Number         0  __main.o ABSOLUTE
    ../clib/angel/sys.s                      0x00000000   Number         0  sys_stackheap_outer.o ABSOLUTE
    ../clib/angel/sys.s                      0x00000000   Number         0  libspace.o ABSOLUTE
    ../clib/angel/sys.s                      0x00000000   Number         0  tempstk.o ABSOLUTE
    ../clib/angel/sys.s                      0x00000000   Number         0  use_no_semi.o ABSOLUTE
    ../clib/angel/sys.s                      0x00000000   Number         0  indicate_semi.o ABSOLUTE
    ../clib/angel/sysapp.c                   0x00000000   Number         0  sys_exit.o ABSOLUTE
    ../clib/angel/sysapp.c                   0x00000000   Number         0  sys_exit_hlt.o ABSOLUTE
    ../clib/angel/sysapp.c                   0x00000000   Number         0  sys_wrch.o ABSOLUTE
    ../clib/angel/sysapp.c                   0x00000000   Number         0  sys_wrch_hlt.o ABSOLUTE
    ../clib/angel/sysapp.c                   0x00000000   Number         0  sys_command.o ABSOLUTE
    ../clib/angel/sysapp.c                   0x00000000   Number         0  sys_command_hlt.o ABSOLUTE
    ../clib/armsys.c                         0x00000000   Number         0  argv_veneer.o ABSOLUTE
    ../clib/armsys.c                         0x00000000   Number         0  _get_argv_nomalloc.o ABSOLUTE
    ../clib/armsys.c                         0x00000000   Number         0  no_argv.o ABSOLUTE
    ../clib/division.s                       0x00000000   Number         0  aeabi_sdiv.o ABSOLUTE
    ../clib/division.s                       0x00000000   Number         0  aeabi_sdiv_div0.o ABSOLUTE
    ../clib/heapalloc.c                      0x00000000   Number         0  hrguard.o ABSOLUTE
    ../clib/heapaux.c                        0x00000000   Number         0  heapauxi.o ABSOLUTE
    ../clib/libinit.s                        0x00000000   Number         0  libinit.o ABSOLUTE
    ../clib/libinit.s                        0x00000000   Number         0  libinit2.o ABSOLUTE
    ../clib/libinit.s                        0x00000000   Number         0  libshutdown.o ABSOLUTE
    ../clib/libinit.s                        0x00000000   Number         0  libshutdown2.o ABSOLUTE
    ../clib/signal.c                         0x00000000   Number         0  defsig_fpe_outer.o ABSOLUTE
    ../clib/signal.c                         0x00000000   Number         0  defsig_fpe_formal.o ABSOLUTE
    ../clib/signal.c                         0x00000000   Number         0  defsig_exit.o ABSOLUTE
    ../clib/signal.c                         0x00000000   Number         0  defsig_fpe_inner.o ABSOLUTE
    ../clib/signal.c                         0x00000000   Number         0  __raise.o ABSOLUTE
    ../clib/signal.c                         0x00000000   Number         0  defsig_general.o ABSOLUTE
    ../clib/signal.c                         0x00000000   Number         0  defsig_abrt_inner.o ABSOLUTE
    ../clib/signal.c                         0x00000000   Number         0  defsig_rtred_inner.o ABSOLUTE
    ../clib/signal.c                         0x00000000   Number         0  defsig_rtmem_inner.o ABSOLUTE
    ../clib/signal.c                         0x00000000   Number         0  defsig_rtmem_outer.o ABSOLUTE
    ../clib/signal.c                         0x00000000   Number         0  defsig_rtmem_formal.o ABSOLUTE
    ../clib/signal.c                         0x00000000   Number         0  defsig_stak_inner.o ABSOLUTE
    ../clib/signal.c                         0x00000000   Number         0  defsig_pvfn_inner.o ABSOLUTE
    ../clib/signal.c                         0x00000000   Number         0  defsig_cppl_inner.o ABSOLUTE
    ../clib/signal.c                         0x00000000   Number         0  defsig_segv_inner.o ABSOLUTE
    ../clib/signal.c                         0x00000000   Number         0  defsig_other.o ABSOLUTE
    ../clib/signal.s                         0x00000000   Number         0  defsig.o ABSOLUTE
    ../clib/stdlib.c                         0x00000000   Number         0  exit.o ABSOLUTE
    ../fplib/cfplib/fpinit.c                 0x00000000   Number         0  fpinit.o ABSOLUTE
    RTE/Device/PY32F002Ax5/startup_py32f002ax5.s 0x00000000   Number         0  startup_py32f002ax5.o ABSOLUTE
    TachoFont.c                              0x00000000   Number         0  tachofont.o ABSOLUTE
    dc.s                                     0x00000000   Number         0  dc.o ABSOLUTE
    main.c                                   0x00000000   Number         0  main.o ABSOLUTE
    py32f0xx_hal.c                           0x00000000   Number         0  py32f0xx_hal.o ABSOLUTE
    py32f0xx_hal_adc.c                       0x00000000   Number         0  py32f0xx_hal_adc.o ABSOLUTE
    py32f0xx_hal_comp.c                      0x00000000   Number         0  py32f0xx_hal_comp.o ABSOLUTE
    py32f0xx_hal_cortex.c                    0x00000000   Number         0  py32f0xx_hal_cortex.o ABSOLUTE
    py32f0xx_hal_crc.c                       0x00000000   Number         0  py32f0xx_hal_crc.o ABSOLUTE
    py32f0xx_hal_dma.c                       0x00000000   Number         0  py32f0xx_hal_dma.o ABSOLUTE
    py32f0xx_hal_exti.c                      0x00000000   Number         0  py32f0xx_hal_exti.o ABSOLUTE
    py32f0xx_hal_flash.c                     0x00000000   Number         0  py32f0xx_hal_flash.o ABSOLUTE
    py32f0xx_hal_gpio.c                      0x00000000   Number         0  py32f0xx_hal_gpio.o ABSOLUTE
    py32f0xx_hal_i2c.c                       0x00000000   Number         0  py32f0xx_hal_i2c.o ABSOLUTE
    py32f0xx_hal_irda.c                      0x00000000   Number         0  py32f0xx_hal_irda.o ABSOLUTE
    py32f0xx_hal_iwdg.c                      0x00000000   Number         0  py32f0xx_hal_iwdg.o ABSOLUTE
    py32f0xx_hal_led.c                       0x00000000   Number         0  py32f0xx_hal_led.o ABSOLUTE
    py32f0xx_hal_lptim.c                     0x00000000   Number         0  py32f0xx_hal_lptim.o ABSOLUTE
    py32f0xx_hal_msp.c                       0x00000000   Number         0  py32f0xx_hal_msp.o ABSOLUTE
    py32f0xx_hal_pwr.c                       0x00000000   Number         0  py32f0xx_hal_pwr.o ABSOLUTE
    py32f0xx_hal_rcc.c                       0x00000000   Number         0  py32f0xx_hal_rcc.o ABSOLUTE
    py32f0xx_hal_rcc_ex.c                    0x00000000   Number         0  py32f0xx_hal_rcc_ex.o ABSOLUTE
    py32f0xx_hal_rtc.c                       0x00000000   Number         0  py32f0xx_hal_rtc.o ABSOLUTE
    py32f0xx_hal_rtc_ex.c                    0x00000000   Number         0  py32f0xx_hal_rtc_ex.o ABSOLUTE
    py32f0xx_hal_spi.c                       0x00000000   Number         0  py32f0xx_hal_spi.o ABSOLUTE
    py32f0xx_hal_tim.c                       0x00000000   Number         0  py32f0xx_hal_tim.o ABSOLUTE
    py32f0xx_hal_tim_ex.c                    0x00000000   Number         0  py32f0xx_hal_tim_ex.o ABSOLUTE
    py32f0xx_hal_uart.c                      0x00000000   Number         0  py32f0xx_hal_uart.o ABSOLUTE
    py32f0xx_hal_usart.c                     0x00000000   Number         0  py32f0xx_hal_usart.o ABSOLUTE
    py32f0xx_hal_wwdg.c                      0x00000000   Number         0  py32f0xx_hal_wwdg.o ABSOLUTE
    py32f0xx_it.c                            0x00000000   Number         0  py32f0xx_it.o ABSOLUTE
    system_py32f0xx.c                        0x00000000   Number         0  system_py32f0xx.o ABSOLUTE
    RESET                                    0x08000000   Section      192  startup_py32f002ax5.o(RESET)
    !!!main                                  0x080000c0   Section        8  __main.o(!!!main)
    !!!scatter                               0x080000c8   Section       84  __scatter.o(!!!scatter)
    !!handler_copy                           0x0800011c   Section       26  __scatter_copy.o(!!handler_copy)
    !!handler_null                           0x08000138   Section        2  __scatter.o(!!handler_null)
    !!handler_zi                             0x0800013c   Section       28  __scatter_zi.o(!!handler_zi)
    .ARM.Collect$$libinit$$00000000          0x08000158   Section        2  libinit.o(.ARM.Collect$$libinit$$00000000)
    .ARM.Collect$$libinit$$00000002          0x0800015a   Section        0  libinit2.o(.ARM.Collect$$libinit$$00000002)
    .ARM.Collect$$libinit$$00000004          0x0800015a   Section        0  libinit2.o(.ARM.Collect$$libinit$$00000004)
    .ARM.Collect$$libinit$$00000006          0x0800015a   Section        0  libinit2.o(.ARM.Collect$$libinit$$00000006)
    .ARM.Collect$$libinit$$0000000C          0x0800015a   Section        0  libinit2.o(.ARM.Collect$$libinit$$0000000C)
    .ARM.Collect$$libinit$$0000000E          0x0800015a   Section        0  libinit2.o(.ARM.Collect$$libinit$$0000000E)
    .ARM.Collect$$libinit$$00000010          0x0800015a   Section        0  libinit2.o(.ARM.Collect$$libinit$$00000010)
    .ARM.Collect$$libinit$$00000013          0x0800015a   Section        0  libinit2.o(.ARM.Collect$$libinit$$00000013)
    .ARM.Collect$$libinit$$00000015          0x0800015a   Section        0  libinit2.o(.ARM.Collect$$libinit$$00000015)
    .ARM.Collect$$libinit$$00000017          0x0800015a   Section        0  libinit2.o(.ARM.Collect$$libinit$$00000017)
    .ARM.Collect$$libinit$$00000019          0x0800015a   Section        0  libinit2.o(.ARM.Collect$$libinit$$00000019)
    .ARM.Collect$$libinit$$0000001B          0x0800015a   Section        0  libinit2.o(.ARM.Collect$$libinit$$0000001B)
    .ARM.Collect$$libinit$$0000001D          0x0800015a   Section        0  libinit2.o(.ARM.Collect$$libinit$$0000001D)
    .ARM.Collect$$libinit$$0000001F          0x0800015a   Section        0  libinit2.o(.ARM.Collect$$libinit$$0000001F)
    .ARM.Collect$$libinit$$00000021          0x0800015a   Section        0  libinit2.o(.ARM.Collect$$libinit$$00000021)
    .ARM.Collect$$libinit$$00000023          0x0800015a   Section        0  libinit2.o(.ARM.Collect$$libinit$$00000023)
    .ARM.Collect$$libinit$$00000025          0x0800015a   Section        0  libinit2.o(.ARM.Collect$$libinit$$00000025)
    .ARM.Collect$$libinit$$00000027          0x0800015a   Section        0  libinit2.o(.ARM.Collect$$libinit$$00000027)
    .ARM.Collect$$libinit$$0000002E          0x0800015a   Section        0  libinit2.o(.ARM.Collect$$libinit$$0000002E)
    .ARM.Collect$$libinit$$00000030          0x0800015a   Section        0  libinit2.o(.ARM.Collect$$libinit$$00000030)
    .ARM.Collect$$libinit$$00000032          0x0800015a   Section        0  libinit2.o(.ARM.Collect$$libinit$$00000032)
    .ARM.Collect$$libinit$$00000034          0x0800015a   Section        0  libinit2.o(.ARM.Collect$$libinit$$00000034)
    .ARM.Collect$$libinit$$00000035          0x0800015a   Section        2  libinit2.o(.ARM.Collect$$libinit$$00000035)
    .ARM.Collect$$libshutdown$$00000000      0x0800015c   Section        2  libshutdown.o(.ARM.Collect$$libshutdown$$00000000)
    .ARM.Collect$$libshutdown$$00000002      0x0800015e   Section        0  libshutdown2.o(.ARM.Collect$$libshutdown$$00000002)
    .ARM.Collect$$libshutdown$$00000004      0x0800015e   Section        0  libshutdown2.o(.ARM.Collect$$libshutdown$$00000004)
    .ARM.Collect$$libshutdown$$00000007      0x0800015e   Section        0  libshutdown2.o(.ARM.Collect$$libshutdown$$00000007)
    .ARM.Collect$$libshutdown$$0000000A      0x0800015e   Section        0  libshutdown2.o(.ARM.Collect$$libshutdown$$0000000A)
    .ARM.Collect$$libshutdown$$0000000C      0x0800015e   Section        0  libshutdown2.o(.ARM.Collect$$libshutdown$$0000000C)
    .ARM.Collect$$libshutdown$$0000000F      0x0800015e   Section        0  libshutdown2.o(.ARM.Collect$$libshutdown$$0000000F)
    .ARM.Collect$$libshutdown$$00000010      0x0800015e   Section        2  libshutdown2.o(.ARM.Collect$$libshutdown$$00000010)
    .ARM.Collect$$rtentry$$00000000          0x08000160   Section        0  __rtentry.o(.ARM.Collect$$rtentry$$00000000)
    .ARM.Collect$$rtentry$$00000002          0x08000160   Section        0  __rtentry2.o(.ARM.Collect$$rtentry$$00000002)
    .ARM.Collect$$rtentry$$00000004          0x08000160   Section        6  __rtentry4.o(.ARM.Collect$$rtentry$$00000004)
    .ARM.Collect$$rtentry$$00000009          0x08000166   Section        0  __rtentry2.o(.ARM.Collect$$rtentry$$00000009)
    .ARM.Collect$$rtentry$$0000000A          0x08000166   Section        4  __rtentry2.o(.ARM.Collect$$rtentry$$0000000A)
    .ARM.Collect$$rtentry$$0000000C          0x0800016a   Section        0  __rtentry2.o(.ARM.Collect$$rtentry$$0000000C)
    .ARM.Collect$$rtentry$$0000000D          0x0800016a   Section        8  __rtentry2.o(.ARM.Collect$$rtentry$$0000000D)
    .ARM.Collect$$rtexit$$00000000           0x08000172   Section        2  rtexit.o(.ARM.Collect$$rtexit$$00000000)
    .ARM.Collect$$rtexit$$00000002           0x08000174   Section        0  rtexit2.o(.ARM.Collect$$rtexit$$00000002)
    .ARM.Collect$$rtexit$$00000003           0x08000174   Section        4  rtexit2.o(.ARM.Collect$$rtexit$$00000003)
    .ARM.Collect$$rtexit$$00000004           0x08000178   Section        6  rtexit2.o(.ARM.Collect$$rtexit$$00000004)
    .text                                    0x08000180   Section       52  startup_py32f002ax5.o(.text)
    .text                                    0x080001b4   Section      364  aeabi_sdiv.o(.text)
    .text                                    0x08000320   Section        0  heapauxi.o(.text)
    .text                                    0x08000326   Section       62  sys_stackheap_outer.o(.text)
    .text                                    0x08000364   Section        0  exit.o(.text)
    .text                                    0x08000374   Section        8  libspace.o(.text)
    .text                                    0x0800037c   Section        0  sys_exit.o(.text)
    .text                                    0x08000388   Section        2  use_no_semi.o(.text)
    .text                                    0x0800038a   Section        0  indicate_semi.o(.text)
    [Anonymous Symbol]                       0x0800038c   Section        0  system_py32f0xx.o(.text.$Sub$$main)
    __arm_cp.2_0                             0x080003d4   Number         4  system_py32f0xx.o(.text.$Sub$$main)
    __arm_cp.2_1                             0x080003d8   Number         4  system_py32f0xx.o(.text.$Sub$$main)
    [Anonymous Symbol]                       0x080003dc   Section        0  main.o(.text.APP_ErrorHandler)
    APP_SystemClockConfig                    0x080003e1   Thumb Code   112  main.o(.text.APP_SystemClockConfig)
    [Anonymous Symbol]                       0x080003e0   Section        0  main.o(.text.APP_SystemClockConfig)
    __arm_cp.2_0                             0x08000450   Number         4  main.o(.text.APP_SystemClockConfig)
    __arm_cp.2_1                             0x08000454   Number         4  main.o(.text.APP_SystemClockConfig)
    [Anonymous Symbol]                       0x08000458   Section        0  py32f0xx_hal_gpio.o(.text.HAL_GPIO_Init)
    __arm_cp.0_0                             0x080006dc   Number         4  py32f0xx_hal_gpio.o(.text.HAL_GPIO_Init)
    __arm_cp.0_1                             0x080006e0   Number         4  py32f0xx_hal_gpio.o(.text.HAL_GPIO_Init)
    __arm_cp.0_2                             0x080006e4   Number         4  py32f0xx_hal_gpio.o(.text.HAL_GPIO_Init)
    __arm_cp.0_3                             0x080006e8   Number         4  py32f0xx_hal_gpio.o(.text.HAL_GPIO_Init)
    __arm_cp.0_4                             0x080006ec   Number         4  py32f0xx_hal_gpio.o(.text.HAL_GPIO_Init)
    __arm_cp.0_5                             0x080006f0   Number         4  py32f0xx_hal_gpio.o(.text.HAL_GPIO_Init)
    [Anonymous Symbol]                       0x080006f4   Section        0  py32f0xx_hal_gpio.o(.text.HAL_GPIO_WritePin)
    [Anonymous Symbol]                       0x08000720   Section        0  py32f0xx_hal.o(.text.HAL_GetTick)
    [Anonymous Symbol]                       0x08000728   Section        0  py32f0xx_hal.o(.text.HAL_IncTick)
    __arm_cp.5_1                             0x08000738   Number         4  py32f0xx_hal.o(.text.HAL_IncTick)
    [Anonymous Symbol]                       0x0800073c   Section        0  py32f0xx_hal.o(.text.HAL_Init)
    [Anonymous Symbol]                       0x08000768   Section        0  py32f0xx_hal.o(.text.HAL_InitTick)
    __arm_cp.1_0                             0x080007e0   Number         4  py32f0xx_hal.o(.text.HAL_InitTick)
    [Anonymous Symbol]                       0x080007e4   Section        0  py32f0xx_hal_msp.o(.text.HAL_MspInit)
    __arm_cp.0_0                             0x08000818   Number         4  py32f0xx_hal_msp.o(.text.HAL_MspInit)
    __arm_cp.0_1                             0x0800081c   Number         4  py32f0xx_hal_msp.o(.text.HAL_MspInit)
    [Anonymous Symbol]                       0x08000820   Section        0  py32f0xx_hal_cortex.o(.text.HAL_NVIC_EnableIRQ)
    [Anonymous Symbol]                       0x08000836   Section        0  py32f0xx_hal_cortex.o(.text.HAL_NVIC_SetPriority)
    [Anonymous Symbol]                       0x08000854   Section        0  py32f0xx_hal_rcc.o(.text.HAL_RCC_ClockConfig)
    __arm_cp.3_0                             0x08000a4c   Number         4  py32f0xx_hal_rcc.o(.text.HAL_RCC_ClockConfig)
    __arm_cp.3_2                             0x08000a50   Number         4  py32f0xx_hal_rcc.o(.text.HAL_RCC_ClockConfig)
    __arm_cp.3_4                             0x08000a54   Number         4  py32f0xx_hal_rcc.o(.text.HAL_RCC_ClockConfig)
    __arm_cp.3_5                             0x08000a58   Number         4  py32f0xx_hal_rcc.o(.text.HAL_RCC_ClockConfig)
    __arm_cp.3_6                             0x08000a5c   Number         4  py32f0xx_hal_rcc.o(.text.HAL_RCC_ClockConfig)
    __arm_cp.3_7                             0x08000a60   Number         4  py32f0xx_hal_rcc.o(.text.HAL_RCC_ClockConfig)
    [Anonymous Symbol]                       0x08000a64   Section        0  py32f0xx_hal_rcc.o(.text.HAL_RCC_GetSysClockFreq)
    __arm_cp.2_0                             0x08000af8   Number         4  py32f0xx_hal_rcc.o(.text.HAL_RCC_GetSysClockFreq)
    __arm_cp.2_1                             0x08000afc   Number         4  py32f0xx_hal_rcc.o(.text.HAL_RCC_GetSysClockFreq)
    __arm_cp.2_2                             0x08000b00   Number         4  py32f0xx_hal_rcc.o(.text.HAL_RCC_GetSysClockFreq)
    __arm_cp.2_3                             0x08000b04   Number         4  py32f0xx_hal_rcc.o(.text.HAL_RCC_GetSysClockFreq)
    __arm_cp.2_4                             0x08000b08   Number         4  py32f0xx_hal_rcc.o(.text.HAL_RCC_GetSysClockFreq)
    [Anonymous Symbol]                       0x08000b0c   Section        0  py32f0xx_hal_rcc.o(.text.HAL_RCC_OscConfig)
    __arm_cp.1_0                             0x08000e8c   Number         4  py32f0xx_hal_rcc.o(.text.HAL_RCC_OscConfig)
    __arm_cp.1_1                             0x08000e90   Number         4  py32f0xx_hal_rcc.o(.text.HAL_RCC_OscConfig)
    __arm_cp.1_2                             0x08000e94   Number         4  py32f0xx_hal_rcc.o(.text.HAL_RCC_OscConfig)
    __arm_cp.1_3                             0x08000e98   Number         4  py32f0xx_hal_rcc.o(.text.HAL_RCC_OscConfig)
    __arm_cp.1_4                             0x08000e9c   Number         4  py32f0xx_hal_rcc.o(.text.HAL_RCC_OscConfig)
    __arm_cp.1_5                             0x08000ea0   Number         4  py32f0xx_hal_rcc.o(.text.HAL_RCC_OscConfig)
    __arm_cp.1_6                             0x08000ea4   Number         4  py32f0xx_hal_rcc.o(.text.HAL_RCC_OscConfig)
    __arm_cp.1_7                             0x08000ea8   Number         4  py32f0xx_hal_rcc.o(.text.HAL_RCC_OscConfig)
    __arm_cp.1_8                             0x08000eac   Number         4  py32f0xx_hal_rcc.o(.text.HAL_RCC_OscConfig)
    [Anonymous Symbol]                       0x08000eb0   Section        0  py32f0xx_hal_cortex.o(.text.HAL_SYSTICK_Config)
    [Anonymous Symbol]                       0x08000ec0   Section        0  py32f0xx_hal_tim_ex.o(.text.HAL_TIMEx_BreakCallback)
    [Anonymous Symbol]                       0x08000ec8   Section        0  py32f0xx_hal_tim_ex.o(.text.HAL_TIMEx_CommutCallback)
    [Anonymous Symbol]                       0x08000ed0   Section        0  py32f0xx_hal_tim.o(.text.HAL_TIM_Base_Init)
    [Anonymous Symbol]                       0x08000f24   Section        0  py32f0xx_hal_msp.o(.text.HAL_TIM_Base_MspInit)
    __arm_cp.1_0                             0x08000f84   Number         4  py32f0xx_hal_msp.o(.text.HAL_TIM_Base_MspInit)
    [Anonymous Symbol]                       0x08000f88   Section        0  py32f0xx_hal_tim.o(.text.HAL_TIM_Base_Start_IT)
    [Anonymous Symbol]                       0x08000fc0   Section        0  py32f0xx_hal_tim.o(.text.HAL_TIM_IC_CaptureCallback)
    [Anonymous Symbol]                       0x08000fc8   Section        0  py32f0xx_hal_tim.o(.text.HAL_TIM_IC_ConfigChannel)
    [Anonymous Symbol]                       0x080010ea   Section        0  py32f0xx_hal_tim.o(.text.HAL_TIM_IC_Init)
    [Anonymous Symbol]                       0x0800113c   Section        0  py32f0xx_hal_tim.o(.text.HAL_TIM_IC_MspInit)
    [Anonymous Symbol]                       0x08001144   Section        0  py32f0xx_hal_tim.o(.text.HAL_TIM_IC_Start_IT)
    [Anonymous Symbol]                       0x08001202   Section        0  py32f0xx_hal_tim.o(.text.HAL_TIM_IRQHandler)
    [Anonymous Symbol]                       0x0800146c   Section        0  py32f0xx_hal_tim.o(.text.HAL_TIM_OC_DelayElapsedCallback)
    [Anonymous Symbol]                       0x08001474   Section        0  py32f0xx_hal_tim.o(.text.HAL_TIM_PWM_PulseFinishedCallback)
    [Anonymous Symbol]                       0x0800147c   Section        0  main.o(.text.HAL_TIM_PeriodElapsedCallback)
    __arm_cp.8_0                             0x08001504   Number         4  main.o(.text.HAL_TIM_PeriodElapsedCallback)
    __arm_cp.8_1                             0x08001508   Number         4  main.o(.text.HAL_TIM_PeriodElapsedCallback)
    __arm_cp.8_2                             0x0800150c   Number         4  main.o(.text.HAL_TIM_PeriodElapsedCallback)
    __arm_cp.8_3                             0x08001510   Number         4  main.o(.text.HAL_TIM_PeriodElapsedCallback)
    __arm_cp.8_4                             0x08001514   Number         4  main.o(.text.HAL_TIM_PeriodElapsedCallback)
    [Anonymous Symbol]                       0x08001518   Section        0  py32f0xx_hal_tim.o(.text.HAL_TIM_ReadCapturedValue)
    [Anonymous Symbol]                       0x08001598   Section        0  py32f0xx_hal_tim.o(.text.HAL_TIM_SlaveConfigSynchro_IT)
    [Anonymous Symbol]                       0x08001618   Section        0  main.o(.text.HAL_TIM_TriggerCallback)
    __arm_cp.7_2                             0x08001698   Number         4  main.o(.text.HAL_TIM_TriggerCallback)
    [Anonymous Symbol]                       0x0800169c   Section        0  py32f0xx_it.o(.text.HardFault_Handler)
    [Anonymous Symbol]                       0x080016a0   Section        0  py32f0xx_it.o(.text.NMI_Handler)
    [Anonymous Symbol]                       0x080016a2   Section        0  py32f0xx_it.o(.text.PendSV_Handler)
    [Anonymous Symbol]                       0x080016a4   Section        0  py32f0xx_it.o(.text.SVC_Handler)
    SysTick_Config                           0x080016a9   Thumb Code    68  py32f0xx_hal_cortex.o(.text.SysTick_Config)
    [Anonymous Symbol]                       0x080016a8   Section        0  py32f0xx_hal_cortex.o(.text.SysTick_Config)
    __arm_cp.9_0                             0x080016ec   Number         4  py32f0xx_hal_cortex.o(.text.SysTick_Config)
    __arm_cp.9_1                             0x080016f0   Number         4  py32f0xx_hal_cortex.o(.text.SysTick_Config)
    __arm_cp.9_2                             0x080016f4   Number         4  py32f0xx_hal_cortex.o(.text.SysTick_Config)
    [Anonymous Symbol]                       0x080016f8   Section        0  py32f0xx_it.o(.text.SysTick_Handler)
    [Anonymous Symbol]                       0x08001700   Section        0  system_py32f0xx.o(.text.SystemInit)
    __arm_cp.1_0                             0x08001720   Number         4  system_py32f0xx.o(.text.SystemInit)
    __arm_cp.1_1                             0x08001724   Number         4  system_py32f0xx.o(.text.SystemInit)
    __arm_cp.1_2                             0x08001728   Number         4  system_py32f0xx.o(.text.SystemInit)
    __arm_cp.1_3                             0x0800172c   Number         4  system_py32f0xx.o(.text.SystemInit)
    [Anonymous Symbol]                       0x08001730   Section        0  py32f0xx_it.o(.text.TIM16_IRQHandler)
    __arm_cp.6_0                             0x0800173c   Number         4  py32f0xx_it.o(.text.TIM16_IRQHandler)
    [Anonymous Symbol]                       0x08001740   Section        0  py32f0xx_it.o(.text.TIM1_BRK_UP_TRG_COM_IRQHandler)
    __arm_cp.5_0                             0x0800174c   Number         4  py32f0xx_it.o(.text.TIM1_BRK_UP_TRG_COM_IRQHandler)
    [Anonymous Symbol]                       0x08001750   Section        0  py32f0xx_hal_tim.o(.text.TIM_Base_SetConfig)
    __arm_cp.2_1                             0x080017f0   Number         4  py32f0xx_hal_tim.o(.text.TIM_Base_SetConfig)
    [Anonymous Symbol]                       0x080017f4   Section        0  py32f0xx_hal_tim.o(.text.TIM_CCxChannelCmd)
    [Anonymous Symbol]                       0x08001826   Section        0  py32f0xx_hal_tim.o(.text.TIM_ETR_SetConfig)
    TIM_SlaveTimer_SetConfig                 0x0800185d   Thumb Code   282  py32f0xx_hal_tim.o(.text.TIM_SlaveTimer_SetConfig)
    [Anonymous Symbol]                       0x0800185c   Section        0  py32f0xx_hal_tim.o(.text.TIM_SlaveTimer_SetConfig)
    TIM_TI1_ConfigInputStage                 0x08001977   Thumb Code    80  py32f0xx_hal_tim.o(.text.TIM_TI1_ConfigInputStage)
    [Anonymous Symbol]                       0x08001976   Section        0  py32f0xx_hal_tim.o(.text.TIM_TI1_ConfigInputStage)
    [Anonymous Symbol]                       0x080019c8   Section        0  py32f0xx_hal_tim.o(.text.TIM_TI1_SetConfig)
    __arm_cp.62_0                            0x08001a44   Number         4  py32f0xx_hal_tim.o(.text.TIM_TI1_SetConfig)
    TIM_TI2_ConfigInputStage                 0x08001a49   Thumb Code    84  py32f0xx_hal_tim.o(.text.TIM_TI2_ConfigInputStage)
    [Anonymous Symbol]                       0x08001a48   Section        0  py32f0xx_hal_tim.o(.text.TIM_TI2_ConfigInputStage)
    TIM_TI2_SetConfig                        0x08001a9d   Thumb Code   110  py32f0xx_hal_tim.o(.text.TIM_TI2_SetConfig)
    [Anonymous Symbol]                       0x08001a9c   Section        0  py32f0xx_hal_tim.o(.text.TIM_TI2_SetConfig)
    TIM_TI3_SetConfig                        0x08001b0b   Thumb Code   108  py32f0xx_hal_tim.o(.text.TIM_TI3_SetConfig)
    [Anonymous Symbol]                       0x08001b0a   Section        0  py32f0xx_hal_tim.o(.text.TIM_TI3_SetConfig)
    TIM_TI4_SetConfig                        0x08001b77   Thumb Code   112  py32f0xx_hal_tim.o(.text.TIM_TI4_SetConfig)
    [Anonymous Symbol]                       0x08001b76   Section        0  py32f0xx_hal_tim.o(.text.TIM_TI4_SetConfig)
    __NVIC_EnableIRQ                         0x08001be9   Thumb Code    40  py32f0xx_hal_cortex.o(.text.__NVIC_EnableIRQ)
    [Anonymous Symbol]                       0x08001be8   Section        0  py32f0xx_hal_cortex.o(.text.__NVIC_EnableIRQ)
    __arm_cp.3_0                             0x08001c10   Number         4  py32f0xx_hal_cortex.o(.text.__NVIC_EnableIRQ)
    __NVIC_SetPriority                       0x08001c15   Thumb Code   124  py32f0xx_hal_cortex.o(.text.__NVIC_SetPriority)
    [Anonymous Symbol]                       0x08001c14   Section        0  py32f0xx_hal_cortex.o(.text.__NVIC_SetPriority)
    __arm_cp.1_0                             0x08001c90   Number         4  py32f0xx_hal_cortex.o(.text.__NVIC_SetPriority)
    __arm_cp.1_1                             0x08001c94   Number         4  py32f0xx_hal_cortex.o(.text.__NVIC_SetPriority)
    [Anonymous Symbol]                       0x08001c98   Section        0  main.o(.text.display_revolutions)
    __arm_cp.0_0                             0x08001d2c   Number         4  main.o(.text.display_revolutions)
    [Anonymous Symbol]                       0x08001d30   Section        0  main.o(.text.gpioInit)
    __arm_cp.3_0                             0x08001d94   Number         4  main.o(.text.gpioInit)
    [Anonymous Symbol]                       0x08001d98   Section        0  main.o(.text.main)
    [Anonymous Symbol]                       0x08001db8   Section        0  main.o(.text.timerDisplayInit)
    __arm_cp.4_0                             0x08001df4   Number         4  main.o(.text.timerDisplayInit)
    __arm_cp.4_1                             0x08001df8   Number         4  main.o(.text.timerDisplayInit)
    __arm_cp.4_2                             0x08001dfc   Number         4  main.o(.text.timerDisplayInit)
    [Anonymous Symbol]                       0x08001e00   Section        0  main.o(.text.timerMeasureInit)
    __arm_cp.5_0                             0x08001eb0   Number         4  main.o(.text.timerMeasureInit)
    __arm_cp.5_1                             0x08001eb4   Number         4  main.o(.text.timerMeasureInit)
    __arm_cp.5_2                             0x08001eb8   Number         4  main.o(.text.timerMeasureInit)
    [Anonymous Symbol]                       0x08001ebc   Section        0  py32f0xx_hal_rcc.o(.rodata..L__const.HAL_RCC_GetSysClockFreq.hsiValue)
    .bss                                     0x200000d0   Section       96  libspace.o(.bss)
    HAL_TIM_PeriodElapsedCallback.col        0x20000130   Data           2  main.o(.bss.HAL_TIM_PeriodElapsedCallback.col)
    [Anonymous Symbol]                       0x20000130   Section        0  main.o(.bss.HAL_TIM_PeriodElapsedCallback.col)
    HAL_TIM_PeriodElapsedCallback.sym        0x20000132   Data           1  main.o(.bss.HAL_TIM_PeriodElapsedCallback.sym)
    [Anonymous Symbol]                       0x20000132   Section        0  main.o(.bss.HAL_TIM_PeriodElapsedCallback.sym)
    Heap_Mem                                 0x20000188   Data           0  startup_py32f002ax5.o(HEAP)
    Stack_Mem                                0x20000188   Data        1024  startup_py32f002ax5.o(STACK)
    HEAP                                     0x20000188   Section        0  startup_py32f002ax5.o(HEAP)
    STACK                                    0x20000188   Section     1024  startup_py32f002ax5.o(STACK)
    __initial_sp                             0x20000588   Data           0  startup_py32f002ax5.o(STACK)

    Global Symbols

    Symbol Name                              Value     Ov Type        Size  Object(Section)

    BuildAttributes$$THM_ISAv3M$S$PE$A:L22$X:L11$S22$IEEE1$IW$~IW$USESV6$~STKCKD$USESV7$~SHL$OSPACE$ROPI$EBA8$UX$STANDARDLIB$REQ8$PRES8$EABIv2 0x00000000   Number         0  anon$$obj.o ABSOLUTE
    __ARM_exceptions_init                     - Undefined Weak Reference
    __alloca_initialize                       - Undefined Weak Reference
    __arm_preinit_                            - Undefined Weak Reference
    __arm_relocate_pie_                       - Undefined Weak Reference
    __cpp_initialize__aeabi_                  - Undefined Weak Reference
    __cxa_finalize                            - Undefined Weak Reference
    __rt_locale                               - Undefined Weak Reference
    __sigvec_lookup                           - Undefined Weak Reference
    _atexit_init                              - Undefined Weak Reference
    _call_atexit_fns                          - Undefined Weak Reference
    _clock_init                               - Undefined Weak Reference
    _fp_trap_init                             - Undefined Weak Reference
    _fp_trap_shutdown                         - Undefined Weak Reference
    _get_lc_collate                           - Undefined Weak Reference
    _get_lc_ctype                             - Undefined Weak Reference
    _get_lc_monetary                          - Undefined Weak Reference
    _get_lc_numeric                           - Undefined Weak Reference
    _get_lc_time                              - Undefined Weak Reference
    _getenv_init                              - Undefined Weak Reference
    _handle_redirection                       - Undefined Weak Reference
    _init_alloc                               - Undefined Weak Reference
    _init_user_alloc                          - Undefined Weak Reference
    _initio                                   - Undefined Weak Reference
    _rand_init                                - Undefined Weak Reference
    _signal_finish                            - Undefined Weak Reference
    _signal_init                              - Undefined Weak Reference
    _terminate_alloc                          - Undefined Weak Reference
    _terminate_user_alloc                     - Undefined Weak Reference
    _terminateio                              - Undefined Weak Reference
    __Vectors_Size                           0x000000c0   Number         0  startup_py32f002ax5.o ABSOLUTE
    __Vectors                                0x08000000   Data           4  startup_py32f002ax5.o(RESET)
    __Vectors_End                            0x080000c0   Data           0  startup_py32f002ax5.o(RESET)
    __main                                   0x080000c1   Thumb Code     8  __main.o(!!!main)
    __scatterload                            0x080000c9   Thumb Code     0  __scatter.o(!!!scatter)
    __scatterload_rt2                        0x080000c9   Thumb Code    74  __scatter.o(!!!scatter)
    __scatterload_rt2_thumb_only             0x080000c9   Thumb Code     0  __scatter.o(!!!scatter)
    __scatterload_loop                       0x080000d3   Thumb Code     0  __scatter.o(!!!scatter)
    __scatterload_copy                       0x0800011d   Thumb Code    26  __scatter_copy.o(!!handler_copy)
    __scatterload_null                       0x08000139   Thumb Code     2  __scatter.o(!!handler_null)
    __scatterload_zeroinit                   0x0800013d   Thumb Code    28  __scatter_zi.o(!!handler_zi)
    __rt_lib_init                            0x08000159   Thumb Code     0  libinit.o(.ARM.Collect$$libinit$$00000000)
    __rt_lib_init_alloca_1                   0x0800015b   Thumb Code     0  libinit2.o(.ARM.Collect$$libinit$$00000030)
    __rt_lib_init_argv_1                     0x0800015b   Thumb Code     0  libinit2.o(.ARM.Collect$$libinit$$0000002E)
    __rt_lib_init_atexit_1                   0x0800015b   Thumb Code     0  libinit2.o(.ARM.Collect$$libinit$$0000001D)
    __rt_lib_init_clock_1                    0x0800015b   Thumb Code     0  libinit2.o(.ARM.Collect$$libinit$$00000023)
    __rt_lib_init_cpp_1                      0x0800015b   Thumb Code     0  libinit2.o(.ARM.Collect$$libinit$$00000034)
    __rt_lib_init_exceptions_1               0x0800015b   Thumb Code     0  libinit2.o(.ARM.Collect$$libinit$$00000032)
    __rt_lib_init_fp_1                       0x0800015b   Thumb Code     0  libinit2.o(.ARM.Collect$$libinit$$00000002)
    __rt_lib_init_fp_trap_1                  0x0800015b   Thumb Code     0  libinit2.o(.ARM.Collect$$libinit$$00000021)
    __rt_lib_init_getenv_1                   0x0800015b   Thumb Code     0  libinit2.o(.ARM.Collect$$libinit$$00000025)
    __rt_lib_init_heap_1                     0x0800015b   Thumb Code     0  libinit2.o(.ARM.Collect$$libinit$$0000000C)
    __rt_lib_init_lc_collate_1               0x0800015b   Thumb Code     0  libinit2.o(.ARM.Collect$$libinit$$00000013)
    __rt_lib_init_lc_ctype_1                 0x0800015b   Thumb Code     0  libinit2.o(.ARM.Collect$$libinit$$00000015)
    __rt_lib_init_lc_monetary_1              0x0800015b   Thumb Code     0  libinit2.o(.ARM.Collect$$libinit$$00000017)
    __rt_lib_init_lc_numeric_1               0x0800015b   Thumb Code     0  libinit2.o(.ARM.Collect$$libinit$$00000019)
    __rt_lib_init_lc_time_1                  0x0800015b   Thumb Code     0  libinit2.o(.ARM.Collect$$libinit$$0000001B)
    __rt_lib_init_preinit_1                  0x0800015b   Thumb Code     0  libinit2.o(.ARM.Collect$$libinit$$00000006)
    __rt_lib_init_rand_1                     0x0800015b   Thumb Code     0  libinit2.o(.ARM.Collect$$libinit$$00000010)
    __rt_lib_init_relocate_pie_1             0x0800015b   Thumb Code     0  libinit2.o(.ARM.Collect$$libinit$$00000004)
    __rt_lib_init_return                     0x0800015b   Thumb Code     0  libinit2.o(.ARM.Collect$$libinit$$00000035)
    __rt_lib_init_signal_1                   0x0800015b   Thumb Code     0  libinit2.o(.ARM.Collect$$libinit$$0000001F)
    __rt_lib_init_stdio_1                    0x0800015b   Thumb Code     0  libinit2.o(.ARM.Collect$$libinit$$00000027)
    __rt_lib_init_user_alloc_1               0x0800015b   Thumb Code     0  libinit2.o(.ARM.Collect$$libinit$$0000000E)
    __rt_lib_shutdown                        0x0800015d   Thumb Code     0  libshutdown.o(.ARM.Collect$$libshutdown$$00000000)
    __rt_lib_shutdown_cpp_1                  0x0800015f   Thumb Code     0  libshutdown2.o(.ARM.Collect$$libshutdown$$00000002)
    __rt_lib_shutdown_fp_trap_1              0x0800015f   Thumb Code     0  libshutdown2.o(.ARM.Collect$$libshutdown$$00000007)
    __rt_lib_shutdown_heap_1                 0x0800015f   Thumb Code     0  libshutdown2.o(.ARM.Collect$$libshutdown$$0000000F)
    __rt_lib_shutdown_return                 0x0800015f   Thumb Code     0  libshutdown2.o(.ARM.Collect$$libshutdown$$00000010)
    __rt_lib_shutdown_signal_1               0x0800015f   Thumb Code     0  libshutdown2.o(.ARM.Collect$$libshutdown$$0000000A)
    __rt_lib_shutdown_stdio_1                0x0800015f   Thumb Code     0  libshutdown2.o(.ARM.Collect$$libshutdown$$00000004)
    __rt_lib_shutdown_user_alloc_1           0x0800015f   Thumb Code     0  libshutdown2.o(.ARM.Collect$$libshutdown$$0000000C)
    __rt_entry                               0x08000161   Thumb Code     0  __rtentry.o(.ARM.Collect$$rtentry$$00000000)
    __rt_entry_presh_1                       0x08000161   Thumb Code     0  __rtentry2.o(.ARM.Collect$$rtentry$$00000002)
    __rt_entry_sh                            0x08000161   Thumb Code     0  __rtentry4.o(.ARM.Collect$$rtentry$$00000004)
    __rt_entry_li                            0x08000167   Thumb Code     0  __rtentry2.o(.ARM.Collect$$rtentry$$0000000A)
    __rt_entry_postsh_1                      0x08000167   Thumb Code     0  __rtentry2.o(.ARM.Collect$$rtentry$$00000009)
    __rt_entry_main                          0x0800016b   Thumb Code     0  __rtentry2.o(.ARM.Collect$$rtentry$$0000000D)
    __rt_entry_postli_1                      0x0800016b   Thumb Code     0  __rtentry2.o(.ARM.Collect$$rtentry$$0000000C)
    __rt_exit                                0x08000173   Thumb Code     0  rtexit.o(.ARM.Collect$$rtexit$$00000000)
    __rt_exit_ls                             0x08000175   Thumb Code     0  rtexit2.o(.ARM.Collect$$rtexit$$00000003)
    __rt_exit_prels_1                        0x08000175   Thumb Code     0  rtexit2.o(.ARM.Collect$$rtexit$$00000002)
    __rt_exit_exit                           0x08000179   Thumb Code     0  rtexit2.o(.ARM.Collect$$rtexit$$00000004)
    Reset_Handler                            0x08000181   Thumb Code     8  startup_py32f002ax5.o(.text)
    ADC_COMP_IRQHandler                      0x08000193   Thumb Code     0  startup_py32f002ax5.o(.text)
    EXTI0_1_IRQHandler                       0x08000193   Thumb Code     0  startup_py32f002ax5.o(.text)
    EXTI2_3_IRQHandler                       0x08000193   Thumb Code     0  startup_py32f002ax5.o(.text)
    EXTI4_15_IRQHandler                      0x08000193   Thumb Code     0  startup_py32f002ax5.o(.text)
    FLASH_IRQHandler                         0x08000193   Thumb Code     0  startup_py32f002ax5.o(.text)
    I2C1_IRQHandler                          0x08000193   Thumb Code     0  startup_py32f002ax5.o(.text)
    LPTIM1_IRQHandler                        0x08000193   Thumb Code     0  startup_py32f002ax5.o(.text)
    RCC_IRQHandler                           0x08000193   Thumb Code     0  startup_py32f002ax5.o(.text)
    SPI1_IRQHandler                          0x08000193   Thumb Code     0  startup_py32f002ax5.o(.text)
    TIM1_CC_IRQHandler                       0x08000193   Thumb Code     0  startup_py32f002ax5.o(.text)
    USART1_IRQHandler                        0x08000193   Thumb Code     0  startup_py32f002ax5.o(.text)
    __user_initial_stackheap                 0x08000195   Thumb Code     0  startup_py32f002ax5.o(.text)
    __aeabi_uidiv                            0x080001b5   Thumb Code     0  aeabi_sdiv.o(.text)
    __aeabi_uidivmod                         0x080001b5   Thumb Code    20  aeabi_sdiv.o(.text)
    __aeabi_idiv                             0x080001c9   Thumb Code     0  aeabi_sdiv.o(.text)
    __aeabi_idivmod                          0x080001c9   Thumb Code   338  aeabi_sdiv.o(.text)
    __use_two_region_memory                  0x08000321   Thumb Code     2  heapauxi.o(.text)
    __rt_heap_escrow$2region                 0x08000323   Thumb Code     2  heapauxi.o(.text)
    __rt_heap_expand$2region                 0x08000325   Thumb Code     2  heapauxi.o(.text)
    __user_setup_stackheap                   0x08000327   Thumb Code    62  sys_stackheap_outer.o(.text)
    exit                                     0x08000365   Thumb Code    16  exit.o(.text)
    __user_libspace                          0x08000375   Thumb Code     8  libspace.o(.text)
    __user_perproc_libspace                  0x08000375   Thumb Code     0  libspace.o(.text)
    __user_perthread_libspace                0x08000375   Thumb Code     0  libspace.o(.text)
    _sys_exit                                0x0800037d   Thumb Code     8  sys_exit.o(.text)
    __I$use$semihosting                      0x08000389   Thumb Code     0  use_no_semi.o(.text)
    __use_no_semihosting_swi                 0x08000389   Thumb Code     2  use_no_semi.o(.text)
    __semihosting_library_function           0x0800038b   Thumb Code     0  indicate_semi.o(.text)
    main                                     0x0800038d   Thumb Code    72  system_py32f0xx.o(.text.$Sub$$main)
    APP_ErrorHandler                         0x080003dd   Thumb Code     4  main.o(.text.APP_ErrorHandler)
    HAL_GPIO_Init                            0x08000459   Thumb Code   644  py32f0xx_hal_gpio.o(.text.HAL_GPIO_Init)
    HAL_GPIO_WritePin                        0x080006f5   Thumb Code    44  py32f0xx_hal_gpio.o(.text.HAL_GPIO_WritePin)
    HAL_GetTick                              0x08000721   Thumb Code     8  py32f0xx_hal.o(.text.HAL_GetTick)
    HAL_IncTick                              0x08000729   Thumb Code    16  py32f0xx_hal.o(.text.HAL_IncTick)
    HAL_Init                                 0x0800073d   Thumb Code    44  py32f0xx_hal.o(.text.HAL_Init)
    HAL_InitTick                             0x08000769   Thumb Code   120  py32f0xx_hal.o(.text.HAL_InitTick)
    HAL_MspInit                              0x080007e5   Thumb Code    52  py32f0xx_hal_msp.o(.text.HAL_MspInit)
    HAL_NVIC_EnableIRQ                       0x08000821   Thumb Code    22  py32f0xx_hal_cortex.o(.text.HAL_NVIC_EnableIRQ)
    HAL_NVIC_SetPriority                     0x08000837   Thumb Code    28  py32f0xx_hal_cortex.o(.text.HAL_NVIC_SetPriority)
    HAL_RCC_ClockConfig                      0x08000855   Thumb Code   504  py32f0xx_hal_rcc.o(.text.HAL_RCC_ClockConfig)
    HAL_RCC_GetSysClockFreq                  0x08000a65   Thumb Code   148  py32f0xx_hal_rcc.o(.text.HAL_RCC_GetSysClockFreq)
    HAL_RCC_OscConfig                        0x08000b0d   Thumb Code   896  py32f0xx_hal_rcc.o(.text.HAL_RCC_OscConfig)
    HAL_SYSTICK_Config                       0x08000eb1   Thumb Code    16  py32f0xx_hal_cortex.o(.text.HAL_SYSTICK_Config)
    HAL_TIMEx_BreakCallback                  0x08000ec1   Thumb Code     8  py32f0xx_hal_tim_ex.o(.text.HAL_TIMEx_BreakCallback)
    HAL_TIMEx_CommutCallback                 0x08000ec9   Thumb Code     8  py32f0xx_hal_tim_ex.o(.text.HAL_TIMEx_CommutCallback)
    HAL_TIM_Base_Init                        0x08000ed1   Thumb Code    82  py32f0xx_hal_tim.o(.text.HAL_TIM_Base_Init)
    HAL_TIM_Base_MspInit                     0x08000f25   Thumb Code    96  py32f0xx_hal_msp.o(.text.HAL_TIM_Base_MspInit)
    HAL_TIM_Base_Start_IT                    0x08000f89   Thumb Code    56  py32f0xx_hal_tim.o(.text.HAL_TIM_Base_Start_IT)
    HAL_TIM_IC_CaptureCallback               0x08000fc1   Thumb Code     8  py32f0xx_hal_tim.o(.text.HAL_TIM_IC_CaptureCallback)
    HAL_TIM_IC_ConfigChannel                 0x08000fc9   Thumb Code   290  py32f0xx_hal_tim.o(.text.HAL_TIM_IC_ConfigChannel)
    HAL_TIM_IC_Init                          0x080010eb   Thumb Code    82  py32f0xx_hal_tim.o(.text.HAL_TIM_IC_Init)
    HAL_TIM_IC_MspInit                       0x0800113d   Thumb Code     8  py32f0xx_hal_tim.o(.text.HAL_TIM_IC_MspInit)
    HAL_TIM_IC_Start_IT                      0x08001145   Thumb Code   190  py32f0xx_hal_tim.o(.text.HAL_TIM_IC_Start_IT)
    HAL_TIM_IRQHandler                       0x08001203   Thumb Code   618  py32f0xx_hal_tim.o(.text.HAL_TIM_IRQHandler)
    HAL_TIM_OC_DelayElapsedCallback          0x0800146d   Thumb Code     8  py32f0xx_hal_tim.o(.text.HAL_TIM_OC_DelayElapsedCallback)
    HAL_TIM_PWM_PulseFinishedCallback        0x08001475   Thumb Code     8  py32f0xx_hal_tim.o(.text.HAL_TIM_PWM_PulseFinishedCallback)
    HAL_TIM_PeriodElapsedCallback            0x0800147d   Thumb Code   136  main.o(.text.HAL_TIM_PeriodElapsedCallback)
    HAL_TIM_ReadCapturedValue                0x08001519   Thumb Code   128  py32f0xx_hal_tim.o(.text.HAL_TIM_ReadCapturedValue)
    HAL_TIM_SlaveConfigSynchro_IT            0x08001599   Thumb Code   126  py32f0xx_hal_tim.o(.text.HAL_TIM_SlaveConfigSynchro_IT)
    HAL_TIM_TriggerCallback                  0x08001619   Thumb Code   128  main.o(.text.HAL_TIM_TriggerCallback)
    HardFault_Handler                        0x0800169d   Thumb Code     4  py32f0xx_it.o(.text.HardFault_Handler)
    NMI_Handler                              0x080016a1   Thumb Code     2  py32f0xx_it.o(.text.NMI_Handler)
    PendSV_Handler                           0x080016a3   Thumb Code     2  py32f0xx_it.o(.text.PendSV_Handler)
    SVC_Handler                              0x080016a5   Thumb Code     2  py32f0xx_it.o(.text.SVC_Handler)
    SysTick_Handler                          0x080016f9   Thumb Code     8  py32f0xx_it.o(.text.SysTick_Handler)
    SystemInit                               0x08001701   Thumb Code    32  system_py32f0xx.o(.text.SystemInit)
    TIM16_IRQHandler                         0x08001731   Thumb Code    12  py32f0xx_it.o(.text.TIM16_IRQHandler)
    TIM1_BRK_UP_TRG_COM_IRQHandler           0x08001741   Thumb Code    12  py32f0xx_it.o(.text.TIM1_BRK_UP_TRG_COM_IRQHandler)
    TIM_Base_SetConfig                       0x08001751   Thumb Code   160  py32f0xx_hal_tim.o(.text.TIM_Base_SetConfig)
    TIM_CCxChannelCmd                        0x080017f5   Thumb Code    50  py32f0xx_hal_tim.o(.text.TIM_CCxChannelCmd)
    TIM_ETR_SetConfig                        0x08001827   Thumb Code    54  py32f0xx_hal_tim.o(.text.TIM_ETR_SetConfig)
    TIM_TI1_SetConfig                        0x080019c9   Thumb Code   124  py32f0xx_hal_tim.o(.text.TIM_TI1_SetConfig)
    display_revolutions                      0x08001c99   Thumb Code   148  main.o(.text.display_revolutions)
    gpioInit                                 0x08001d31   Thumb Code   100  main.o(.text.gpioInit)
    $Super$$main                             0x08001d99   Thumb Code    32  main.o(.text.main)
    timerDisplayInit                         0x08001db9   Thumb Code    60  main.o(.text.timerDisplayInit)
    timerMeasureInit                         0x08001e01   Thumb Code   176  main.o(.text.timerMeasureInit)
    AHBPrescTable                            0x08001ed0   Data          64  system_py32f0xx.o(.rodata.AHBPrescTable)
    TachoFont                                0x08001f10   Data         576  tachofont.o(.rodata.TachoFont)
    Region$$Table$$Base                      0x08002150   Number         0  anon$$obj.o(Region$$Table)
    Region$$Table$$Limit                     0x08002170   Number         0  anon$$obj.o(Region$$Table)
    VECT_SRAM_TAB                            0x20000000   Data         192  system_py32f0xx.o(.ARM.__at_0x20000000)
    SystemCoreClock                          0x200000c0   Data           4  system_py32f0xx.o(.data.SystemCoreClock)
    uwTickFreq                               0x200000c4   Data           4  py32f0xx_hal.o(.data.uwTickFreq)
    uwTickPrio                               0x200000c8   Data           4  py32f0xx_hal.o(.data.uwTickPrio)
    __libspace_start                         0x200000d0   Data          96  libspace.o(.bss)
    __temporary_stack_top$libspace           0x20000130   Data           0  libspace.o(.bss)
    buffer                                   0x20000133   Data          10  main.o(.bss.buffer)
    tim16DisplayHandle                       0x20000140   Data          32  main.o(.bss.tim16DisplayHandle)
    tim1MeasureHandle                        0x20000160   Data          32  main.o(.bss.tim1MeasureHandle)
    uwTick                                   0x20000180   Data           4  py32f0xx_hal.o(.bss.uwTick)



==============================================================================

Memory Map of the image

  Image Entry point : 0x08000181

  Load Region LR_1 (Base: 0x08000000, Size: 0x0000223c, Max: 0xffffffff, ABSOLUTE)

    Execution Region ER_RO (Exec base: 0x08000000, Load base: 0x08000000, Size: 0x00002170, Max: 0xffffffff, ABSOLUTE)

    Exec Addr    Load Addr    Size         Type   Attr      Idx    E Section Name        Object

    0x08000000   0x08000000   0x000000c0   Data   RO          603    RESET               startup_py32f002ax5.o
    0x080000c0   0x080000c0   0x00000008   Code   RO          636  * !!!main             c_p.l(__main.o)
    0x080000c8   0x080000c8   0x00000054   Code   RO          813    !!!scatter          c_p.l(__scatter.o)
    0x0800011c   0x0800011c   0x0000001a   Code   RO          817    !!handler_copy      c_p.l(__scatter_copy.o)
    0x08000136   0x08000136   0x00000002   PAD
    0x08000138   0x08000138   0x00000002   Code   RO          814    !!handler_null      c_p.l(__scatter.o)
    0x0800013a   0x0800013a   0x00000002   PAD
    0x0800013c   0x0800013c   0x0000001c   Code   RO          819    !!handler_zi        c_p.l(__scatter_zi.o)
    0x08000158   0x08000158   0x00000002   Code   RO          674    .ARM.Collect$$libinit$$00000000  c_p.l(libinit.o)
    0x0800015a   0x0800015a   0x00000000   Code   RO          688    .ARM.Collect$$libinit$$00000002  c_p.l(libinit2.o)
    0x0800015a   0x0800015a   0x00000000   Code   RO          690    .ARM.Collect$$libinit$$00000004  c_p.l(libinit2.o)
    0x0800015a   0x0800015a   0x00000000   Code   RO          692    .ARM.Collect$$libinit$$00000006  c_p.l(libinit2.o)
    0x0800015a   0x0800015a   0x00000000   Code   RO          695    .ARM.Collect$$libinit$$0000000C  c_p.l(libinit2.o)
    0x0800015a   0x0800015a   0x00000000   Code   RO          697    .ARM.Collect$$libinit$$0000000E  c_p.l(libinit2.o)
    0x0800015a   0x0800015a   0x00000000   Code   RO          699    .ARM.Collect$$libinit$$00000010  c_p.l(libinit2.o)
    0x0800015a   0x0800015a   0x00000000   Code   RO          702    .ARM.Collect$$libinit$$00000013  c_p.l(libinit2.o)
    0x0800015a   0x0800015a   0x00000000   Code   RO          704    .ARM.Collect$$libinit$$00000015  c_p.l(libinit2.o)
    0x0800015a   0x0800015a   0x00000000   Code   RO          706    .ARM.Collect$$libinit$$00000017  c_p.l(libinit2.o)
    0x0800015a   0x0800015a   0x00000000   Code   RO          708    .ARM.Collect$$libinit$$00000019  c_p.l(libinit2.o)
    0x0800015a   0x0800015a   0x00000000   Code   RO          710    .ARM.Collect$$libinit$$0000001B  c_p.l(libinit2.o)
    0x0800015a   0x0800015a   0x00000000   Code   RO          712    .ARM.Collect$$libinit$$0000001D  c_p.l(libinit2.o)
    0x0800015a   0x0800015a   0x00000000   Code   RO          714    .ARM.Collect$$libinit$$0000001F  c_p.l(libinit2.o)
    0x0800015a   0x0800015a   0x00000000   Code   RO          716    .ARM.Collect$$libinit$$00000021  c_p.l(libinit2.o)
    0x0800015a   0x0800015a   0x00000000   Code   RO          718    .ARM.Collect$$libinit$$00000023  c_p.l(libinit2.o)
    0x0800015a   0x0800015a   0x00000000   Code   RO          720    .ARM.Collect$$libinit$$00000025  c_p.l(libinit2.o)
    0x0800015a   0x0800015a   0x00000000   Code   RO          722    .ARM.Collect$$libinit$$00000027  c_p.l(libinit2.o)
    0x0800015a   0x0800015a   0x00000000   Code   RO          726    .ARM.Collect$$libinit$$0000002E  c_p.l(libinit2.o)
    0x0800015a   0x0800015a   0x00000000   Code   RO          728    .ARM.Collect$$libinit$$00000030  c_p.l(libinit2.o)
    0x0800015a   0x0800015a   0x00000000   Code   RO          730    .ARM.Collect$$libinit$$00000032  c_p.l(libinit2.o)
    0x0800015a   0x0800015a   0x00000000   Code   RO          732    .ARM.Collect$$libinit$$00000034  c_p.l(libinit2.o)
    0x0800015a   0x0800015a   0x00000002   Code   RO          733    .ARM.Collect$$libinit$$00000035  c_p.l(libinit2.o)
    0x0800015c   0x0800015c   0x00000002   Code   RO          768    .ARM.Collect$$libshutdown$$00000000  c_p.l(libshutdown.o)
    0x0800015e   0x0800015e   0x00000000   Code   RO          796    .ARM.Collect$$libshutdown$$00000002  c_p.l(libshutdown2.o)
    0x0800015e   0x0800015e   0x00000000   Code   RO          798    .ARM.Collect$$libshutdown$$00000004  c_p.l(libshutdown2.o)
    0x0800015e   0x0800015e   0x00000000   Code   RO          801    .ARM.Collect$$libshutdown$$00000007  c_p.l(libshutdown2.o)
    0x0800015e   0x0800015e   0x00000000   Code   RO          804    .ARM.Collect$$libshutdown$$0000000A  c_p.l(libshutdown2.o)
    0x0800015e   0x0800015e   0x00000000   Code   RO          806    .ARM.Collect$$libshutdown$$0000000C  c_p.l(libshutdown2.o)
    0x0800015e   0x0800015e   0x00000000   Code   RO          809    .ARM.Collect$$libshutdown$$0000000F  c_p.l(libshutdown2.o)
    0x0800015e   0x0800015e   0x00000002   Code   RO          810    .ARM.Collect$$libshutdown$$00000010  c_p.l(libshutdown2.o)
    0x08000160   0x08000160   0x00000000   Code   RO          638    .ARM.Collect$$rtentry$$00000000  c_p.l(__rtentry.o)
    0x08000160   0x08000160   0x00000000   Code   RO          644    .ARM.Collect$$rtentry$$00000002  c_p.l(__rtentry2.o)
    0x08000160   0x08000160   0x00000006   Code   RO          656    .ARM.Collect$$rtentry$$00000004  c_p.l(__rtentry4.o)
    0x08000166   0x08000166   0x00000000   Code   RO          646    .ARM.Collect$$rtentry$$00000009  c_p.l(__rtentry2.o)
    0x08000166   0x08000166   0x00000004   Code   RO          647    .ARM.Collect$$rtentry$$0000000A  c_p.l(__rtentry2.o)
    0x0800016a   0x0800016a   0x00000000   Code   RO          649    .ARM.Collect$$rtentry$$0000000C  c_p.l(__rtentry2.o)
    0x0800016a   0x0800016a   0x00000008   Code   RO          650    .ARM.Collect$$rtentry$$0000000D  c_p.l(__rtentry2.o)
    0x08000172   0x08000172   0x00000002   Code   RO          679    .ARM.Collect$$rtexit$$00000000  c_p.l(rtexit.o)
    0x08000174   0x08000174   0x00000000   Code   RO          739    .ARM.Collect$$rtexit$$00000002  c_p.l(rtexit2.o)
    0x08000174   0x08000174   0x00000004   Code   RO          740    .ARM.Collect$$rtexit$$00000003  c_p.l(rtexit2.o)
    0x08000178   0x08000178   0x00000006   Code   RO          741    .ARM.Collect$$rtexit$$00000004  c_p.l(rtexit2.o)
    0x0800017e   0x0800017e   0x00000002   PAD
    0x08000180   0x08000180   0x00000034   Code   RO          604  * .text               startup_py32f002ax5.o
    0x080001b4   0x080001b4   0x0000016c   Code   RO          630    .text               c_p.l(aeabi_sdiv.o)
    0x08000320   0x08000320   0x00000006   Code   RO          634    .text               c_p.l(heapauxi.o)
    0x08000326   0x08000326   0x0000003e   Code   RO          660    .text               c_p.l(sys_stackheap_outer.o)
    0x08000364   0x08000364   0x00000010   Code   RO          663    .text               c_p.l(exit.o)
    0x08000374   0x08000374   0x00000008   Code   RO          675    .text               c_p.l(libspace.o)
    0x0800037c   0x0800037c   0x0000000c   Code   RO          734    .text               c_p.l(sys_exit.o)
    0x08000388   0x08000388   0x00000002   Code   RO          757    .text               c_p.l(use_no_semi.o)
    0x0800038a   0x0800038a   0x00000000   Code   RO          759    .text               c_p.l(indicate_semi.o)
    0x0800038a   0x0800038a   0x00000002   PAD
    0x0800038c   0x0800038c   0x00000050   Code   RO          615    .text.$Sub$$main    system_py32f0xx.o
    0x080003dc   0x080003dc   0x00000004   Code   RO           14    .text.APP_ErrorHandler  main.o
    0x080003e0   0x080003e0   0x00000078   Code   RO            6    .text.APP_SystemClockConfig  main.o
    0x08000458   0x08000458   0x0000029c   Code   RO          238    .text.HAL_GPIO_Init  py32f0xx_hal_gpio.o
    0x080006f4   0x080006f4   0x0000002c   Code   RO          244    .text.HAL_GPIO_WritePin  py32f0xx_hal_gpio.o
    0x08000720   0x08000720   0x00000008   Code   RO           83    .text.HAL_GetTick   py32f0xx_hal.o
    0x08000728   0x08000728   0x00000014   Code   RO           81    .text.HAL_IncTick   py32f0xx_hal.o
    0x0800073c   0x0800073c   0x0000002c   Code   RO           71    .text.HAL_Init      py32f0xx_hal.o
    0x08000768   0x08000768   0x0000007c   Code   RO           73    .text.HAL_InitTick  py32f0xx_hal.o
    0x080007e4   0x080007e4   0x0000003c   Code   RO           33    .text.HAL_MspInit   py32f0xx_hal_msp.o
    0x08000820   0x08000820   0x00000016   Code   RO          129    .text.HAL_NVIC_EnableIRQ  py32f0xx_hal_cortex.o
    0x08000836   0x08000836   0x0000001c   Code   RO          125    .text.HAL_NVIC_SetPriority  py32f0xx_hal_cortex.o
    0x08000852   0x08000852   0x00000002   PAD
    0x08000854   0x08000854   0x00000210   Code   RO          301    .text.HAL_RCC_ClockConfig  py32f0xx_hal_rcc.o
    0x08000a64   0x08000a64   0x000000a8   Code   RO          299    .text.HAL_RCC_GetSysClockFreq  py32f0xx_hal_rcc.o
    0x08000b0c   0x08000b0c   0x000003a4   Code   RO          297    .text.HAL_RCC_OscConfig  py32f0xx_hal_rcc.o
    0x08000eb0   0x08000eb0   0x00000010   Code   RO          141    .text.HAL_SYSTICK_Config  py32f0xx_hal_cortex.o
    0x08000ec0   0x08000ec0   0x00000008   Code   RO          588    .text.HAL_TIMEx_BreakCallback  py32f0xx_hal_tim_ex.o
    0x08000ec8   0x08000ec8   0x00000008   Code   RO          584    .text.HAL_TIMEx_CommutCallback  py32f0xx_hal_tim_ex.o
    0x08000ed0   0x08000ed0   0x00000052   Code   RO          345    .text.HAL_TIM_Base_Init  py32f0xx_hal_tim.o
    0x08000f22   0x08000f22   0x00000002   PAD
    0x08000f24   0x08000f24   0x00000064   Code   RO           35    .text.HAL_TIM_Base_MspInit  py32f0xx_hal_msp.o
    0x08000f88   0x08000f88   0x00000038   Code   RO          359    .text.HAL_TIM_Base_Start_IT  py32f0xx_hal_tim.o
    0x08000fc0   0x08000fc0   0x00000008   Code   RO          447    .text.HAL_TIM_IC_CaptureCallback  py32f0xx_hal_tim.o
    0x08000fc8   0x08000fc8   0x00000122   Code   RO          467    .text.HAL_TIM_IC_ConfigChannel  py32f0xx_hal_tim.o
    0x080010ea   0x080010ea   0x00000052   Code   RO          397    .text.HAL_TIM_IC_Init  py32f0xx_hal_tim.o
    0x0800113c   0x0800113c   0x00000008   Code   RO          399    .text.HAL_TIM_IC_MspInit  py32f0xx_hal_tim.o
    0x08001144   0x08001144   0x000000be   Code   RO          409    .text.HAL_TIM_IC_Start_IT  py32f0xx_hal_tim.o
    0x08001202   0x08001202   0x0000026a   Code   RO          445    .text.HAL_TIM_IRQHandler  py32f0xx_hal_tim.o
    0x0800146c   0x0800146c   0x00000008   Code   RO          449    .text.HAL_TIM_OC_DelayElapsedCallback  py32f0xx_hal_tim.o
    0x08001474   0x08001474   0x00000008   Code   RO          451    .text.HAL_TIM_PWM_PulseFinishedCallback  py32f0xx_hal_tim.o
    0x0800147c   0x0800147c   0x0000009c   Code   RO           18    .text.HAL_TIM_PeriodElapsedCallback  main.o
    0x08001518   0x08001518   0x00000080   Code   RO          503    .text.HAL_TIM_ReadCapturedValue  py32f0xx_hal_tim.o
    0x08001598   0x08001598   0x0000007e   Code   RO          501    .text.HAL_TIM_SlaveConfigSynchro_IT  py32f0xx_hal_tim.o
    0x08001616   0x08001616   0x00000002   PAD
    0x08001618   0x08001618   0x00000084   Code   RO           16    .text.HAL_TIM_TriggerCallback  main.o
    0x0800169c   0x0800169c   0x00000004   Code   RO           46    .text.HardFault_Handler  py32f0xx_it.o
    0x080016a0   0x080016a0   0x00000002   Code   RO           44    .text.NMI_Handler   py32f0xx_it.o
    0x080016a2   0x080016a2   0x00000002   Code   RO           50    .text.PendSV_Handler  py32f0xx_it.o
    0x080016a4   0x080016a4   0x00000002   Code   RO           48    .text.SVC_Handler   py32f0xx_it.o
    0x080016a6   0x080016a6   0x00000002   PAD
    0x080016a8   0x080016a8   0x00000050   Code   RO          143    .text.SysTick_Config  py32f0xx_hal_cortex.o
    0x080016f8   0x080016f8   0x00000008   Code   RO           52    .text.SysTick_Handler  py32f0xx_it.o
    0x08001700   0x08001700   0x00000030   Code   RO          613    .text.SystemInit    system_py32f0xx.o
    0x08001730   0x08001730   0x00000010   Code   RO           56    .text.TIM16_IRQHandler  py32f0xx_it.o
    0x08001740   0x08001740   0x00000010   Code   RO           54    .text.TIM1_BRK_UP_TRG_COM_IRQHandler  py32f0xx_it.o
    0x08001750   0x08001750   0x000000a4   Code   RO          349    .text.TIM_Base_SetConfig  py32f0xx_hal_tim.o
    0x080017f4   0x080017f4   0x00000032   Code   RO          373    .text.TIM_CCxChannelCmd  py32f0xx_hal_tim.o
    0x08001826   0x08001826   0x00000036   Code   RO          485    .text.TIM_ETR_SetConfig  py32f0xx_hal_tim.o
    0x0800185c   0x0800185c   0x0000011a   Code   RO          499    .text.TIM_SlaveTimer_SetConfig  py32f0xx_hal_tim.o
    0x08001976   0x08001976   0x00000050   Code   RO          489    .text.TIM_TI1_ConfigInputStage  py32f0xx_hal_tim.o
    0x080019c6   0x080019c6   0x00000002   PAD
    0x080019c8   0x080019c8   0x00000080   Code   RO          469    .text.TIM_TI1_SetConfig  py32f0xx_hal_tim.o
    0x08001a48   0x08001a48   0x00000054   Code   RO          493    .text.TIM_TI2_ConfigInputStage  py32f0xx_hal_tim.o
    0x08001a9c   0x08001a9c   0x0000006e   Code   RO          471    .text.TIM_TI2_SetConfig  py32f0xx_hal_tim.o
    0x08001b0a   0x08001b0a   0x0000006c   Code   RO          473    .text.TIM_TI3_SetConfig  py32f0xx_hal_tim.o
    0x08001b76   0x08001b76   0x00000070   Code   RO          475    .text.TIM_TI4_SetConfig  py32f0xx_hal_tim.o
    0x08001be6   0x08001be6   0x00000002   PAD
    0x08001be8   0x08001be8   0x0000002c   Code   RO          131    .text.__NVIC_EnableIRQ  py32f0xx_hal_cortex.o
    0x08001c14   0x08001c14   0x00000084   Code   RO          127    .text.__NVIC_SetPriority  py32f0xx_hal_cortex.o
    0x08001c98   0x08001c98   0x00000098   Code   RO            2    .text.display_revolutions  main.o
    0x08001d30   0x08001d30   0x00000068   Code   RO            8    .text.gpioInit      main.o
    0x08001d98   0x08001d98   0x00000020   Code   RO            4    .text.main          main.o
    0x08001db8   0x08001db8   0x00000048   Code   RO           10    .text.timerDisplayInit  main.o
    0x08001e00   0x08001e00   0x000000bc   Code   RO           12    .text.timerMeasureInit  main.o
    0x08001ebc   0x08001ebc   0x00000014   Data   RO          319    .rodata..L__const.HAL_RCC_GetSysClockFreq.hsiValue  py32f0xx_hal_rcc.o
    0x08001ed0   0x08001ed0   0x00000040   Data   RO          618    .rodata.AHBPrescTable  system_py32f0xx.o
    0x08001f10   0x08001f10   0x00000240   Data   RO           65    .rodata.TachoFont   tachofont.o
    0x08002150   0x08002150   0x00000020   Data   RO          812    Region$$Table       anon$$obj.o


    Execution Region ER_RW (Exec base: 0x20000000, Load base: 0x08002170, Size: 0x000000cc, Max: 0xffffffff, ABSOLUTE)

    Exec Addr    Load Addr    Size         Type   Attr      Idx    E Section Name        Object

    0x20000000   0x08002170   0x000000c0   Data   RW          621    .ARM.__at_0x20000000  system_py32f0xx.o
    0x200000c0   0x08002230   0x00000004   Data   RW          617    .data.SystemCoreClock  system_py32f0xx.o
    0x200000c4   0x08002234   0x00000004   Data   RW          114    .data.uwTickFreq    py32f0xx_hal.o
    0x200000c8   0x08002238   0x00000004   Data   RW          113    .data.uwTickPrio    py32f0xx_hal.o


    Execution Region ER_ZI (Exec base: 0x200000d0, Load base: 0x0800223c, Size: 0x000004b8, Max: 0xffffffff, ABSOLUTE)

    Exec Addr    Load Addr    Size         Type   Attr      Idx    E Section Name        Object

    0x200000d0        -       0x00000060   Zero   RW          676    .bss                c_p.l(libspace.o)
    0x20000130        -       0x00000002   Zero   RW           24    .bss.HAL_TIM_PeriodElapsedCallback.col  main.o
    0x20000132        -       0x00000001   Zero   RW           23    .bss.HAL_TIM_PeriodElapsedCallback.sym  main.o
    0x20000133        -       0x0000000a   Zero   RW           20    .bss.buffer         main.o
    0x2000013d   0x0800223c   0x00000003   PAD
    0x20000140        -       0x00000020   Zero   RW           22    .bss.tim16DisplayHandle  main.o
    0x20000160        -       0x00000020   Zero   RW           21    .bss.tim1MeasureHandle  main.o
    0x20000180        -       0x00000004   Zero   RW          115    .bss.uwTick         py32f0xx_hal.o
    0x20000184   0x0800223c   0x00000004   PAD
    0x20000188        -       0x00000000   Zero   RW          602    HEAP                startup_py32f002ax5.o
    0x20000188        -       0x00000400   Zero   RW          601    STACK               startup_py32f002ax5.o


==============================================================================

Image component sizes


      Code (inc. data)   RO Data    RW Data    ZI Data      Debug   Object Name

       960         64          0          0         77       5867   main.o
       196          8          0          8          4       4893   py32f0xx_hal.o
       322         24          0          0          0       5103   py32f0xx_hal_cortex.o
       712         24          0          0          0       4329   py32f0xx_hal_gpio.o
       160         12          0          0          0       3354   py32f0xx_hal_msp.o
      1628         80         20          0          0       7136   py32f0xx_hal_rcc.o
      2776        112          0          0          0      23067   py32f0xx_hal_tim.o
        16          0          0          0          0       8990   py32f0xx_hal_tim_ex.o
        50          8          0          0          0        891   py32f0xx_it.o
        52         22        192          0       1024        672   startup_py32f002ax5.o
       128         24         64        196          0       2410   system_py32f0xx.o
         0          0        576          0          0        506   tachofont.o

    ----------------------------------------------------------------------
      7012        378        884        204       1112      67218   Object Totals
         0          0         32          0          0          0   (incl. Generated)
        12          0          0          0          7          0   (incl. Padding)

    ----------------------------------------------------------------------

      Code (inc. data)   RO Data    RW Data    ZI Data      Debug   Library Member Name

         8          0          0          0          0         68   __main.o
         0          0          0          0          0          0   __rtentry.o
        12          0          0          0          0          0   __rtentry2.o
         6          0          0          0          0          0   __rtentry4.o
        86         10          0          0          0          0   __scatter.o
        26          0          0          0          0          0   __scatter_copy.o
        28          0          0          0          0          0   __scatter_zi.o
       364          4          0          0          0         92   aeabi_sdiv.o
        16          0          0          0          0         68   exit.o
         6          0          0          0          0        136   heapauxi.o
         0          0          0          0          0          0   indicate_semi.o
         2          0          0          0          0          0   libinit.o
         2          0          0          0          0          0   libinit2.o
         2          0          0          0          0          0   libshutdown.o
         2          0          0          0          0          0   libshutdown2.o
         8          4          0          0         96         68   libspace.o
         2          0          0          0          0          0   rtexit.o
        10          0          0          0          0          0   rtexit2.o
        12          4          0          0          0         60   sys_exit.o
        62          0          0          0          0         80   sys_stackheap_outer.o
         2          0          0          0          0         68   use_no_semi.o

    ----------------------------------------------------------------------
       664         22          0          0         96        640   Library Totals
         8          0          0          0          0          0   (incl. Padding)

    ----------------------------------------------------------------------

      Code (inc. data)   RO Data    RW Data    ZI Data      Debug   Library Name

       656         22          0          0         96        640   c_p.l

    ----------------------------------------------------------------------
       664         22          0          0         96        640   Library Totals

    ----------------------------------------------------------------------

==============================================================================


      Code (inc. data)   RO Data    RW Data    ZI Data      Debug   

      7676        400        884        204       1208      67602   Grand Totals
      7676        400        884        204       1208      67602   ELF Image Totals
      7676        400        884        204          0          0   ROM Totals

==============================================================================

    Total RO  Size (Code + RO Data)                 8560 (   8.36kB)
    Total RW  Size (RW Data + ZI Data)              1412 (   1.38kB)
    Total ROM Size (Code + RO Data + RW Data)       8764 (   8.56kB)

==============================================================================

