Component: Arm Compiler for Embedded 6.22 Tool: armlink [5ee90200]

==============================================================================

Section Cross References

    main.o(.text.display_revolutions) refers to aeabi_sdiv.o(.text) for __aeabi_uidivmod
    main.o(.text.display_revolutions) refers to main.o(.bss.buffer) for buffer
    main.o(.ARM.exidx.text.display_revolutions) refers to main.o(.text.display_revolutions) for [Anonymous Symbol]
    main.o(.text.display_minimum) refers to aeabi_sdiv.o(.text) for __aeabi_idivmod
    main.o(.text.display_minimum) refers to main.o(.bss.buffer) for buffer
    main.o(.ARM.exidx.text.display_minimum) refers to main.o(.text.display_minimum) for [Anonymous Symbol]
    main.o(.text.display_temperature) refers to aeabi_sdiv.o(.text) for __aeabi_idivmod
    main.o(.text.display_temperature) refers to main.o(.bss.buffer) for buffer
    main.o(.ARM.exidx.text.display_temperature) refers to main.o(.text.display_temperature) for [Anonymous Symbol]
    main.o(.text.display_voltage) refers to aeabi_sdiv.o(.text) for __aeabi_uidivmod
    main.o(.text.display_voltage) refers to main.o(.bss.buffer) for buffer
    main.o(.ARM.exidx.text.display_voltage) refers to main.o(.text.display_voltage) for [Anonymous Symbol]
    main.o(.text.main) refers to py32f0xx_hal.o(.text.HAL_Init) for HAL_Init
    main.o(.text.main) refers to main.o(.text.APP_SystemClockConfig) for APP_SystemClockConfig
    main.o(.text.main) refers to main.o(.text.gpioInit) for gpioInit
    main.o(.text.main) refers to main.o(.text.ADCInit) for ADCInit
    main.o(.text.main) refers to main.o(.text.timerDisplayInit) for timerDisplayInit
    main.o(.text.main) refers to main.o(.text.timerMeasureInit) for timerMeasureInit
    main.o(.ARM.exidx.text.main) refers to main.o(.text.main) for [Anonymous Symbol]
    main.o(.text.APP_SystemClockConfig) refers to py32f0xx_hal_rcc.o(.text.HAL_RCC_OscConfig) for HAL_RCC_OscConfig
    main.o(.text.APP_SystemClockConfig) refers to main.o(.text.APP_ErrorHandler) for APP_ErrorHandler
    main.o(.text.APP_SystemClockConfig) refers to py32f0xx_hal_rcc.o(.text.HAL_RCC_ClockConfig) for HAL_RCC_ClockConfig
    main.o(.ARM.exidx.text.APP_SystemClockConfig) refers to main.o(.text.APP_SystemClockConfig) for [Anonymous Symbol]
    main.o(.text.gpioInit) refers to py32f0xx_hal_gpio.o(.text.HAL_GPIO_Init) for HAL_GPIO_Init
    main.o(.text.gpioInit) refers to py32f0xx_hal_gpio.o(.text.HAL_GPIO_WritePin) for HAL_GPIO_WritePin
    main.o(.ARM.exidx.text.gpioInit) refers to main.o(.text.gpioInit) for [Anonymous Symbol]
    main.o(.text.ADCInit) refers to py32f0xx_hal_adc.o(.text.HAL_ADC_Calibration_Start) for HAL_ADC_Calibration_Start
    main.o(.text.ADCInit) refers to main.o(.text.APP_ErrorHandler) for APP_ErrorHandler
    main.o(.text.ADCInit) refers to py32f0xx_hal_adc.o(.text.HAL_ADC_Init) for HAL_ADC_Init
    main.o(.text.ADCInit) refers to py32f0xx_hal_adc.o(.text.HAL_ADC_ConfigChannel) for HAL_ADC_ConfigChannel
    main.o(.text.ADCInit) refers to main.o(.bss.AdcHandle) for AdcHandle
    main.o(.text.ADCInit) refers to main.o(.bss.AdcChanConf) for AdcChanConf
    main.o(.ARM.exidx.text.ADCInit) refers to main.o(.text.ADCInit) for [Anonymous Symbol]
    main.o(.text.timerDisplayInit) refers to py32f0xx_hal_tim.o(.text.HAL_TIM_Base_Init) for HAL_TIM_Base_Init
    main.o(.text.timerDisplayInit) refers to main.o(.text.APP_ErrorHandler) for APP_ErrorHandler
    main.o(.text.timerDisplayInit) refers to main.o(.bss.tim16DisplayHandle) for tim16DisplayHandle
    main.o(.ARM.exidx.text.timerDisplayInit) refers to main.o(.text.timerDisplayInit) for [Anonymous Symbol]
    main.o(.text.timerMeasureInit) refers to py32f0xx_hal_tim.o(.text.HAL_TIM_IC_Init) for HAL_TIM_IC_Init
    main.o(.text.timerMeasureInit) refers to main.o(.text.APP_ErrorHandler) for APP_ErrorHandler
    main.o(.text.timerMeasureInit) refers to py32f0xx_hal_tim.o(.text.HAL_TIM_SlaveConfigSynchro_IT) for HAL_TIM_SlaveConfigSynchro_IT
    main.o(.text.timerMeasureInit) refers to py32f0xx_hal_tim.o(.text.HAL_TIM_IC_ConfigChannel) for HAL_TIM_IC_ConfigChannel
    main.o(.text.timerMeasureInit) refers to py32f0xx_hal_tim.o(.text.TIM_CCxChannelCmd) for TIM_CCxChannelCmd
    main.o(.text.timerMeasureInit) refers to py32f0xx_hal_tim.o(.text.HAL_TIM_IC_Start_IT) for HAL_TIM_IC_Start_IT
    main.o(.text.timerMeasureInit) refers to main.o(.bss.tim1MeasureHandle) for tim1MeasureHandle
    main.o(.ARM.exidx.text.timerMeasureInit) refers to main.o(.text.timerMeasureInit) for [Anonymous Symbol]
    main.o(.ARM.exidx.text.APP_ErrorHandler) refers to main.o(.text.APP_ErrorHandler) for [Anonymous Symbol]
    main.o(.text.HAL_TIM_TriggerCallback) refers to py32f0xx_hal_tim.o(.text.HAL_TIM_ReadCapturedValue) for HAL_TIM_ReadCapturedValue
    main.o(.text.HAL_TIM_TriggerCallback) refers to aeabi_sdiv.o(.text) for __aeabi_uidiv
    main.o(.text.HAL_TIM_TriggerCallback) refers to main.o(.text.display_revolutions) for display_revolutions
[...]
    Removing py32f0xx_hal_tim.o(.ARM.exidx.text.HAL_TIM_ReadCapturedValue), (8 bytes).
    Removing py32f0xx_hal_tim.o(.text.HAL_TIM_PeriodElapsedHalfCpltCallback), (8 bytes).
    Removing py32f0xx_hal_tim.o(.ARM.exidx.text.HAL_TIM_PeriodElapsedHalfCpltCallback), (8 bytes).
    Removing py32f0xx_hal_tim.o(.text.HAL_TIM_IC_CaptureHalfCpltCallback), (8 bytes).
    Removing py32f0xx_hal_tim.o(.ARM.exidx.text.HAL_TIM_IC_CaptureHalfCpltCallback), (8 bytes).
    Removing py32f0xx_hal_tim.o(.text.HAL_TIM_PWM_PulseFinishedHalfCpltCallback), (8 bytes).
    Removing py32f0xx_hal_tim.o(.ARM.exidx.text.HAL_TIM_PWM_PulseFinishedHalfCpltCallback), (8 bytes).
    Removing py32f0xx_hal_tim.o(.text.HAL_TIM_TriggerHalfCpltCallback), (8 bytes).
    Removing py32f0xx_hal_tim.o(.ARM.exidx.text.HAL_TIM_TriggerHalfCpltCallback), (8 bytes).
    Removing py32f0xx_hal_tim.o(.text.HAL_TIM_ErrorCallback), (8 bytes).
    Removing py32f0xx_hal_tim.o(.ARM.exidx.text.HAL_TIM_ErrorCallback), (8 bytes).
    Removing py32f0xx_hal_tim.o(.text.HAL_TIM_Base_GetState), (12 bytes).
    Removing py32f0xx_hal_tim.o(.ARM.exidx.text.HAL_TIM_Base_GetState), (8 bytes).
    Removing py32f0xx_hal_tim.o(.text.HAL_TIM_OC_GetState), (12 bytes).
    Removing py32f0xx_hal_tim.o(.ARM.exidx.text.HAL_TIM_OC_GetState), (8 bytes).
    Removing py32f0xx_hal_tim.o(.text.HAL_TIM_PWM_GetState), (12 bytes).
    Removing py32f0xx_hal_tim.o(.ARM.exidx.text.HAL_TIM_PWM_GetState), (8 bytes).
    Removing py32f0xx_hal_tim.o(.text.HAL_TIM_IC_GetState), (12 bytes).
    Removing py32f0xx_hal_tim.o(.ARM.exidx.text.HAL_TIM_IC_GetState), (8 bytes).
    Removing py32f0xx_hal_tim.o(.text.HAL_TIM_OnePulse_GetState), (12 bytes).
    Removing py32f0xx_hal_tim.o(.ARM.exidx.text.HAL_TIM_OnePulse_GetState), (8 bytes).
    Removing py32f0xx_hal_tim.o(.text.HAL_TIM_Encoder_GetState), (12 bytes).
    Removing py32f0xx_hal_tim.o(.ARM.exidx.text.HAL_TIM_Encoder_GetState), (8 bytes).
    Removing py32f0xx_hal_tim_ex.o(.text), (0 bytes).
    Removing py32f0xx_hal_tim_ex.o(.text.HAL_TIMEx_HallSensor_Init), (246 bytes).
    Removing py32f0xx_hal_tim_ex.o(.ARM.exidx.text.HAL_TIMEx_HallSensor_Init), (8 bytes).
    Removing py32f0xx_hal_tim_ex.o(.text.HAL_TIMEx_HallSensor_MspInit), (8 bytes).
    Removing py32f0xx_hal_tim_ex.o(.ARM.exidx.text.HAL_TIMEx_HallSensor_MspInit), (8 bytes).
    Removing py32f0xx_hal_tim_ex.o(.text.HAL_TIMEx_HallSensor_DeInit), (96 bytes).
    Removing py32f0xx_hal_tim_ex.o(.ARM.exidx.text.HAL_TIMEx_HallSensor_DeInit), (8 bytes).
    Removing py32f0xx_hal_tim_ex.o(.text.HAL_TIMEx_HallSensor_MspDeInit), (8 bytes).
    Removing py32f0xx_hal_tim_ex.o(.ARM.exidx.text.HAL_TIMEx_HallSensor_MspDeInit), (8 bytes).
    Removing py32f0xx_hal_tim_ex.o(.text.HAL_TIMEx_HallSensor_Start), (58 bytes).
    Removing py32f0xx_hal_tim_ex.o(.ARM.exidx.text.HAL_TIMEx_HallSensor_Start), (8 bytes).
    Removing py32f0xx_hal_tim_ex.o(.text.HAL_TIMEx_HallSensor_Stop), (80 bytes).
    Removing py32f0xx_hal_tim_ex.o(.ARM.exidx.text.HAL_TIMEx_HallSensor_Stop), (8 bytes).
    Removing py32f0xx_hal_tim_ex.o(.text.HAL_TIMEx_HallSensor_Start_IT), (70 bytes).
    Removing py32f0xx_hal_tim_ex.o(.ARM.exidx.text.HAL_TIMEx_HallSensor_Start_IT), (8 bytes).
    Removing py32f0xx_hal_tim_ex.o(.text.HAL_TIMEx_HallSensor_Stop_IT), (92 bytes).
    Removing py32f0xx_hal_tim_ex.o(.ARM.exidx.text.HAL_TIMEx_HallSensor_Stop_IT), (8 bytes).
    Removing py32f0xx_hal_tim_ex.o(.text.HAL_TIMEx_OCN_Start), (74 bytes).
    Removing py32f0xx_hal_tim_ex.o(.ARM.exidx.text.HAL_TIMEx_OCN_Start), (8 bytes).
    Removing py32f0xx_hal_tim_ex.o(.text.TIM_CCxNChannelCmd), (50 bytes).
    Removing py32f0xx_hal_tim_ex.o(.ARM.exidx.text.TIM_CCxNChannelCmd), (8 bytes).
    Removing py32f0xx_hal_tim_ex.o(.text.HAL_TIMEx_OCN_Stop), (132 bytes).
    Removing py32f0xx_hal_tim_ex.o(.ARM.exidx.text.HAL_TIMEx_OCN_Stop), (8 bytes).
    Removing py32f0xx_hal_tim_ex.o(.text.HAL_TIMEx_OCN_Start_IT), (156 bytes).
    Removing py32f0xx_hal_tim_ex.o(.ARM.exidx.text.HAL_TIMEx_OCN_Start_IT), (8 bytes).
    Removing py32f0xx_hal_tim_ex.o(.text.HAL_TIMEx_OCN_Stop_IT), (236 bytes).
    Removing py32f0xx_hal_tim_ex.o(.ARM.exidx.text.HAL_TIMEx_OCN_Stop_IT), (8 bytes).
    Removing py32f0xx_hal_tim_ex.o(.text.HAL_TIMEx_PWMN_Start), (74 bytes).
    Removing py32f0xx_hal_tim_ex.o(.ARM.exidx.text.HAL_TIMEx_PWMN_Start), (8 bytes).
    Removing py32f0xx_hal_tim_ex.o(.text.HAL_TIMEx_PWMN_Stop), (132 bytes).
    Removing py32f0xx_hal_tim_ex.o(.ARM.exidx.text.HAL_TIMEx_PWMN_Stop), (8 bytes).
    Removing py32f0xx_hal_tim_ex.o(.text.HAL_TIMEx_PWMN_Start_IT), (156 bytes).
    Removing py32f0xx_hal_tim_ex.o(.ARM.exidx.text.HAL_TIMEx_PWMN_Start_IT), (8 bytes).
    Removing py32f0xx_hal_tim_ex.o(.text.HAL_TIMEx_PWMN_Stop_IT), (236 bytes).
    Removing py32f0xx_hal_tim_ex.o(.ARM.exidx.text.HAL_TIMEx_PWMN_Stop_IT), (8 bytes).
    Removing py32f0xx_hal_tim_ex.o(.text.HAL_TIMEx_OnePulseN_Start), (40 bytes).
    Removing py32f0xx_hal_tim_ex.o(.ARM.exidx.text.HAL_TIMEx_OnePulseN_Start), (8 bytes).
    Removing py32f0xx_hal_tim_ex.o(.text.HAL_TIMEx_OnePulseN_Stop), (132 bytes).
    Removing py32f0xx_hal_tim_ex.o(.ARM.exidx.text.HAL_TIMEx_OnePulseN_Stop), (8 bytes).
    Removing py32f0xx_hal_tim_ex.o(.text.HAL_TIMEx_OnePulseN_Start_IT), (62 bytes).
    Removing py32f0xx_hal_tim_ex.o(.ARM.exidx.text.HAL_TIMEx_OnePulseN_Start_IT), (8 bytes).
    Removing py32f0xx_hal_tim_ex.o(.text.HAL_TIMEx_OnePulseN_Stop_IT), (156 bytes).
    Removing py32f0xx_hal_tim_ex.o(.ARM.exidx.text.HAL_TIMEx_OnePulseN_Stop_IT), (8 bytes).
    Removing py32f0xx_hal_tim_ex.o(.text.HAL_TIMEx_ConfigCommutEvent), (170 bytes).
    Removing py32f0xx_hal_tim_ex.o(.ARM.exidx.text.HAL_TIMEx_ConfigCommutEvent), (8 bytes).
    Removing py32f0xx_hal_tim_ex.o(.text.HAL_TIMEx_ConfigCommutEvent_IT), (170 bytes).
    Removing py32f0xx_hal_tim_ex.o(.ARM.exidx.text.HAL_TIMEx_ConfigCommutEvent_IT), (8 bytes).
    Removing py32f0xx_hal_tim_ex.o(.text.HAL_TIMEx_MasterConfigSynchronization), (160 bytes).
    Removing py32f0xx_hal_tim_ex.o(.ARM.exidx.text.HAL_TIMEx_MasterConfigSynchronization), (8 bytes).
    Removing py32f0xx_hal_tim_ex.o(.text.HAL_TIMEx_ConfigBreakDeadTime), (176 bytes).
    Removing py32f0xx_hal_tim_ex.o(.ARM.exidx.text.HAL_TIMEx_ConfigBreakDeadTime), (8 bytes).
    Removing py32f0xx_hal_tim_ex.o(.ARM.exidx.text.HAL_TIMEx_CommutCallback), (8 bytes).
    Removing py32f0xx_hal_tim_ex.o(.text.HAL_TIMEx_CommutHalfCpltCallback), (8 bytes).
    Removing py32f0xx_hal_tim_ex.o(.ARM.exidx.text.HAL_TIMEx_CommutHalfCpltCallback), (8 bytes).
    Removing py32f0xx_hal_tim_ex.o(.ARM.exidx.text.HAL_TIMEx_BreakCallback), (8 bytes).
    Removing py32f0xx_hal_tim_ex.o(.text.HAL_TIMEx_HallSensor_GetState), (12 bytes).
    Removing py32f0xx_hal_tim_ex.o(.ARM.exidx.text.HAL_TIMEx_HallSensor_GetState), (8 bytes).
    Removing py32f0xx_hal_uart.o(.text), (0 bytes).
    Removing py32f0xx_hal_usart.o(.text), (0 bytes).
    Removing py32f0xx_hal_wwdg.o(.text), (0 bytes).
    Removing system_py32f0xx.o(.text), (0 bytes).
    Removing system_py32f0xx.o(.text.SystemCoreClockUpdate), (164 bytes).
    Removing system_py32f0xx.o(.ARM.exidx.text.SystemCoreClockUpdate), (8 bytes).
    Removing system_py32f0xx.o(.ARM.exidx.text.SystemInit), (8 bytes).
    Removing system_py32f0xx.o(.ARM.exidx.text.$Sub$$main), (8 bytes).
    Removing system_py32f0xx.o(.rodata.APBPrescTable), (32 bytes).
    Removing system_py32f0xx.o(.rodata.HSIFreqTable), (32 bytes).

512 unused section(s) (total 23522 bytes) removed from the image.

==============================================================================

Image Symbol Table

    Local Symbols

    Symbol Name                              Value     Ov Type        Size  Object(Section)

    ../clib/angel/boardlib.s                 0x00000000   Number         0  boardinit1.o ABSOLUTE
    ../clib/angel/boardlib.s                 0x00000000   Number         0  boardinit2.o ABSOLUTE
    ../clib/angel/boardlib.s                 0x00000000   Number         0  boardinit3.o ABSOLUTE
    ../clib/angel/boardlib.s                 0x00000000   Number         0  boardshut.o ABSOLUTE
    ../clib/angel/handlers.s                 0x00000000   Number         0  __scatter_copy.o ABSOLUTE
    ../clib/angel/handlers.s                 0x00000000   Number         0  __scatter_zi.o ABSOLUTE
    ../clib/angel/kernel.s                   0x00000000   Number         0  __rtentry.o ABSOLUTE
    ../clib/angel/kernel.s                   0x00000000   Number         0  __rtentry2.o ABSOLUTE
    ../clib/angel/kernel.s                   0x00000000   Number         0  __rtentry4.o ABSOLUTE
    ../clib/angel/kernel.s                   0x00000000   Number         0  rtexit.o ABSOLUTE
    ../clib/angel/kernel.s                   0x00000000   Number         0  rtexit2.o ABSOLUTE
    ../clib/angel/rt.s                       0x00000000   Number         0  aeabi_idiv0.o ABSOLUTE
    ../clib/angel/rt.s                       0x00000000   Number         0  aeabi_idiv0_sigfpe.o ABSOLUTE
    ../clib/angel/rt.s                       0x00000000   Number         0  rt_div0.o ABSOLUTE
    ../clib/angel/rt.s                       0x00000000   Number         0  rt_raise.o ABSOLUTE
    ../clib/angel/scatterp.s                 0x00000000   Number         0  __scatter.o ABSOLUTE
    ../clib/angel/startup.s                  0x00000000   Number         0  __main.o ABSOLUTE
    ../clib/angel/sys.s                      0x00000000   Number         0  sys_stackheap_outer.o ABSOLUTE
    ../clib/angel/sys.s                      0x00000000   Number         0  libspace.o ABSOLUTE
    ../clib/angel/sys.s                      0x00000000   Number         0  tempstk.o ABSOLUTE
    ../clib/angel/sys.s                      0x00000000   Number         0  use_no_semi.o ABSOLUTE
    ../clib/angel/sys.s                      0x00000000   Number         0  indicate_semi.o ABSOLUTE
    ../clib/angel/sysapp.c                   0x00000000   Number         0  sys_exit.o ABSOLUTE
    ../clib/angel/sysapp.c                   0x00000000   Number         0  sys_exit_hlt.o ABSOLUTE
    ../clib/angel/sysapp.c                   0x00000000   Number         0  sys_wrch.o ABSOLUTE
    ../clib/angel/sysapp.c                   0x00000000   Number         0  sys_wrch_hlt.o ABSOLUTE
    ../clib/angel/sysapp.c                   0x00000000   Number         0  sys_command.o ABSOLUTE
    ../clib/angel/sysapp.c                   0x00000000   Number         0  sys_command_hlt.o ABSOLUTE
    ../clib/armsys.c                         0x00000000   Number         0  argv_veneer.o ABSOLUTE
    ../clib/armsys.c                         0x00000000   Number         0  _get_argv_nomalloc.o ABSOLUTE
    ../clib/armsys.c                         0x00000000   Number         0  no_argv.o ABSOLUTE
    ../clib/division.s                       0x00000000   Number         0  aeabi_sdiv.o ABSOLUTE
    ../clib/division.s                       0x00000000   Number         0  aeabi_sdiv_div0.o ABSOLUTE
    ../clib/heapalloc.c                      0x00000000   Number         0  hrguard.o ABSOLUTE
    ../clib/heapaux.c                        0x00000000   Number         0  heapauxi.o ABSOLUTE
    ../clib/libinit.s                        0x00000000   Number         0  libinit.o ABSOLUTE
    ../clib/libinit.s                        0x00000000   Number         0  libinit2.o ABSOLUTE
    ../clib/libinit.s                        0x00000000   Number         0  libshutdown.o ABSOLUTE
    ../clib/libinit.s                        0x00000000   Number         0  libshutdown2.o ABSOLUTE
    ../clib/signal.c                         0x00000000   Number         0  defsig_fpe_outer.o ABSOLUTE
    ../clib/signal.c                         0x00000000   Number         0  defsig_fpe_formal.o ABSOLUTE
    ../clib/signal.c                         0x00000000   Number         0  defsig_exit.o ABSOLUTE
    ../clib/signal.c                         0x00000000   Number         0  defsig_fpe_inner.o ABSOLUTE
    ../clib/signal.c                         0x00000000   Number         0  __raise.o ABSOLUTE
    ../clib/signal.c                         0x00000000   Number         0  defsig_general.o ABSOLUTE
    ../clib/signal.c                         0x00000000   Number         0  defsig_abrt_inner.o ABSOLUTE
    ../clib/signal.c                         0x00000000   Number         0  defsig_rtred_inner.o ABSOLUTE
    ../clib/signal.c                         0x00000000   Number         0  defsig_rtmem_inner.o ABSOLUTE
    ../clib/signal.c                         0x00000000   Number         0  defsig_rtmem_outer.o ABSOLUTE
    ../clib/signal.c                         0x00000000   Number         0  defsig_rtmem_formal.o ABSOLUTE
    ../clib/signal.c                         0x00000000   Number         0  defsig_stak_inner.o ABSOLUTE
    ../clib/signal.c                         0x00000000   Number         0  defsig_pvfn_inner.o ABSOLUTE
    ../clib/signal.c                         0x00000000   Number         0  defsig_cppl_inner.o ABSOLUTE
    ../clib/signal.c                         0x00000000   Number         0  defsig_segv_inner.o ABSOLUTE
    ../clib/signal.c                         0x00000000   Number         0  defsig_other.o ABSOLUTE
    ../clib/signal.s                         0x00000000   Number         0  defsig.o ABSOLUTE
    ../clib/stdlib.c                         0x00000000   Number         0  exit.o ABSOLUTE
    ../fplib/cfplib/daddsub.c                0x00000000   Number         0  daddsub.o ABSOLUTE
    ../fplib/cfplib/ddiv.c                   0x00000000   Number         0  ddiv.o ABSOLUTE
    ../fplib/cfplib/dmul.c                   0x00000000   Number         0  dmul.o ABSOLUTE
    ../fplib/cfplib/ffix.c                   0x00000000   Number         0  dfixi.o ABSOLUTE
    ../fplib/cfplib/fflt.c                   0x00000000   Number         0  dflti.o ABSOLUTE
    ../fplib/cfplib/fpinit.c                 0x00000000   Number         0  fpinit.o ABSOLUTE
    ../fplib/usenofp.s                       0x00000000   Number         0  usenofp.o ABSOLUTE
    RTE/Device/PY32F002Ax5/startup_py32f002ax5.s 0x00000000   Number         0  startup_py32f002ax5.o ABSOLUTE
    TachoFont.c                              0x00000000   Number         0  tachofont.o ABSOLUTE
    dc.s                                     0x00000000   Number         0  dc.o ABSOLUTE
    main.c                                   0x00000000   Number         0  main.o ABSOLUTE
    py32f0xx_hal.c                           0x00000000   Number         0  py32f0xx_hal.o ABSOLUTE
    py32f0xx_hal_adc.c                       0x00000000   Number         0  py32f0xx_hal_adc.o ABSOLUTE
    py32f0xx_hal_comp.c                      0x00000000   Number         0  py32f0xx_hal_comp.o ABSOLUTE
    py32f0xx_hal_cortex.c                    0x00000000   Number         0  py32f0xx_hal_cortex.o ABSOLUTE
    py32f0xx_hal_crc.c                       0x00000000   Number         0  py32f0xx_hal_crc.o ABSOLUTE
    py32f0xx_hal_dma.c                       0x00000000   Number         0  py32f0xx_hal_dma.o ABSOLUTE
    py32f0xx_hal_exti.c                      0x00000000   Number         0  py32f0xx_hal_exti.o ABSOLUTE
    py32f0xx_hal_flash.c                     0x00000000   Number         0  py32f0xx_hal_flash.o ABSOLUTE
    py32f0xx_hal_gpio.c                      0x00000000   Number         0  py32f0xx_hal_gpio.o ABSOLUTE
    py32f0xx_hal_i2c.c                       0x00000000   Number         0  py32f0xx_hal_i2c.o ABSOLUTE
    py32f0xx_hal_irda.c                      0x00000000   Number         0  py32f0xx_hal_irda.o ABSOLUTE
    py32f0xx_hal_iwdg.c                      0x00000000   Number         0  py32f0xx_hal_iwdg.o ABSOLUTE
    py32f0xx_hal_led.c                       0x00000000   Number         0  py32f0xx_hal_led.o ABSOLUTE
    py32f0xx_hal_lptim.c                     0x00000000   Number         0  py32f0xx_hal_lptim.o ABSOLUTE
    py32f0xx_hal_msp.c                       0x00000000   Number         0  py32f0xx_hal_msp.o ABSOLUTE
    py32f0xx_hal_pwr.c                       0x00000000   Number         0  py32f0xx_hal_pwr.o ABSOLUTE
    py32f0xx_hal_rcc.c                       0x00000000   Number         0  py32f0xx_hal_rcc.o ABSOLUTE
    py32f0xx_hal_rcc_ex.c                    0x00000000   Number         0  py32f0xx_hal_rcc_ex.o ABSOLUTE
    py32f0xx_hal_rtc.c                       0x00000000   Number         0  py32f0xx_hal_rtc.o ABSOLUTE
    py32f0xx_hal_rtc_ex.c                    0x00000000   Number         0  py32f0xx_hal_rtc_ex.o ABSOLUTE
    py32f0xx_hal_spi.c                       0x00000000   Number         0  py32f0xx_hal_spi.o ABSOLUTE
    py32f0xx_hal_tim.c                       0x00000000   Number         0  py32f0xx_hal_tim.o ABSOLUTE
    py32f0xx_hal_tim_ex.c                    0x00000000   Number         0  py32f0xx_hal_tim_ex.o ABSOLUTE
    py32f0xx_hal_uart.c                      0x00000000   Number         0  py32f0xx_hal_uart.o ABSOLUTE
    py32f0xx_hal_usart.c                     0x00000000   Number         0  py32f0xx_hal_usart.o ABSOLUTE
    py32f0xx_hal_wwdg.c                      0x00000000   Number         0  py32f0xx_hal_wwdg.o ABSOLUTE
    py32f0xx_it.c                            0x00000000   Number         0  py32f0xx_it.o ABSOLUTE
    system_py32f0xx.c                        0x00000000   Number         0  system_py32f0xx.o ABSOLUTE
    RESET                                    0x08000000   Section      192  startup_py32f002ax5.o(RESET)
    !!!main                                  0x080000c0   Section        8  __main.o(!!!main)
    !!!scatter                               0x080000c8   Section       84  __scatter.o(!!!scatter)
    !!handler_copy                           0x0800011c   Section       26  __scatter_copy.o(!!handler_copy)
    !!handler_null                           0x08000138   Section        2  __scatter.o(!!handler_null)
    !!handler_zi                             0x0800013c   Section       28  __scatter_zi.o(!!handler_zi)
    .ARM.Collect$$libinit$$00000000          0x08000158   Section        2  libinit.o(.ARM.Collect$$libinit$$00000000)
    .ARM.Collect$$libinit$$00000002          0x0800015a   Section        0  libinit2.o(.ARM.Collect$$libinit$$00000002)
    .ARM.Collect$$libinit$$00000004          0x0800015a   Section        0  libinit2.o(.ARM.Collect$$libinit$$00000004)
    .ARM.Collect$$libinit$$00000006          0x0800015a   Section        0  libinit2.o(.ARM.Collect$$libinit$$00000006)
    .ARM.Collect$$libinit$$0000000C          0x0800015a   Section        0  libinit2.o(.ARM.Collect$$libinit$$0000000C)
    .ARM.Collect$$libinit$$0000000E          0x0800015a   Section        0  libinit2.o(.ARM.Collect$$libinit$$0000000E)
    .ARM.Collect$$libinit$$00000010          0x0800015a   Section        0  libinit2.o(.ARM.Collect$$libinit$$00000010)
    .ARM.Collect$$libinit$$00000013          0x0800015a   Section        0  libinit2.o(.ARM.Collect$$libinit$$00000013)
    .ARM.Collect$$libinit$$00000015          0x0800015a   Section        0  libinit2.o(.ARM.Collect$$libinit$$00000015)
    .ARM.Collect$$libinit$$00000017          0x0800015a   Section        0  libinit2.o(.ARM.Collect$$libinit$$00000017)
    .ARM.Collect$$libinit$$00000019          0x0800015a   Section        0  libinit2.o(.ARM.Collect$$libinit$$00000019)
    .ARM.Collect$$libinit$$0000001B          0x0800015a   Section        0  libinit2.o(.ARM.Collect$$libinit$$0000001B)
    .ARM.Collect$$libinit$$0000001D          0x0800015a   Section        0  libinit2.o(.ARM.Collect$$libinit$$0000001D)
    .ARM.Collect$$libinit$$0000001F          0x0800015a   Section        0  libinit2.o(.ARM.Collect$$libinit$$0000001F)
    .ARM.Collect$$libinit$$00000021          0x0800015a   Section        0  libinit2.o(.ARM.Collect$$libinit$$00000021)
    .ARM.Collect$$libinit$$00000023          0x0800015a   Section        0  libinit2.o(.ARM.Collect$$libinit$$00000023)
    .ARM.Collect$$libinit$$00000025          0x0800015a   Section        0  libinit2.o(.ARM.Collect$$libinit$$00000025)
    .ARM.Collect$$libinit$$00000027          0x0800015a   Section        0  libinit2.o(.ARM.Collect$$libinit$$00000027)
    .ARM.Collect$$libinit$$0000002E          0x0800015a   Section        0  libinit2.o(.ARM.Collect$$libinit$$0000002E)
    .ARM.Collect$$libinit$$00000030          0x0800015a   Section        0  libinit2.o(.ARM.Collect$$libinit$$00000030)
    .ARM.Collect$$libinit$$00000032          0x0800015a   Section        0  libinit2.o(.ARM.Collect$$libinit$$00000032)
    .ARM.Collect$$libinit$$00000034          0x0800015a   Section        0  libinit2.o(.ARM.Collect$$libinit$$00000034)
    .ARM.Collect$$libinit$$00000035          0x0800015a   Section        2  libinit2.o(.ARM.Collect$$libinit$$00000035)
    .ARM.Collect$$libshutdown$$00000000      0x0800015c   Section        2  libshutdown.o(.ARM.Collect$$libshutdown$$00000000)
    .ARM.Collect$$libshutdown$$00000002      0x0800015e   Section        0  libshutdown2.o(.ARM.Collect$$libshutdown$$00000002)
    .ARM.Collect$$libshutdown$$00000004      0x0800015e   Section        0  libshutdown2.o(.ARM.Collect$$libshutdown$$00000004)
    .ARM.Collect$$libshutdown$$00000007      0x0800015e   Section        0  libshutdown2.o(.ARM.Collect$$libshutdown$$00000007)
    .ARM.Collect$$libshutdown$$0000000A      0x0800015e   Section        0  libshutdown2.o(.ARM.Collect$$libshutdown$$0000000A)
    .ARM.Collect$$libshutdown$$0000000C      0x0800015e   Section        0  libshutdown2.o(.ARM.Collect$$libshutdown$$0000000C)
    .ARM.Collect$$libshutdown$$0000000F      0x0800015e   Section        0  libshutdown2.o(.ARM.Collect$$libshutdown$$0000000F)
    .ARM.Collect$$libshutdown$$00000010      0x0800015e   Section        2  libshutdown2.o(.ARM.Collect$$libshutdown$$00000010)
    .ARM.Collect$$rtentry$$00000000          0x08000160   Section        0  __rtentry.o(.ARM.Collect$$rtentry$$00000000)
    .ARM.Collect$$rtentry$$00000002          0x08000160   Section        0  __rtentry2.o(.ARM.Collect$$rtentry$$00000002)
    .ARM.Collect$$rtentry$$00000004          0x08000160   Section        6  __rtentry4.o(.ARM.Collect$$rtentry$$00000004)
    .ARM.Collect$$rtentry$$00000009          0x08000166   Section        0  __rtentry2.o(.ARM.Collect$$rtentry$$00000009)
    .ARM.Collect$$rtentry$$0000000A          0x08000166   Section        4  __rtentry2.o(.ARM.Collect$$rtentry$$0000000A)
    .ARM.Collect$$rtentry$$0000000C          0x0800016a   Section        0  __rtentry2.o(.ARM.Collect$$rtentry$$0000000C)
    .ARM.Collect$$rtentry$$0000000D          0x0800016a   Section        8  __rtentry2.o(.ARM.Collect$$rtentry$$0000000D)
    .ARM.Collect$$rtexit$$00000000           0x08000172   Section        2  rtexit.o(.ARM.Collect$$rtexit$$00000000)
    .ARM.Collect$$rtexit$$00000002           0x08000174   Section        0  rtexit2.o(.ARM.Collect$$rtexit$$00000002)
    .ARM.Collect$$rtexit$$00000003           0x08000174   Section        4  rtexit2.o(.ARM.Collect$$rtexit$$00000003)
    .ARM.Collect$$rtexit$$00000004           0x08000178   Section        6  rtexit2.o(.ARM.Collect$$rtexit$$00000004)
    .text                                    0x08000180   Section       52  startup_py32f002ax5.o(.text)
    .text                                    0x080001b4   Section      364  aeabi_sdiv.o(.text)
    .text                                    0x08000320   Section        0  heapauxi.o(.text)
    _dadd1                                   0x08000329   Thumb Code   290  daddsub.o(.text)
    .text                                    0x08000328   Section        0  daddsub.o(.text)
    _dsub1                                   0x0800044b   Thumb Code   470  daddsub.o(.text)
    .text                                    0x08000680   Section        0  ddiv.o(.text)
    .text                                    0x08000ac8   Section        0  dfixi.o(.text)
    .text                                    0x08000b34   Section        0  dflti.o(.text)
    .text                                    0x08000b8c   Section        0  dmul.o(.text)
    .text                                    0x08000dd4   Section       62  sys_stackheap_outer.o(.text)
    .text                                    0x08000e12   Section        0  exit.o(.text)
    .text                                    0x08000e24   Section        8  libspace.o(.text)
    .text                                    0x08000e2c   Section        0  sys_exit.o(.text)
    .text                                    0x08000e38   Section        2  use_no_semi.o(.text)
    .text                                    0x08000e3a   Section        0  indicate_semi.o(.text)
    [Anonymous Symbol]                       0x08000e3c   Section        0  system_py32f0xx.o(.text.$Sub$$main)
    __arm_cp.2_0                             0x08000e84   Number         4  system_py32f0xx.o(.text.$Sub$$main)
    __arm_cp.2_1                             0x08000e88   Number         4  system_py32f0xx.o(.text.$Sub$$main)
    [Anonymous Symbol]                       0x08000e8c   Section        0  main.o(.text.ADCInit)
    __arm_cp.7_0                             0x08000f38   Number         4  main.o(.text.ADCInit)
    __arm_cp.7_1                             0x08000f3c   Number         4  main.o(.text.ADCInit)
    __arm_cp.7_2                             0x08000f40   Number         4  main.o(.text.ADCInit)
    __arm_cp.7_3                             0x08000f44   Number         4  main.o(.text.ADCInit)
    __arm_cp.7_4                             0x08000f48   Number         4  main.o(.text.ADCInit)
    __arm_cp.7_5                             0x08000f4c   Number         4  main.o(.text.ADCInit)
    ADC_Enable                               0x08000f51   Thumb Code   124  py32f0xx_hal_adc.o(.text.ADC_Enable)
    [Anonymous Symbol]                       0x08000f50   Section        0  py32f0xx_hal_adc.o(.text.ADC_Enable)
    __arm_cp.7_0                             0x08000fcc   Number         4  py32f0xx_hal_adc.o(.text.ADC_Enable)
    [Anonymous Symbol]                       0x08000fd0   Section        0  main.o(.text.APP_ErrorHandler)
    APP_SystemClockConfig                    0x08000fd5   Thumb Code   112  main.o(.text.APP_SystemClockConfig)
    [Anonymous Symbol]                       0x08000fd4   Section        0  main.o(.text.APP_SystemClockConfig)
    __arm_cp.5_0                             0x08001044   Number         4  main.o(.text.APP_SystemClockConfig)
    __arm_cp.5_1                             0x08001048   Number         4  main.o(.text.APP_SystemClockConfig)
    [Anonymous Symbol]                       0x0800104c   Section        0  py32f0xx_hal_adc.o(.text.HAL_ADC_Calibration_Start)
    [Anonymous Symbol]                       0x08001130   Section        0  py32f0xx_hal_adc.o(.text.HAL_ADC_ConfigChannel)
    __arm_cp.19_0                            0x08001350   Number         4  py32f0xx_hal_adc.o(.text.HAL_ADC_ConfigChannel)
    __arm_cp.19_1                            0x08001354   Number         4  py32f0xx_hal_adc.o(.text.HAL_ADC_ConfigChannel)
    __arm_cp.19_2                            0x08001358   Number         4  py32f0xx_hal_adc.o(.text.HAL_ADC_ConfigChannel)
    __arm_cp.19_3                            0x0800135c   Number         4  py32f0xx_hal_adc.o(.text.HAL_ADC_ConfigChannel)
    __arm_cp.19_4                            0x08001360   Number         4  py32f0xx_hal_adc.o(.text.HAL_ADC_ConfigChannel)
    __arm_cp.19_5                            0x08001364   Number         4  py32f0xx_hal_adc.o(.text.HAL_ADC_ConfigChannel)
    [Anonymous Symbol]                       0x08001368   Section        0  py32f0xx_hal_adc.o(.text.HAL_ADC_GetValue)
    [Anonymous Symbol]                       0x08001378   Section        0  py32f0xx_hal_adc.o(.text.HAL_ADC_Init)
    __arm_cp.0_0                             0x080015a4   Number         4  py32f0xx_hal_adc.o(.text.HAL_ADC_Init)
    __arm_cp.0_1                             0x080015a8   Number         4  py32f0xx_hal_adc.o(.text.HAL_ADC_Init)
    [Anonymous Symbol]                       0x080015ac   Section        0  py32f0xx_hal_adc.o(.text.HAL_ADC_MspInit)
    [Anonymous Symbol]                       0x080015b4   Section        0  py32f0xx_hal_adc.o(.text.HAL_ADC_PollForConversion)
    [Anonymous Symbol]                       0x080016d0   Section        0  py32f0xx_hal_adc.o(.text.HAL_ADC_Start)
    __arm_cp.6_0                             0x08001778   Number         4  py32f0xx_hal_adc.o(.text.HAL_ADC_Start)
    [Anonymous Symbol]                       0x0800177c   Section        0  py32f0xx_hal_gpio.o(.text.HAL_GPIO_Init)
    __arm_cp.0_0                             0x08001a00   Number         4  py32f0xx_hal_gpio.o(.text.HAL_GPIO_Init)
    __arm_cp.0_1                             0x08001a04   Number         4  py32f0xx_hal_gpio.o(.text.HAL_GPIO_Init)
    __arm_cp.0_2                             0x08001a08   Number         4  py32f0xx_hal_gpio.o(.text.HAL_GPIO_Init)
    __arm_cp.0_3                             0x08001a0c   Number         4  py32f0xx_hal_gpio.o(.text.HAL_GPIO_Init)
    __arm_cp.0_4                             0x08001a10   Number         4  py32f0xx_hal_gpio.o(.text.HAL_GPIO_Init)
    __arm_cp.0_5                             0x08001a14   Number         4  py32f0xx_hal_gpio.o(.text.HAL_GPIO_Init)
    [Anonymous Symbol]                       0x08001a18   Section        0  py32f0xx_hal_gpio.o(.text.HAL_GPIO_WritePin)
    [Anonymous Symbol]                       0x08001a44   Section        0  py32f0xx_hal.o(.text.HAL_GetTick)
    [Anonymous Symbol]                       0x08001a4c   Section        0  py32f0xx_hal.o(.text.HAL_IncTick)
    __arm_cp.5_1                             0x08001a5c   Number         4  py32f0xx_hal.o(.text.HAL_IncTick)
    [Anonymous Symbol]                       0x08001a60   Section        0  py32f0xx_hal.o(.text.HAL_Init)
    [Anonymous Symbol]                       0x08001a8c   Section        0  py32f0xx_hal.o(.text.HAL_InitTick)
    __arm_cp.1_0                             0x08001b04   Number         4  py32f0xx_hal.o(.text.HAL_InitTick)
    [Anonymous Symbol]                       0x08001b08   Section        0  py32f0xx_hal_msp.o(.text.HAL_MspInit)
    __arm_cp.0_0                             0x08001b3c   Number         4  py32f0xx_hal_msp.o(.text.HAL_MspInit)
    __arm_cp.0_1                             0x08001b40   Number         4  py32f0xx_hal_msp.o(.text.HAL_MspInit)
    [Anonymous Symbol]                       0x08001b44   Section        0  py32f0xx_hal_cortex.o(.text.HAL_NVIC_EnableIRQ)
    [Anonymous Symbol]                       0x08001b5a   Section        0  py32f0xx_hal_cortex.o(.text.HAL_NVIC_SetPriority)
    [Anonymous Symbol]                       0x08001b78   Section        0  py32f0xx_hal_rcc.o(.text.HAL_RCC_ClockConfig)
    __arm_cp.3_0                             0x08001d70   Number         4  py32f0xx_hal_rcc.o(.text.HAL_RCC_ClockConfig)
    __arm_cp.3_2                             0x08001d74   Number         4  py32f0xx_hal_rcc.o(.text.HAL_RCC_ClockConfig)
    __arm_cp.3_4                             0x08001d78   Number         4  py32f0xx_hal_rcc.o(.text.HAL_RCC_ClockConfig)
    __arm_cp.3_5                             0x08001d7c   Number         4  py32f0xx_hal_rcc.o(.text.HAL_RCC_ClockConfig)
    __arm_cp.3_6                             0x08001d80   Number         4  py32f0xx_hal_rcc.o(.text.HAL_RCC_ClockConfig)
    __arm_cp.3_7                             0x08001d84   Number         4  py32f0xx_hal_rcc.o(.text.HAL_RCC_ClockConfig)
    [Anonymous Symbol]                       0x08001d88   Section        0  py32f0xx_hal_rcc.o(.text.HAL_RCC_GetSysClockFreq)
    __arm_cp.2_0                             0x08001e1c   Number         4  py32f0xx_hal_rcc.o(.text.HAL_RCC_GetSysClockFreq)
    __arm_cp.2_1                             0x08001e20   Number         4  py32f0xx_hal_rcc.o(.text.HAL_RCC_GetSysClockFreq)
    __arm_cp.2_2                             0x08001e24   Number         4  py32f0xx_hal_rcc.o(.text.HAL_RCC_GetSysClockFreq)
    __arm_cp.2_3                             0x08001e28   Number         4  py32f0xx_hal_rcc.o(.text.HAL_RCC_GetSysClockFreq)
    __arm_cp.2_4                             0x08001e2c   Number         4  py32f0xx_hal_rcc.o(.text.HAL_RCC_GetSysClockFreq)
    [Anonymous Symbol]                       0x08001e30   Section        0  py32f0xx_hal_rcc.o(.text.HAL_RCC_OscConfig)
    __arm_cp.1_0                             0x080021b0   Number         4  py32f0xx_hal_rcc.o(.text.HAL_RCC_OscConfig)
    __arm_cp.1_1                             0x080021b4   Number         4  py32f0xx_hal_rcc.o(.text.HAL_RCC_OscConfig)
    __arm_cp.1_2                             0x080021b8   Number         4  py32f0xx_hal_rcc.o(.text.HAL_RCC_OscConfig)
    __arm_cp.1_3                             0x080021bc   Number         4  py32f0xx_hal_rcc.o(.text.HAL_RCC_OscConfig)
    __arm_cp.1_4                             0x080021c0   Number         4  py32f0xx_hal_rcc.o(.text.HAL_RCC_OscConfig)
    __arm_cp.1_5                             0x080021c4   Number         4  py32f0xx_hal_rcc.o(.text.HAL_RCC_OscConfig)
    __arm_cp.1_6                             0x080021c8   Number         4  py32f0xx_hal_rcc.o(.text.HAL_RCC_OscConfig)
    __arm_cp.1_7                             0x080021cc   Number         4  py32f0xx_hal_rcc.o(.text.HAL_RCC_OscConfig)
    __arm_cp.1_8                             0x080021d0   Number         4  py32f0xx_hal_rcc.o(.text.HAL_RCC_OscConfig)
    [Anonymous Symbol]                       0x080021d4   Section        0  py32f0xx_hal_cortex.o(.text.HAL_SYSTICK_Config)
    [Anonymous Symbol]                       0x080021e4   Section        0  py32f0xx_hal_tim_ex.o(.text.HAL_TIMEx_BreakCallback)
    [Anonymous Symbol]                       0x080021ec   Section        0  py32f0xx_hal_tim_ex.o(.text.HAL_TIMEx_CommutCallback)
    [Anonymous Symbol]                       0x080021f4   Section        0  py32f0xx_hal_tim.o(.text.HAL_TIM_Base_Init)
    [Anonymous Symbol]                       0x08002248   Section        0  py32f0xx_hal_msp.o(.text.HAL_TIM_Base_MspInit)
    __arm_cp.1_0                             0x080022a8   Number         4  py32f0xx_hal_msp.o(.text.HAL_TIM_Base_MspInit)
    [Anonymous Symbol]                       0x080022ac   Section        0  py32f0xx_hal_tim.o(.text.HAL_TIM_Base_Start_IT)
    [Anonymous Symbol]                       0x080022e4   Section        0  py32f0xx_hal_tim.o(.text.HAL_TIM_IC_CaptureCallback)
    [Anonymous Symbol]                       0x080022ec   Section        0  py32f0xx_hal_tim.o(.text.HAL_TIM_IC_ConfigChannel)
    [Anonymous Symbol]                       0x0800240e   Section        0  py32f0xx_hal_tim.o(.text.HAL_TIM_IC_Init)
    [Anonymous Symbol]                       0x08002460   Section        0  py32f0xx_hal_tim.o(.text.HAL_TIM_IC_MspInit)
    [Anonymous Symbol]                       0x08002468   Section        0  py32f0xx_hal_tim.o(.text.HAL_TIM_IC_Start_IT)
    [Anonymous Symbol]                       0x08002526   Section        0  py32f0xx_hal_tim.o(.text.HAL_TIM_IRQHandler)
    [Anonymous Symbol]                       0x08002790   Section        0  py32f0xx_hal_tim.o(.text.HAL_TIM_OC_DelayElapsedCallback)
    [Anonymous Symbol]                       0x08002798   Section        0  py32f0xx_hal_tim.o(.text.HAL_TIM_PWM_PulseFinishedCallback)
    [Anonymous Symbol]                       0x080027a0   Section        0  main.o(.text.HAL_TIM_PeriodElapsedCallback)
    __arm_cp.12_0                            0x08002828   Number         4  main.o(.text.HAL_TIM_PeriodElapsedCallback)
    __arm_cp.12_1                            0x0800282c   Number         4  main.o(.text.HAL_TIM_PeriodElapsedCallback)
    __arm_cp.12_2                            0x08002830   Number         4  main.o(.text.HAL_TIM_PeriodElapsedCallback)
    __arm_cp.12_3                            0x08002834   Number         4  main.o(.text.HAL_TIM_PeriodElapsedCallback)
    __arm_cp.12_4                            0x08002838   Number         4  main.o(.text.HAL_TIM_PeriodElapsedCallback)
    [Anonymous Symbol]                       0x0800283c   Section        0  py32f0xx_hal_tim.o(.text.HAL_TIM_ReadCapturedValue)
    [Anonymous Symbol]                       0x080028bc   Section        0  py32f0xx_hal_tim.o(.text.HAL_TIM_SlaveConfigSynchro_IT)
    [Anonymous Symbol]                       0x0800293c   Section        0  main.o(.text.HAL_TIM_TriggerCallback)
    __arm_cp.11_1                            0x08002bac   Number         4  main.o(.text.HAL_TIM_TriggerCallback)
    __arm_cp.11_2                            0x08002bb0   Number         4  main.o(.text.HAL_TIM_TriggerCallback)
    __arm_cp.11_3                            0x08002bb4   Number         4  main.o(.text.HAL_TIM_TriggerCallback)
    __arm_cp.11_4                            0x08002bb8   Number         4  main.o(.text.HAL_TIM_TriggerCallback)
    __arm_cp.11_5                            0x08002bbc   Number         4  main.o(.text.HAL_TIM_TriggerCallback)
    __arm_cp.11_6                            0x08002bc0   Number         4  main.o(.text.HAL_TIM_TriggerCallback)
    __arm_cp.11_7                            0x08002bc4   Number         4  main.o(.text.HAL_TIM_TriggerCallback)
    __arm_cp.11_8                            0x08002bc8   Number         4  main.o(.text.HAL_TIM_TriggerCallback)
    __arm_cp.11_9                            0x08002bcc   Number         4  main.o(.text.HAL_TIM_TriggerCallback)
    __arm_cp.11_10                           0x08002bd0   Number         4  main.o(.text.HAL_TIM_TriggerCallback)
    __arm_cp.11_11                           0x08002bd4   Number         4  main.o(.text.HAL_TIM_TriggerCallback)
    __arm_cp.11_12                           0x08002bd8   Number         4  main.o(.text.HAL_TIM_TriggerCallback)
    __arm_cp.11_13                           0x08002bdc   Number         4  main.o(.text.HAL_TIM_TriggerCallback)
    __arm_cp.11_14                           0x08002be0   Number         4  main.o(.text.HAL_TIM_TriggerCallback)
    __arm_cp.11_15                           0x08002be4   Number         4  main.o(.text.HAL_TIM_TriggerCallback)
    [Anonymous Symbol]                       0x08002be8   Section        0  py32f0xx_it.o(.text.HardFault_Handler)
    [Anonymous Symbol]                       0x08002bec   Section        0  py32f0xx_it.o(.text.NMI_Handler)
    [Anonymous Symbol]                       0x08002bee   Section        0  py32f0xx_it.o(.text.PendSV_Handler)
    [Anonymous Symbol]                       0x08002bf0   Section        0  py32f0xx_it.o(.text.SVC_Handler)
    SysTick_Config                           0x08002bf5   Thumb Code    68  py32f0xx_hal_cortex.o(.text.SysTick_Config)
    [Anonymous Symbol]                       0x08002bf4   Section        0  py32f0xx_hal_cortex.o(.text.SysTick_Config)
    __arm_cp.9_0                             0x08002c38   Number         4  py32f0xx_hal_cortex.o(.text.SysTick_Config)
    __arm_cp.9_1                             0x08002c3c   Number         4  py32f0xx_hal_cortex.o(.text.SysTick_Config)
    __arm_cp.9_2                             0x08002c40   Number         4  py32f0xx_hal_cortex.o(.text.SysTick_Config)
    [Anonymous Symbol]                       0x08002c44   Section        0  py32f0xx_it.o(.text.SysTick_Handler)
    [Anonymous Symbol]                       0x08002c4c   Section        0  system_py32f0xx.o(.text.SystemInit)
    __arm_cp.1_0                             0x08002c6c   Number         4  system_py32f0xx.o(.text.SystemInit)
    __arm_cp.1_1                             0x08002c70   Number         4  system_py32f0xx.o(.text.SystemInit)
    __arm_cp.1_2                             0x08002c74   Number         4  system_py32f0xx.o(.text.SystemInit)
    __arm_cp.1_3                             0x08002c78   Number         4  system_py32f0xx.o(.text.SystemInit)
    [Anonymous Symbol]                       0x08002c7c   Section        0  py32f0xx_it.o(.text.TIM16_IRQHandler)
    __arm_cp.6_0                             0x08002c88   Number         4  py32f0xx_it.o(.text.TIM16_IRQHandler)
    [Anonymous Symbol]                       0x08002c8c   Section        0  py32f0xx_it.o(.text.TIM1_BRK_UP_TRG_COM_IRQHandler)
    __arm_cp.5_0                             0x08002c98   Number         4  py32f0xx_it.o(.text.TIM1_BRK_UP_TRG_COM_IRQHandler)
    [Anonymous Symbol]                       0x08002c9c   Section        0  py32f0xx_hal_tim.o(.text.TIM_Base_SetConfig)
    __arm_cp.2_1                             0x08002d3c   Number         4  py32f0xx_hal_tim.o(.text.TIM_Base_SetConfig)
    [Anonymous Symbol]                       0x08002d40   Section        0  py32f0xx_hal_tim.o(.text.TIM_CCxChannelCmd)
    [Anonymous Symbol]                       0x08002d72   Section        0  py32f0xx_hal_tim.o(.text.TIM_ETR_SetConfig)
    TIM_SlaveTimer_SetConfig                 0x08002da9   Thumb Code   282  py32f0xx_hal_tim.o(.text.TIM_SlaveTimer_SetConfig)
    [Anonymous Symbol]                       0x08002da8   Section        0  py32f0xx_hal_tim.o(.text.TIM_SlaveTimer_SetConfig)
    TIM_TI1_ConfigInputStage                 0x08002ec3   Thumb Code    80  py32f0xx_hal_tim.o(.text.TIM_TI1_ConfigInputStage)
    [Anonymous Symbol]                       0x08002ec2   Section        0  py32f0xx_hal_tim.o(.text.TIM_TI1_ConfigInputStage)
    [Anonymous Symbol]                       0x08002f14   Section        0  py32f0xx_hal_tim.o(.text.TIM_TI1_SetConfig)
    __arm_cp.62_0                            0x08002f90   Number         4  py32f0xx_hal_tim.o(.text.TIM_TI1_SetConfig)
    TIM_TI2_ConfigInputStage                 0x08002f95   Thumb Code    84  py32f0xx_hal_tim.o(.text.TIM_TI2_ConfigInputStage)
    [Anonymous Symbol]                       0x08002f94   Section        0  py32f0xx_hal_tim.o(.text.TIM_TI2_ConfigInputStage)
    TIM_TI2_SetConfig                        0x08002fe9   Thumb Code   110  py32f0xx_hal_tim.o(.text.TIM_TI2_SetConfig)
    [Anonymous Symbol]                       0x08002fe8   Section        0  py32f0xx_hal_tim.o(.text.TIM_TI2_SetConfig)
    TIM_TI3_SetConfig                        0x08003057   Thumb Code   108  py32f0xx_hal_tim.o(.text.TIM_TI3_SetConfig)
    [Anonymous Symbol]                       0x08003056   Section        0  py32f0xx_hal_tim.o(.text.TIM_TI3_SetConfig)
    TIM_TI4_SetConfig                        0x080030c3   Thumb Code   112  py32f0xx_hal_tim.o(.text.TIM_TI4_SetConfig)
    [Anonymous Symbol]                       0x080030c2   Section        0  py32f0xx_hal_tim.o(.text.TIM_TI4_SetConfig)
    __NVIC_EnableIRQ                         0x08003135   Thumb Code    40  py32f0xx_hal_cortex.o(.text.__NVIC_EnableIRQ)
    [Anonymous Symbol]                       0x08003134   Section        0  py32f0xx_hal_cortex.o(.text.__NVIC_EnableIRQ)
    __arm_cp.3_0                             0x0800315c   Number         4  py32f0xx_hal_cortex.o(.text.__NVIC_EnableIRQ)
    __NVIC_SetPriority                       0x08003161   Thumb Code   124  py32f0xx_hal_cortex.o(.text.__NVIC_SetPriority)
    [Anonymous Symbol]                       0x08003160   Section        0  py32f0xx_hal_cortex.o(.text.__NVIC_SetPriority)
    __arm_cp.1_0                             0x080031dc   Number         4  py32f0xx_hal_cortex.o(.text.__NVIC_SetPriority)
    __arm_cp.1_1                             0x080031e0   Number         4  py32f0xx_hal_cortex.o(.text.__NVIC_SetPriority)
    [Anonymous Symbol]                       0x080031e4   Section        0  main.o(.text.display_minimum)
    [Anonymous Symbol]                       0x080032a8   Section        0  main.o(.text.display_revolutions)
    [Anonymous Symbol]                       0x0800333c   Section        0  main.o(.text.display_temperature)
    [Anonymous Symbol]                       0x0800342c   Section        0  main.o(.text.display_voltage)
    __arm_cp.3_0                             0x08003514   Number         4  main.o(.text.display_voltage)
    [Anonymous Symbol]                       0x08003518   Section        0  main.o(.text.gpioInit)
    __arm_cp.6_0                             0x0800357c   Number         4  main.o(.text.gpioInit)
    [Anonymous Symbol]                       0x08003580   Section        0  main.o(.text.main)
    [Anonymous Symbol]                       0x080035a4   Section        0  main.o(.text.timerDisplayInit)
    __arm_cp.8_0                             0x080035e0   Number         4  main.o(.text.timerDisplayInit)
    __arm_cp.8_1                             0x080035e4   Number         4  main.o(.text.timerDisplayInit)
    __arm_cp.8_2                             0x080035e8   Number         4  main.o(.text.timerDisplayInit)
    [Anonymous Symbol]                       0x080035ec   Section        0  main.o(.text.timerMeasureInit)
    __arm_cp.9_0                             0x0800369c   Number         4  main.o(.text.timerMeasureInit)
    __arm_cp.9_1                             0x080036a0   Number         4  main.o(.text.timerMeasureInit)
    __arm_cp.9_2                             0x080036a4   Number         4  main.o(.text.timerMeasureInit)
    ddiv_reciptbl                            0x080036a8   Data         128  ddiv.o(.constdata)
    .constdata                               0x080036a8   Section      128  ddiv.o(.constdata)
    x$fpl$usenofp                            0x080036a8   Section        0  usenofp.o(x$fpl$usenofp)
    [Anonymous Symbol]                       0x08003728   Section        0  py32f0xx_hal_rcc.o(.rodata..L__const.HAL_RCC_GetSysClockFreq.hsiValue)
    .bss                                     0x200000d0   Section       96  libspace.o(.bss)
    HAL_TIM_PeriodElapsedCallback.col        0x20000174   Data           2  main.o(.bss.HAL_TIM_PeriodElapsedCallback.col)
    [Anonymous Symbol]                       0x20000174   Section        0  main.o(.bss.HAL_TIM_PeriodElapsedCallback.col)
    HAL_TIM_PeriodElapsedCallback.sym        0x20000176   Data           1  main.o(.bss.HAL_TIM_PeriodElapsedCallback.sym)
    [Anonymous Symbol]                       0x20000176   Section        0  main.o(.bss.HAL_TIM_PeriodElapsedCallback.sym)
    HAL_TIM_TriggerCallback.accumulator      0x20000178   Data           4  main.o(.bss.HAL_TIM_TriggerCallback.accumulator)
    [Anonymous Symbol]                       0x20000178   Section        0  main.o(.bss.HAL_TIM_TriggerCallback.accumulator)
    HAL_TIM_TriggerCallback.delay            0x2000017c   Data           2  main.o(.bss.HAL_TIM_TriggerCallback.delay)
    [Anonymous Symbol]                       0x2000017c   Section        0  main.o(.bss.HAL_TIM_TriggerCallback.delay)
    HAL_TIM_TriggerCallback.minimum          0x2000017e   Data           2  main.o(.bss.HAL_TIM_TriggerCallback.minimum)
    [Anonymous Symbol]                       0x2000017e   Section        0  main.o(.bss.HAL_TIM_TriggerCallback.minimum)
    Heap_Mem                                 0x200001d0   Data           0  startup_py32f002ax5.o(HEAP)
    Stack_Mem                                0x200001d0   Data        1024  startup_py32f002ax5.o(STACK)
    HEAP                                     0x200001d0   Section        0  startup_py32f002ax5.o(HEAP)
    STACK                                    0x200001d0   Section     1024  startup_py32f002ax5.o(STACK)
    __initial_sp                             0x200005d0   Data           0  startup_py32f002ax5.o(STACK)

    Global Symbols

    Symbol Name                              Value     Ov Type        Size  Object(Section)

    BuildAttributes$$THM_ISAv3M$S$PE$A:L22$X:L11$S22$IEEE1$IW$~IW$USESV6$~STKCKD$USESV7$~SHL$OSPACE$ROPI$EBA8$UX$STANDARDLIB$REQ8$PRES8$EABIv2 0x00000000   Number         0  anon$$obj.o ABSOLUTE
    __ARM_exceptions_init                     - Undefined Weak Reference
    __alloca_initialize                       - Undefined Weak Reference
    __arm_preinit_                            - Undefined Weak Reference
    __arm_relocate_pie_                       - Undefined Weak Reference
    __cpp_initialize__aeabi_                  - Undefined Weak Reference
    __cxa_finalize                            - Undefined Weak Reference
    __rt_locale                               - Undefined Weak Reference
    __sigvec_lookup                           - Undefined Weak Reference
    _atexit_init                              - Undefined Weak Reference
    _call_atexit_fns                          - Undefined Weak Reference
    _clock_init                               - Undefined Weak Reference
    _fp_trap_init                             - Undefined Weak Reference
    _fp_trap_shutdown                         - Undefined Weak Reference
    _get_lc_collate                           - Undefined Weak Reference
    _get_lc_ctype                             - Undefined Weak Reference
    _get_lc_monetary                          - Undefined Weak Reference
    _get_lc_numeric                           - Undefined Weak Reference
    _get_lc_time                              - Undefined Weak Reference
    _getenv_init                              - Undefined Weak Reference
    _handle_redirection                       - Undefined Weak Reference
    _init_alloc                               - Undefined Weak Reference
    _init_user_alloc                          - Undefined Weak Reference
    _initio                                   - Undefined Weak Reference
    _rand_init                                - Undefined Weak Reference
    _signal_finish                            - Undefined Weak Reference
    _signal_init                              - Undefined Weak Reference
    _terminate_alloc                          - Undefined Weak Reference
    _terminate_user_alloc                     - Undefined Weak Reference
    _terminateio                              - Undefined Weak Reference
    __Vectors_Size                           0x000000c0   Number         0  startup_py32f002ax5.o ABSOLUTE
    __Vectors                                0x08000000   Data           4  startup_py32f002ax5.o(RESET)
    __Vectors_End                            0x080000c0   Data           0  startup_py32f002ax5.o(RESET)
    __main                                   0x080000c1   Thumb Code     8  __main.o(!!!main)
    __scatterload                            0x080000c9   Thumb Code     0  __scatter.o(!!!scatter)
    __scatterload_rt2                        0x080000c9   Thumb Code    74  __scatter.o(!!!scatter)
    __scatterload_rt2_thumb_only             0x080000c9   Thumb Code     0  __scatter.o(!!!scatter)
    __scatterload_loop                       0x080000d3   Thumb Code     0  __scatter.o(!!!scatter)
    __scatterload_copy                       0x0800011d   Thumb Code    26  __scatter_copy.o(!!handler_copy)
    __scatterload_null                       0x08000139   Thumb Code     2  __scatter.o(!!handler_null)
    __scatterload_zeroinit                   0x0800013d   Thumb Code    28  __scatter_zi.o(!!handler_zi)
    __rt_lib_init                            0x08000159   Thumb Code     0  libinit.o(.ARM.Collect$$libinit$$00000000)
    __rt_lib_init_alloca_1                   0x0800015b   Thumb Code     0  libinit2.o(.ARM.Collect$$libinit$$00000030)
    __rt_lib_init_argv_1                     0x0800015b   Thumb Code     0  libinit2.o(.ARM.Collect$$libinit$$0000002E)
    __rt_lib_init_atexit_1                   0x0800015b   Thumb Code     0  libinit2.o(.ARM.Collect$$libinit$$0000001D)
    __rt_lib_init_clock_1                    0x0800015b   Thumb Code     0  libinit2.o(.ARM.Collect$$libinit$$00000023)
    __rt_lib_init_cpp_1                      0x0800015b   Thumb Code     0  libinit2.o(.ARM.Collect$$libinit$$00000034)
    __rt_lib_init_exceptions_1               0x0800015b   Thumb Code     0  libinit2.o(.ARM.Collect$$libinit$$00000032)
    __rt_lib_init_fp_1                       0x0800015b   Thumb Code     0  libinit2.o(.ARM.Collect$$libinit$$00000002)
    __rt_lib_init_fp_trap_1                  0x0800015b   Thumb Code     0  libinit2.o(.ARM.Collect$$libinit$$00000021)
    __rt_lib_init_getenv_1                   0x0800015b   Thumb Code     0  libinit2.o(.ARM.Collect$$libinit$$00000025)
    __rt_lib_init_heap_1                     0x0800015b   Thumb Code     0  libinit2.o(.ARM.Collect$$libinit$$0000000C)
    __rt_lib_init_lc_collate_1               0x0800015b   Thumb Code     0  libinit2.o(.ARM.Collect$$libinit$$00000013)
    __rt_lib_init_lc_ctype_1                 0x0800015b   Thumb Code     0  libinit2.o(.ARM.Collect$$libinit$$00000015)
    __rt_lib_init_lc_monetary_1              0x0800015b   Thumb Code     0  libinit2.o(.ARM.Collect$$libinit$$00000017)
    __rt_lib_init_lc_numeric_1               0x0800015b   Thumb Code     0  libinit2.o(.ARM.Collect$$libinit$$00000019)
    __rt_lib_init_lc_time_1                  0x0800015b   Thumb Code     0  libinit2.o(.ARM.Collect$$libinit$$0000001B)
    __rt_lib_init_preinit_1                  0x0800015b   Thumb Code     0  libinit2.o(.ARM.Collect$$libinit$$00000006)
    __rt_lib_init_rand_1                     0x0800015b   Thumb Code     0  libinit2.o(.ARM.Collect$$libinit$$00000010)
    __rt_lib_init_relocate_pie_1             0x0800015b   Thumb Code     0  libinit2.o(.ARM.Collect$$libinit$$00000004)
    __rt_lib_init_return                     0x0800015b   Thumb Code     0  libinit2.o(.ARM.Collect$$libinit$$00000035)
    __rt_lib_init_signal_1                   0x0800015b   Thumb Code     0  libinit2.o(.ARM.Collect$$libinit$$0000001F)
    __rt_lib_init_stdio_1                    0x0800015b   Thumb Code     0  libinit2.o(.ARM.Collect$$libinit$$00000027)
    __rt_lib_init_user_alloc_1               0x0800015b   Thumb Code     0  libinit2.o(.ARM.Collect$$libinit$$0000000E)
    __rt_lib_shutdown                        0x0800015d   Thumb Code     0  libshutdown.o(.ARM.Collect$$libshutdown$$00000000)
    __rt_lib_shutdown_cpp_1                  0x0800015f   Thumb Code     0  libshutdown2.o(.ARM.Collect$$libshutdown$$00000002)
    __rt_lib_shutdown_fp_trap_1              0x0800015f   Thumb Code     0  libshutdown2.o(.ARM.Collect$$libshutdown$$00000007)
    __rt_lib_shutdown_heap_1                 0x0800015f   Thumb Code     0  libshutdown2.o(.ARM.Collect$$libshutdown$$0000000F)
    __rt_lib_shutdown_return                 0x0800015f   Thumb Code     0  libshutdown2.o(.ARM.Collect$$libshutdown$$00000010)
    __rt_lib_shutdown_signal_1               0x0800015f   Thumb Code     0  libshutdown2.o(.ARM.Collect$$libshutdown$$0000000A)
    __rt_lib_shutdown_stdio_1                0x0800015f   Thumb Code     0  libshutdown2.o(.ARM.Collect$$libshutdown$$00000004)
    __rt_lib_shutdown_user_alloc_1           0x0800015f   Thumb Code     0  libshutdown2.o(.ARM.Collect$$libshutdown$$0000000C)
    __rt_entry                               0x08000161   Thumb Code     0  __rtentry.o(.ARM.Collect$$rtentry$$00000000)
    __rt_entry_presh_1                       0x08000161   Thumb Code     0  __rtentry2.o(.ARM.Collect$$rtentry$$00000002)
    __rt_entry_sh                            0x08000161   Thumb Code     0  __rtentry4.o(.ARM.Collect$$rtentry$$00000004)
    __rt_entry_li                            0x08000167   Thumb Code     0  __rtentry2.o(.ARM.Collect$$rtentry$$0000000A)
    __rt_entry_postsh_1                      0x08000167   Thumb Code     0  __rtentry2.o(.ARM.Collect$$rtentry$$00000009)
    __rt_entry_main                          0x0800016b   Thumb Code     0  __rtentry2.o(.ARM.Collect$$rtentry$$0000000D)
    __rt_entry_postli_1                      0x0800016b   Thumb Code     0  __rtentry2.o(.ARM.Collect$$rtentry$$0000000C)
    __rt_exit                                0x08000173   Thumb Code     0  rtexit.o(.ARM.Collect$$rtexit$$00000000)
    __rt_exit_ls                             0x08000175   Thumb Code     0  rtexit2.o(.ARM.Collect$$rtexit$$00000003)
    __rt_exit_prels_1                        0x08000175   Thumb Code     0  rtexit2.o(.ARM.Collect$$rtexit$$00000002)
    __rt_exit_exit                           0x08000179   Thumb Code     0  rtexit2.o(.ARM.Collect$$rtexit$$00000004)
    Reset_Handler                            0x08000181   Thumb Code     8  startup_py32f002ax5.o(.text)
    ADC_COMP_IRQHandler                      0x08000193   Thumb Code     0  startup_py32f002ax5.o(.text)
    EXTI0_1_IRQHandler                       0x08000193   Thumb Code     0  startup_py32f002ax5.o(.text)
    EXTI2_3_IRQHandler                       0x08000193   Thumb Code     0  startup_py32f002ax5.o(.text)
    EXTI4_15_IRQHandler                      0x08000193   Thumb Code     0  startup_py32f002ax5.o(.text)
    FLASH_IRQHandler                         0x08000193   Thumb Code     0  startup_py32f002ax5.o(.text)
    I2C1_IRQHandler                          0x08000193   Thumb Code     0  startup_py32f002ax5.o(.text)
    LPTIM1_IRQHandler                        0x08000193   Thumb Code     0  startup_py32f002ax5.o(.text)
    RCC_IRQHandler                           0x08000193   Thumb Code     0  startup_py32f002ax5.o(.text)
    SPI1_IRQHandler                          0x08000193   Thumb Code     0  startup_py32f002ax5.o(.text)
    TIM1_CC_IRQHandler                       0x08000193   Thumb Code     0  startup_py32f002ax5.o(.text)
    USART1_IRQHandler                        0x08000193   Thumb Code     0  startup_py32f002ax5.o(.text)
    __user_initial_stackheap                 0x08000195   Thumb Code     0  startup_py32f002ax5.o(.text)
    __aeabi_uidiv                            0x080001b5   Thumb Code     0  aeabi_sdiv.o(.text)
    __aeabi_uidivmod                         0x080001b5   Thumb Code    20  aeabi_sdiv.o(.text)
    __aeabi_idiv                             0x080001c9   Thumb Code     0  aeabi_sdiv.o(.text)
    __aeabi_idivmod                          0x080001c9   Thumb Code   338  aeabi_sdiv.o(.text)
    __use_two_region_memory                  0x08000321   Thumb Code     2  heapauxi.o(.text)
    __rt_heap_escrow$2region                 0x08000323   Thumb Code     2  heapauxi.o(.text)
    __rt_heap_expand$2region                 0x08000325   Thumb Code     2  heapauxi.o(.text)
    __adddf3                                 0x08000621   Thumb Code     0  daddsub.o(.text)
    __aeabi_dadd                             0x08000621   Thumb Code     0  daddsub.o(.text)
    _dadd                                    0x08000621   Thumb Code    26  daddsub.o(.text)
    __aeabi_dsub                             0x0800063b   Thumb Code     0  daddsub.o(.text)
    __subdf3                                 0x0800063b   Thumb Code     0  daddsub.o(.text)
    _dsub                                    0x0800063b   Thumb Code    22  daddsub.o(.text)
    __aeabi_drsub                            0x08000651   Thumb Code     0  daddsub.o(.text)
    _drsb                                    0x08000651   Thumb Code    28  daddsub.o(.text)
    __aeabi_ddiv                             0x08000681   Thumb Code     0  ddiv.o(.text)
    __divdf3                                 0x08000681   Thumb Code     0  ddiv.o(.text)
    _ddiv                                    0x08000681   Thumb Code  1072  ddiv.o(.text)
    _drdiv                                   0x08000ab1   Thumb Code    20  ddiv.o(.text)
    __aeabi_d2iz                             0x08000ac9   Thumb Code     0  dfixi.o(.text)
    _dfix                                    0x08000ac9   Thumb Code    98  dfixi.o(.text)
    __aeabi_i2d_normalise                    0x08000b35   Thumb Code    66  dflti.o(.text)
    __aeabi_i2d                              0x08000b77   Thumb Code    16  dflti.o(.text)
    _dflt                                    0x08000b77   Thumb Code     0  dflti.o(.text)
    __aeabi_ui2d                             0x08000b87   Thumb Code     6  dflti.o(.text)
    _dfltu                                   0x08000b87   Thumb Code     0  dflti.o(.text)
    __aeabi_dmul                             0x08000b8d   Thumb Code     0  dmul.o(.text)
    __muldf3                                 0x08000b8d   Thumb Code     0  dmul.o(.text)
    _dmul                                    0x08000b8d   Thumb Code   558  dmul.o(.text)
    __user_setup_stackheap                   0x08000dd5   Thumb Code    62  sys_stackheap_outer.o(.text)
    exit                                     0x08000e13   Thumb Code    16  exit.o(.text)
    __user_libspace                          0x08000e25   Thumb Code     8  libspace.o(.text)
    __user_perproc_libspace                  0x08000e25   Thumb Code     0  libspace.o(.text)
    __user_perthread_libspace                0x08000e25   Thumb Code     0  libspace.o(.text)
    _sys_exit                                0x08000e2d   Thumb Code     8  sys_exit.o(.text)
    __I$use$semihosting                      0x08000e39   Thumb Code     0  use_no_semi.o(.text)
    __use_no_semihosting_swi                 0x08000e39   Thumb Code     2  use_no_semi.o(.text)
    __semihosting_library_function           0x08000e3b   Thumb Code     0  indicate_semi.o(.text)
    main                                     0x08000e3d   Thumb Code    72  system_py32f0xx.o(.text.$Sub$$main)
    ADCInit                                  0x08000e8d   Thumb Code   172  main.o(.text.ADCInit)
    APP_ErrorHandler                         0x08000fd1   Thumb Code     4  main.o(.text.APP_ErrorHandler)
    HAL_ADC_Calibration_Start                0x0800104d   Thumb Code   226  py32f0xx_hal_adc.o(.text.HAL_ADC_Calibration_Start)
    HAL_ADC_ConfigChannel                    0x08001131   Thumb Code   544  py32f0xx_hal_adc.o(.text.HAL_ADC_ConfigChannel)
    HAL_ADC_GetValue                         0x08001369   Thumb Code    14  py32f0xx_hal_adc.o(.text.HAL_ADC_GetValue)
    HAL_ADC_Init                             0x08001379   Thumb Code   556  py32f0xx_hal_adc.o(.text.HAL_ADC_Init)
    HAL_ADC_MspInit                          0x080015ad   Thumb Code     8  py32f0xx_hal_adc.o(.text.HAL_ADC_MspInit)
    HAL_ADC_PollForConversion                0x080015b5   Thumb Code   282  py32f0xx_hal_adc.o(.text.HAL_ADC_PollForConversion)
    HAL_ADC_Start                            0x080016d1   Thumb Code   168  py32f0xx_hal_adc.o(.text.HAL_ADC_Start)
    HAL_GPIO_Init                            0x0800177d   Thumb Code   644  py32f0xx_hal_gpio.o(.text.HAL_GPIO_Init)
    HAL_GPIO_WritePin                        0x08001a19   Thumb Code    44  py32f0xx_hal_gpio.o(.text.HAL_GPIO_WritePin)
    HAL_GetTick                              0x08001a45   Thumb Code     8  py32f0xx_hal.o(.text.HAL_GetTick)
    HAL_IncTick                              0x08001a4d   Thumb Code    16  py32f0xx_hal.o(.text.HAL_IncTick)
    HAL_Init                                 0x08001a61   Thumb Code    44  py32f0xx_hal.o(.text.HAL_Init)
    HAL_InitTick                             0x08001a8d   Thumb Code   120  py32f0xx_hal.o(.text.HAL_InitTick)
    HAL_MspInit                              0x08001b09   Thumb Code    52  py32f0xx_hal_msp.o(.text.HAL_MspInit)
    HAL_NVIC_EnableIRQ                       0x08001b45   Thumb Code    22  py32f0xx_hal_cortex.o(.text.HAL_NVIC_EnableIRQ)
    HAL_NVIC_SetPriority                     0x08001b5b   Thumb Code    28  py32f0xx_hal_cortex.o(.text.HAL_NVIC_SetPriority)
    HAL_RCC_ClockConfig                      0x08001b79   Thumb Code   504  py32f0xx_hal_rcc.o(.text.HAL_RCC_ClockConfig)
    HAL_RCC_GetSysClockFreq                  0x08001d89   Thumb Code   148  py32f0xx_hal_rcc.o(.text.HAL_RCC_GetSysClockFreq)
    HAL_RCC_OscConfig                        0x08001e31   Thumb Code   896  py32f0xx_hal_rcc.o(.text.HAL_RCC_OscConfig)
    HAL_SYSTICK_Config                       0x080021d5   Thumb Code    16  py32f0xx_hal_cortex.o(.text.HAL_SYSTICK_Config)
    HAL_TIMEx_BreakCallback                  0x080021e5   Thumb Code     8  py32f0xx_hal_tim_ex.o(.text.HAL_TIMEx_BreakCallback)
    HAL_TIMEx_CommutCallback                 0x080021ed   Thumb Code     8  py32f0xx_hal_tim_ex.o(.text.HAL_TIMEx_CommutCallback)
    HAL_TIM_Base_Init                        0x080021f5   Thumb Code    82  py32f0xx_hal_tim.o(.text.HAL_TIM_Base_Init)
    HAL_TIM_Base_MspInit                     0x08002249   Thumb Code    96  py32f0xx_hal_msp.o(.text.HAL_TIM_Base_MspInit)
    HAL_TIM_Base_Start_IT                    0x080022ad   Thumb Code    56  py32f0xx_hal_tim.o(.text.HAL_TIM_Base_Start_IT)
    HAL_TIM_IC_CaptureCallback               0x080022e5   Thumb Code     8  py32f0xx_hal_tim.o(.text.HAL_TIM_IC_CaptureCallback)
    HAL_TIM_IC_ConfigChannel                 0x080022ed   Thumb Code   290  py32f0xx_hal_tim.o(.text.HAL_TIM_IC_ConfigChannel)
    HAL_TIM_IC_Init                          0x0800240f   Thumb Code    82  py32f0xx_hal_tim.o(.text.HAL_TIM_IC_Init)
    HAL_TIM_IC_MspInit                       0x08002461   Thumb Code     8  py32f0xx_hal_tim.o(.text.HAL_TIM_IC_MspInit)
    HAL_TIM_IC_Start_IT                      0x08002469   Thumb Code   190  py32f0xx_hal_tim.o(.text.HAL_TIM_IC_Start_IT)
    HAL_TIM_IRQHandler                       0x08002527   Thumb Code   618  py32f0xx_hal_tim.o(.text.HAL_TIM_IRQHandler)
    HAL_TIM_OC_DelayElapsedCallback          0x08002791   Thumb Code     8  py32f0xx_hal_tim.o(.text.HAL_TIM_OC_DelayElapsedCallback)
    HAL_TIM_PWM_PulseFinishedCallback        0x08002799   Thumb Code     8  py32f0xx_hal_tim.o(.text.HAL_TIM_PWM_PulseFinishedCallback)
    HAL_TIM_PeriodElapsedCallback            0x080027a1   Thumb Code   136  main.o(.text.HAL_TIM_PeriodElapsedCallback)
    HAL_TIM_ReadCapturedValue                0x0800283d   Thumb Code   128  py32f0xx_hal_tim.o(.text.HAL_TIM_ReadCapturedValue)
    HAL_TIM_SlaveConfigSynchro_IT            0x080028bd   Thumb Code   126  py32f0xx_hal_tim.o(.text.HAL_TIM_SlaveConfigSynchro_IT)
    HAL_TIM_TriggerCallback                  0x0800293d   Thumb Code   624  main.o(.text.HAL_TIM_TriggerCallback)
    HardFault_Handler                        0x08002be9   Thumb Code     4  py32f0xx_it.o(.text.HardFault_Handler)
    NMI_Handler                              0x08002bed   Thumb Code     2  py32f0xx_it.o(.text.NMI_Handler)
    PendSV_Handler                           0x08002bef   Thumb Code     2  py32f0xx_it.o(.text.PendSV_Handler)
    SVC_Handler                              0x08002bf1   Thumb Code     2  py32f0xx_it.o(.text.SVC_Handler)
    SysTick_Handler                          0x08002c45   Thumb Code     8  py32f0xx_it.o(.text.SysTick_Handler)
    SystemInit                               0x08002c4d   Thumb Code    32  system_py32f0xx.o(.text.SystemInit)
    TIM16_IRQHandler                         0x08002c7d   Thumb Code    12  py32f0xx_it.o(.text.TIM16_IRQHandler)
    TIM1_BRK_UP_TRG_COM_IRQHandler           0x08002c8d   Thumb Code    12  py32f0xx_it.o(.text.TIM1_BRK_UP_TRG_COM_IRQHandler)
    TIM_Base_SetConfig                       0x08002c9d   Thumb Code   160  py32f0xx_hal_tim.o(.text.TIM_Base_SetConfig)
    TIM_CCxChannelCmd                        0x08002d41   Thumb Code    50  py32f0xx_hal_tim.o(.text.TIM_CCxChannelCmd)
    TIM_ETR_SetConfig                        0x08002d73   Thumb Code    54  py32f0xx_hal_tim.o(.text.TIM_ETR_SetConfig)
    TIM_TI1_SetConfig                        0x08002f15   Thumb Code   124  py32f0xx_hal_tim.o(.text.TIM_TI1_SetConfig)
    display_minimum                          0x080031e5   Thumb Code   196  main.o(.text.display_minimum)
    display_revolutions                      0x080032a9   Thumb Code   148  main.o(.text.display_revolutions)
    display_temperature                      0x0800333d   Thumb Code   240  main.o(.text.display_temperature)
    display_voltage                          0x0800342d   Thumb Code   232  main.o(.text.display_voltage)
    gpioInit                                 0x08003519   Thumb Code   100  main.o(.text.gpioInit)
    $Super$$main                             0x08003581   Thumb Code    36  main.o(.text.main)
    timerDisplayInit                         0x080035a5   Thumb Code    60  main.o(.text.timerDisplayInit)
    timerMeasureInit                         0x080035ed   Thumb Code   176  main.o(.text.timerMeasureInit)
    __I$use$fp                               0x080036a8   Number         0  usenofp.o(x$fpl$usenofp)
    AHBPrescTable                            0x0800373c   Data          64  system_py32f0xx.o(.rodata.AHBPrescTable)
    TachoFont                                0x0800377c   Data         576  tachofont.o(.rodata.TachoFont)
    Region$$Table$$Base                      0x080039bc   Number         0  anon$$obj.o(Region$$Table)
    Region$$Table$$Limit                     0x080039dc   Number         0  anon$$obj.o(Region$$Table)
    VECT_SRAM_TAB                            0x20000000   Data         192  system_py32f0xx.o(.ARM.__at_0x20000000)
    SystemCoreClock                          0x200000c0   Data           4  system_py32f0xx.o(.data.SystemCoreClock)
    uwTickFreq                               0x200000c4   Data           4  py32f0xx_hal.o(.data.uwTickFreq)
    uwTickPrio                               0x200000c8   Data           4  py32f0xx_hal.o(.data.uwTickPrio)
    __libspace_start                         0x200000d0   Data          96  libspace.o(.bss)
    AdcChanConf                              0x20000130   Data          12  main.o(.bss.AdcChanConf)
    __temporary_stack_top$libspace           0x20000130   Data           0  libspace.o(.bss)
    AdcHandle                                0x2000013c   Data          56  main.o(.bss.AdcHandle)
    buffer                                   0x20000180   Data          10  main.o(.bss.buffer)
    current_state                            0x2000018a   Data           1  main.o(.bss.current_state)
    tim16DisplayHandle                       0x2000018c   Data          32  main.o(.bss.tim16DisplayHandle)
    tim1MeasureHandle                        0x200001ac   Data          32  main.o(.bss.tim1MeasureHandle)
    uwTick                                   0x200001cc   Data           4  py32f0xx_hal.o(.bss.uwTick)



==============================================================================

Memory Map of the image

  Image Entry point : 0x08000181

  Load Region LR_1 (Base: 0x08000000, Size: 0x00003aa8, Max: 0xffffffff, ABSOLUTE)

    Execution Region ER_RO (Exec base: 0x08000000, Load base: 0x08000000, Size: 0x000039dc, Max: 0xffffffff, ABSOLUTE)

    Exec Addr    Load Addr    Size         Type   Attr      Idx    E Section Name        Object

    0x08000000   0x08000000   0x000000c0   Data   RO          675    RESET               startup_py32f002ax5.o
    0x080000c0   0x080000c0   0x00000008   Code   RO          708  * !!!main             c_p.l(__main.o)
    0x080000c8   0x080000c8   0x00000054   Code   RO          897    !!!scatter          c_p.l(__scatter.o)
    0x0800011c   0x0800011c   0x0000001a   Code   RO          901    !!handler_copy      c_p.l(__scatter_copy.o)
    0x08000136   0x08000136   0x00000002   PAD
    0x08000138   0x08000138   0x00000002   Code   RO          898    !!handler_null      c_p.l(__scatter.o)
    0x0800013a   0x0800013a   0x00000002   PAD
    0x0800013c   0x0800013c   0x0000001c   Code   RO          903    !!handler_zi        c_p.l(__scatter_zi.o)
    0x08000158   0x08000158   0x00000002   Code   RO          758    .ARM.Collect$$libinit$$00000000  c_p.l(libinit.o)
    0x0800015a   0x0800015a   0x00000000   Code   RO          772    .ARM.Collect$$libinit$$00000002  c_p.l(libinit2.o)
    0x0800015a   0x0800015a   0x00000000   Code   RO          774    .ARM.Collect$$libinit$$00000004  c_p.l(libinit2.o)
    0x0800015a   0x0800015a   0x00000000   Code   RO          776    .ARM.Collect$$libinit$$00000006  c_p.l(libinit2.o)
    0x0800015a   0x0800015a   0x00000000   Code   RO          779    .ARM.Collect$$libinit$$0000000C  c_p.l(libinit2.o)
    0x0800015a   0x0800015a   0x00000000   Code   RO          781    .ARM.Collect$$libinit$$0000000E  c_p.l(libinit2.o)
    0x0800015a   0x0800015a   0x00000000   Code   RO          783    .ARM.Collect$$libinit$$00000010  c_p.l(libinit2.o)
    0x0800015a   0x0800015a   0x00000000   Code   RO          786    .ARM.Collect$$libinit$$00000013  c_p.l(libinit2.o)
    0x0800015a   0x0800015a   0x00000000   Code   RO          788    .ARM.Collect$$libinit$$00000015  c_p.l(libinit2.o)
    0x0800015a   0x0800015a   0x00000000   Code   RO          790    .ARM.Collect$$libinit$$00000017  c_p.l(libinit2.o)
    0x0800015a   0x0800015a   0x00000000   Code   RO          792    .ARM.Collect$$libinit$$00000019  c_p.l(libinit2.o)
    0x0800015a   0x0800015a   0x00000000   Code   RO          794    .ARM.Collect$$libinit$$0000001B  c_p.l(libinit2.o)
    0x0800015a   0x0800015a   0x00000000   Code   RO          796    .ARM.Collect$$libinit$$0000001D  c_p.l(libinit2.o)
    0x0800015a   0x0800015a   0x00000000   Code   RO          798    .ARM.Collect$$libinit$$0000001F  c_p.l(libinit2.o)
    0x0800015a   0x0800015a   0x00000000   Code   RO          800    .ARM.Collect$$libinit$$00000021  c_p.l(libinit2.o)
    0x0800015a   0x0800015a   0x00000000   Code   RO          802    .ARM.Collect$$libinit$$00000023  c_p.l(libinit2.o)
    0x0800015a   0x0800015a   0x00000000   Code   RO          804    .ARM.Collect$$libinit$$00000025  c_p.l(libinit2.o)
    0x0800015a   0x0800015a   0x00000000   Code   RO          806    .ARM.Collect$$libinit$$00000027  c_p.l(libinit2.o)
    0x0800015a   0x0800015a   0x00000000   Code   RO          810    .ARM.Collect$$libinit$$0000002E  c_p.l(libinit2.o)
    0x0800015a   0x0800015a   0x00000000   Code   RO          812    .ARM.Collect$$libinit$$00000030  c_p.l(libinit2.o)
    0x0800015a   0x0800015a   0x00000000   Code   RO          814    .ARM.Collect$$libinit$$00000032  c_p.l(libinit2.o)
    0x0800015a   0x0800015a   0x00000000   Code   RO          816    .ARM.Collect$$libinit$$00000034  c_p.l(libinit2.o)
    0x0800015a   0x0800015a   0x00000002   Code   RO          817    .ARM.Collect$$libinit$$00000035  c_p.l(libinit2.o)
    0x0800015c   0x0800015c   0x00000002   Code   RO          852    .ARM.Collect$$libshutdown$$00000000  c_p.l(libshutdown.o)
    0x0800015e   0x0800015e   0x00000000   Code   RO          880    .ARM.Collect$$libshutdown$$00000002  c_p.l(libshutdown2.o)
    0x0800015e   0x0800015e   0x00000000   Code   RO          882    .ARM.Collect$$libshutdown$$00000004  c_p.l(libshutdown2.o)
    0x0800015e   0x0800015e   0x00000000   Code   RO          885    .ARM.Collect$$libshutdown$$00000007  c_p.l(libshutdown2.o)
    0x0800015e   0x0800015e   0x00000000   Code   RO          888    .ARM.Collect$$libshutdown$$0000000A  c_p.l(libshutdown2.o)
    0x0800015e   0x0800015e   0x00000000   Code   RO          890    .ARM.Collect$$libshutdown$$0000000C  c_p.l(libshutdown2.o)
    0x0800015e   0x0800015e   0x00000000   Code   RO          893    .ARM.Collect$$libshutdown$$0000000F  c_p.l(libshutdown2.o)
    0x0800015e   0x0800015e   0x00000002   Code   RO          894    .ARM.Collect$$libshutdown$$00000010  c_p.l(libshutdown2.o)
    0x08000160   0x08000160   0x00000000   Code   RO          721    .ARM.Collect$$rtentry$$00000000  c_p.l(__rtentry.o)
    0x08000160   0x08000160   0x00000000   Code   RO          728    .ARM.Collect$$rtentry$$00000002  c_p.l(__rtentry2.o)
    0x08000160   0x08000160   0x00000006   Code   RO          740    .ARM.Collect$$rtentry$$00000004  c_p.l(__rtentry4.o)
    0x08000166   0x08000166   0x00000000   Code   RO          730    .ARM.Collect$$rtentry$$00000009  c_p.l(__rtentry2.o)
    0x08000166   0x08000166   0x00000004   Code   RO          731    .ARM.Collect$$rtentry$$0000000A  c_p.l(__rtentry2.o)
    0x0800016a   0x0800016a   0x00000000   Code   RO          733    .ARM.Collect$$rtentry$$0000000C  c_p.l(__rtentry2.o)
    0x0800016a   0x0800016a   0x00000008   Code   RO          734    .ARM.Collect$$rtentry$$0000000D  c_p.l(__rtentry2.o)
    0x08000172   0x08000172   0x00000002   Code   RO          763    .ARM.Collect$$rtexit$$00000000  c_p.l(rtexit.o)
    0x08000174   0x08000174   0x00000000   Code   RO          823    .ARM.Collect$$rtexit$$00000002  c_p.l(rtexit2.o)
    0x08000174   0x08000174   0x00000004   Code   RO          824    .ARM.Collect$$rtexit$$00000003  c_p.l(rtexit2.o)
    0x08000178   0x08000178   0x00000006   Code   RO          825    .ARM.Collect$$rtexit$$00000004  c_p.l(rtexit2.o)
    0x0800017e   0x0800017e   0x00000002   PAD
    0x08000180   0x08000180   0x00000034   Code   RO          676  * .text               startup_py32f002ax5.o
    0x080001b4   0x080001b4   0x0000016c   Code   RO          702    .text               c_p.l(aeabi_sdiv.o)
    0x08000320   0x08000320   0x00000006   Code   RO          706    .text               c_p.l(heapauxi.o)
    0x08000326   0x08000326   0x00000002   PAD
    0x08000328   0x08000328   0x00000358   Code   RO          710    .text               fz_ps.l(daddsub.o)
    0x08000680   0x08000680   0x00000448   Code   RO          712    .text               fz_ps.l(ddiv.o)
    0x08000ac8   0x08000ac8   0x0000006c   Code   RO          715    .text               fz_ps.l(dfixi.o)
    0x08000b34   0x08000b34   0x00000058   Code   RO          717    .text               fz_ps.l(dflti.o)
    0x08000b8c   0x08000b8c   0x00000248   Code   RO          719    .text               fz_ps.l(dmul.o)
    0x08000dd4   0x08000dd4   0x0000003e   Code   RO          744    .text               c_p.l(sys_stackheap_outer.o)
    0x08000e12   0x08000e12   0x00000010   Code   RO          747    .text               c_p.l(exit.o)
    0x08000e22   0x08000e22   0x00000002   PAD
    0x08000e24   0x08000e24   0x00000008   Code   RO          759    .text               c_p.l(libspace.o)
    0x08000e2c   0x08000e2c   0x0000000c   Code   RO          818    .text               c_p.l(sys_exit.o)
    0x08000e38   0x08000e38   0x00000002   Code   RO          841    .text               c_p.l(use_no_semi.o)
    0x08000e3a   0x08000e3a   0x00000000   Code   RO          843    .text               c_p.l(indicate_semi.o)
    0x08000e3a   0x08000e3a   0x00000002   PAD
    0x08000e3c   0x08000e3c   0x00000050   Code   RO          687    .text.$Sub$$main    system_py32f0xx.o
    0x08000e8c   0x08000e8c   0x000000c4   Code   RO           16    .text.ADCInit       main.o
    0x08000f50   0x08000f50   0x00000080   Code   RO          151    .text.ADC_Enable    py32f0xx_hal_adc.o
    0x08000fd0   0x08000fd0   0x00000004   Code   RO           22    .text.APP_ErrorHandler  main.o
    0x08000fd4   0x08000fd4   0x00000078   Code   RO           12    .text.APP_SystemClockConfig  main.o
    0x0800104c   0x0800104c   0x000000e2   Code   RO          187    .text.HAL_ADC_Calibration_Start  py32f0xx_hal_adc.o
    0x0800112e   0x0800112e   0x00000002   PAD
    0x08001130   0x08001130   0x00000238   Code   RO          175    .text.HAL_ADC_ConfigChannel  py32f0xx_hal_adc.o
    0x08001368   0x08001368   0x0000000e   Code   RO          163    .text.HAL_ADC_GetValue  py32f0xx_hal_adc.o
    0x08001376   0x08001376   0x00000002   PAD
    0x08001378   0x08001378   0x00000234   Code   RO          137    .text.HAL_ADC_Init  py32f0xx_hal_adc.o
    0x080015ac   0x080015ac   0x00000008   Code   RO          139    .text.HAL_ADC_MspInit  py32f0xx_hal_adc.o
    0x080015b4   0x080015b4   0x0000011a   Code   RO          155    .text.HAL_ADC_PollForConversion  py32f0xx_hal_adc.o
    0x080016ce   0x080016ce   0x00000002   PAD
    0x080016d0   0x080016d0   0x000000ac   Code   RO          149    .text.HAL_ADC_Start  py32f0xx_hal_adc.o
    0x0800177c   0x0800177c   0x0000029c   Code   RO          310    .text.HAL_GPIO_Init  py32f0xx_hal_gpio.o
    0x08001a18   0x08001a18   0x0000002c   Code   RO          316    .text.HAL_GPIO_WritePin  py32f0xx_hal_gpio.o
    0x08001a44   0x08001a44   0x00000008   Code   RO           97    .text.HAL_GetTick   py32f0xx_hal.o
    0x08001a4c   0x08001a4c   0x00000014   Code   RO           95    .text.HAL_IncTick   py32f0xx_hal.o
    0x08001a60   0x08001a60   0x0000002c   Code   RO           85    .text.HAL_Init      py32f0xx_hal.o
    0x08001a8c   0x08001a8c   0x0000007c   Code   RO           87    .text.HAL_InitTick  py32f0xx_hal.o
    0x08001b08   0x08001b08   0x0000003c   Code   RO           47    .text.HAL_MspInit   py32f0xx_hal_msp.o
    0x08001b44   0x08001b44   0x00000016   Code   RO          201    .text.HAL_NVIC_EnableIRQ  py32f0xx_hal_cortex.o
    0x08001b5a   0x08001b5a   0x0000001c   Code   RO          197    .text.HAL_NVIC_SetPriority  py32f0xx_hal_cortex.o
    0x08001b76   0x08001b76   0x00000002   PAD
    0x08001b78   0x08001b78   0x00000210   Code   RO          373    .text.HAL_RCC_ClockConfig  py32f0xx_hal_rcc.o
    0x08001d88   0x08001d88   0x000000a8   Code   RO          371    .text.HAL_RCC_GetSysClockFreq  py32f0xx_hal_rcc.o
    0x08001e30   0x08001e30   0x000003a4   Code   RO          369    .text.HAL_RCC_OscConfig  py32f0xx_hal_rcc.o
    0x080021d4   0x080021d4   0x00000010   Code   RO          213    .text.HAL_SYSTICK_Config  py32f0xx_hal_cortex.o
    0x080021e4   0x080021e4   0x00000008   Code   RO          660    .text.HAL_TIMEx_BreakCallback  py32f0xx_hal_tim_ex.o
    0x080021ec   0x080021ec   0x00000008   Code   RO          656    .text.HAL_TIMEx_CommutCallback  py32f0xx_hal_tim_ex.o
    0x080021f4   0x080021f4   0x00000052   Code   RO          417    .text.HAL_TIM_Base_Init  py32f0xx_hal_tim.o
    0x08002246   0x08002246   0x00000002   PAD
    0x08002248   0x08002248   0x00000064   Code   RO           49    .text.HAL_TIM_Base_MspInit  py32f0xx_hal_msp.o
    0x080022ac   0x080022ac   0x00000038   Code   RO          431    .text.HAL_TIM_Base_Start_IT  py32f0xx_hal_tim.o
    0x080022e4   0x080022e4   0x00000008   Code   RO          519    .text.HAL_TIM_IC_CaptureCallback  py32f0xx_hal_tim.o
    0x080022ec   0x080022ec   0x00000122   Code   RO          539    .text.HAL_TIM_IC_ConfigChannel  py32f0xx_hal_tim.o
    0x0800240e   0x0800240e   0x00000052   Code   RO          469    .text.HAL_TIM_IC_Init  py32f0xx_hal_tim.o
    0x08002460   0x08002460   0x00000008   Code   RO          471    .text.HAL_TIM_IC_MspInit  py32f0xx_hal_tim.o
    0x08002468   0x08002468   0x000000be   Code   RO          481    .text.HAL_TIM_IC_Start_IT  py32f0xx_hal_tim.o
    0x08002526   0x08002526   0x0000026a   Code   RO          517    .text.HAL_TIM_IRQHandler  py32f0xx_hal_tim.o
    0x08002790   0x08002790   0x00000008   Code   RO          521    .text.HAL_TIM_OC_DelayElapsedCallback  py32f0xx_hal_tim.o
    0x08002798   0x08002798   0x00000008   Code   RO          523    .text.HAL_TIM_PWM_PulseFinishedCallback  py32f0xx_hal_tim.o
    0x080027a0   0x080027a0   0x0000009c   Code   RO           26    .text.HAL_TIM_PeriodElapsedCallback  main.o
    0x0800283c   0x0800283c   0x00000080   Code   RO          575    .text.HAL_TIM_ReadCapturedValue  py32f0xx_hal_tim.o
    0x080028bc   0x080028bc   0x0000007e   Code   RO          573    .text.HAL_TIM_SlaveConfigSynchro_IT  py32f0xx_hal_tim.o
    0x0800293a   0x0800293a   0x00000002   PAD
    0x0800293c   0x0800293c   0x000002ac   Code   RO           24    .text.HAL_TIM_TriggerCallback  main.o
    0x08002be8   0x08002be8   0x00000004   Code   RO           60    .text.HardFault_Handler  py32f0xx_it.o
    0x08002bec   0x08002bec   0x00000002   Code   RO           58    .text.NMI_Handler   py32f0xx_it.o
    0x08002bee   0x08002bee   0x00000002   Code   RO           64    .text.PendSV_Handler  py32f0xx_it.o
    0x08002bf0   0x08002bf0   0x00000002   Code   RO           62    .text.SVC_Handler   py32f0xx_it.o
    0x08002bf2   0x08002bf2   0x00000002   PAD
    0x08002bf4   0x08002bf4   0x00000050   Code   RO          215    .text.SysTick_Config  py32f0xx_hal_cortex.o
    0x08002c44   0x08002c44   0x00000008   Code   RO           66    .text.SysTick_Handler  py32f0xx_it.o
    0x08002c4c   0x08002c4c   0x00000030   Code   RO          685    .text.SystemInit    system_py32f0xx.o
    0x08002c7c   0x08002c7c   0x00000010   Code   RO           70    .text.TIM16_IRQHandler  py32f0xx_it.o
    0x08002c8c   0x08002c8c   0x00000010   Code   RO           68    .text.TIM1_BRK_UP_TRG_COM_IRQHandler  py32f0xx_it.o
    0x08002c9c   0x08002c9c   0x000000a4   Code   RO          421    .text.TIM_Base_SetConfig  py32f0xx_hal_tim.o
    0x08002d40   0x08002d40   0x00000032   Code   RO          445    .text.TIM_CCxChannelCmd  py32f0xx_hal_tim.o
    0x08002d72   0x08002d72   0x00000036   Code   RO          557    .text.TIM_ETR_SetConfig  py32f0xx_hal_tim.o
    0x08002da8   0x08002da8   0x0000011a   Code   RO          571    .text.TIM_SlaveTimer_SetConfig  py32f0xx_hal_tim.o
    0x08002ec2   0x08002ec2   0x00000050   Code   RO          561    .text.TIM_TI1_ConfigInputStage  py32f0xx_hal_tim.o
    0x08002f12   0x08002f12   0x00000002   PAD
    0x08002f14   0x08002f14   0x00000080   Code   RO          541    .text.TIM_TI1_SetConfig  py32f0xx_hal_tim.o
    0x08002f94   0x08002f94   0x00000054   Code   RO          565    .text.TIM_TI2_ConfigInputStage  py32f0xx_hal_tim.o
    0x08002fe8   0x08002fe8   0x0000006e   Code   RO          543    .text.TIM_TI2_SetConfig  py32f0xx_hal_tim.o
    0x08003056   0x08003056   0x0000006c   Code   RO          545    .text.TIM_TI3_SetConfig  py32f0xx_hal_tim.o
    0x080030c2   0x080030c2   0x00000070   Code   RO          547    .text.TIM_TI4_SetConfig  py32f0xx_hal_tim.o
    0x08003132   0x08003132   0x00000002   PAD
    0x08003134   0x08003134   0x0000002c   Code   RO          203    .text.__NVIC_EnableIRQ  py32f0xx_hal_cortex.o
    0x08003160   0x08003160   0x00000084   Code   RO          199    .text.__NVIC_SetPriority  py32f0xx_hal_cortex.o
    0x080031e4   0x080031e4   0x000000c4   Code   RO            4    .text.display_minimum  main.o
    0x080032a8   0x080032a8   0x00000094   Code   RO            2    .text.display_revolutions  main.o
    0x0800333c   0x0800333c   0x000000f0   Code   RO            6    .text.display_temperature  main.o
    0x0800342c   0x0800342c   0x000000ec   Code   RO            8    .text.display_voltage  main.o
    0x08003518   0x08003518   0x00000068   Code   RO           14    .text.gpioInit      main.o
    0x08003580   0x08003580   0x00000024   Code   RO           10    .text.main          main.o
    0x080035a4   0x080035a4   0x00000048   Code   RO           18    .text.timerDisplayInit  main.o
    0x080035ec   0x080035ec   0x000000bc   Code   RO           20    .text.timerMeasureInit  main.o
    0x080036a8   0x080036a8   0x00000000   Code   RO          726    x$fpl$usenofp       fz_ps.l(usenofp.o)
    0x080036a8   0x080036a8   0x00000080   Data   RO          713    .constdata          fz_ps.l(ddiv.o)
    0x08003728   0x08003728   0x00000014   Data   RO          391    .rodata..L__const.HAL_RCC_GetSysClockFreq.hsiValue  py32f0xx_hal_rcc.o
    0x0800373c   0x0800373c   0x00000040   Data   RO          690    .rodata.AHBPrescTable  system_py32f0xx.o
    0x0800377c   0x0800377c   0x00000240   Data   RO           79    .rodata.TachoFont   tachofont.o
    0x080039bc   0x080039bc   0x00000020   Data   RO          896    Region$$Table       anon$$obj.o


    Execution Region ER_RW (Exec base: 0x20000000, Load base: 0x080039dc, Size: 0x000000cc, Max: 0xffffffff, ABSOLUTE)

    Exec Addr    Load Addr    Size         Type   Attr      Idx    E Section Name        Object

    0x20000000   0x080039dc   0x000000c0   Data   RW          693    .ARM.__at_0x20000000  system_py32f0xx.o
    0x200000c0   0x08003a9c   0x00000004   Data   RW          689    .data.SystemCoreClock  system_py32f0xx.o
    0x200000c4   0x08003aa0   0x00000004   Data   RW          128    .data.uwTickFreq    py32f0xx_hal.o
    0x200000c8   0x08003aa4   0x00000004   Data   RW          127    .data.uwTickPrio    py32f0xx_hal.o


    Execution Region ER_ZI (Exec base: 0x200000d0, Load base: 0x08003aa8, Size: 0x00000500, Max: 0xffffffff, ABSOLUTE)

    Exec Addr    Load Addr    Size         Type   Attr      Idx    E Section Name        Object

    0x200000d0        -       0x00000060   Zero   RW          760    .bss                c_p.l(libspace.o)
    0x20000130        -       0x0000000c   Zero   RW           31    .bss.AdcChanConf    main.o
    0x2000013c        -       0x00000038   Zero   RW           30    .bss.AdcHandle      main.o
    0x20000174        -       0x00000002   Zero   RW           38    .bss.HAL_TIM_PeriodElapsedCallback.col  main.o
    0x20000176        -       0x00000001   Zero   RW           37    .bss.HAL_TIM_PeriodElapsedCallback.sym  main.o
    0x20000177   0x08003aa8   0x00000001   PAD
    0x20000178        -       0x00000004   Zero   RW           36    .bss.HAL_TIM_TriggerCallback.accumulator  main.o
    0x2000017c        -       0x00000002   Zero   RW           34    .bss.HAL_TIM_TriggerCallback.delay  main.o
    0x2000017e        -       0x00000002   Zero   RW           35    .bss.HAL_TIM_TriggerCallback.minimum  main.o
    0x20000180        -       0x0000000a   Zero   RW           29    .bss.buffer         main.o
    0x2000018a        -       0x00000001   Zero   RW           28    .bss.current_state  main.o
    0x2000018b   0x08003aa8   0x00000001   PAD
    0x2000018c        -       0x00000020   Zero   RW           33    .bss.tim16DisplayHandle  main.o
    0x200001ac        -       0x00000020   Zero   RW           32    .bss.tim1MeasureHandle  main.o
    0x200001cc        -       0x00000004   Zero   RW          129    .bss.uwTick         py32f0xx_hal.o
    0x200001d0        -       0x00000000   Zero   RW          674    HEAP                startup_py32f002ax5.o
    0x200001d0        -       0x00000400   Zero   RW          673    STACK               startup_py32f002ax5.o


==============================================================================

Image component sizes


      Code (inc. data)   RO Data    RW Data    ZI Data      Debug   Object Name

      2380        144          0          0        154       8753   main.o
       196          8          0          8          4       4893   py32f0xx_hal.o
      1962         40          0          0          0       9050   py32f0xx_hal_adc.o
       322         24          0          0          0       5103   py32f0xx_hal_cortex.o
       712         24          0          0          0       4329   py32f0xx_hal_gpio.o
       160         12          0          0          0       3354   py32f0xx_hal_msp.o
      1628         80         20          0          0       7136   py32f0xx_hal_rcc.o
      2776        112          0          0          0      23067   py32f0xx_hal_tim.o
        16          0          0          0          0       8990   py32f0xx_hal_tim_ex.o
        50          8          0          0          0        891   py32f0xx_it.o
        52         22        192          0       1024        672   startup_py32f002ax5.o
       128         24         64        196          0       2410   system_py32f0xx.o
         0          0        576          0          0        506   tachofont.o

    ----------------------------------------------------------------------
     10400        498        884        204       1184      79154   Object Totals
         0          0         32          0          0          0   (incl. Generated)
        18          0          0          0          2          0   (incl. Padding)

    ----------------------------------------------------------------------

      Code (inc. data)   RO Data    RW Data    ZI Data      Debug   Library Member Name

         8          0          0          0          0         68   __main.o
         0          0          0          0          0          0   __rtentry.o
        12          0          0          0          0          0   __rtentry2.o
         6          0          0          0          0          0   __rtentry4.o
        86         10          0          0          0          0   __scatter.o
        26          0          0          0          0          0   __scatter_copy.o
        28          0          0          0          0          0   __scatter_zi.o
       364          4          0          0          0         92   aeabi_sdiv.o
        16          0          0          0          0         68   exit.o
         6          0          0          0          0        136   heapauxi.o
         0          0          0          0          0          0   indicate_semi.o
         2          0          0          0          0          0   libinit.o
         2          0          0          0          0          0   libinit2.o
         2          0          0          0          0          0   libshutdown.o
         2          0          0          0          0          0   libshutdown2.o
         8          4          0          0         96         68   libspace.o
         2          0          0          0          0          0   rtexit.o
        10          0          0          0          0          0   rtexit2.o
        12          4          0          0          0         60   sys_exit.o
        62          0          0          0          0         80   sys_stackheap_outer.o
         2          0          0          0          0         68   use_no_semi.o
       856         20          0          0          0        208   daddsub.o
      1096         26        128          0          0        112   ddiv.o
       108         10          0          0          0         72   dfixi.o
        88          0          0          0          0         92   dflti.o
       584         26          0          0          0         84   dmul.o
         0          0          0          0          0          0   usenofp.o

    ----------------------------------------------------------------------
      3400        104        128          0         96       1208   Library Totals
        12          0          0          0          0          0   (incl. Padding)

    ----------------------------------------------------------------------

      Code (inc. data)   RO Data    RW Data    ZI Data      Debug   Library Name

       656         22          0          0         96        640   c_p.l
      2732         82        128          0          0        568   fz_ps.l

    ----------------------------------------------------------------------
      3400        104        128          0         96       1208   Library Totals

    ----------------------------------------------------------------------

==============================================================================


      Code (inc. data)   RO Data    RW Data    ZI Data      Debug   

     13800        602       1012        204       1280      79866   Grand Totals
     13800        602       1012        204       1280      79866   ELF Image Totals
     13800        602       1012        204          0          0   ROM Totals

==============================================================================

    Total RO  Size (Code + RO Data)                14812 (  14.46kB)
    Total RW  Size (RW Data + ZI Data)              1484 (   1.45kB)
    Total ROM Size (Code + RO Data + RW Data)      15016 (  14.66kB)

==============================================================================

